203.130.9.82 - - [15/May/2024:05:01:47 +0000] "GET /erp/fee_management/fee_posting/set_posting_date HTTP/1.1" 200 15235 "http://149.28.137.234:8888/erp/fee_management/fee_posting/set_posting_date" "Mozilla/5.0 (Windows NT 10.0; Win64; x64) AppleWebKit/537.36 (KHTML, like Gecko) Chrome/124.0.0.0 Safari/537.36"
203.130.9.82 - - [15/May/2024:05:01:57 +0000] "GET /erp/fee_management/fee_posting/fee_posting_form HTTP/1.1" 200 15049 "http://149.28.137.234:8888/erp/fee_management/fee_posting/set_posting_date" "Mozilla/5.0 (Windows NT 10.0; Win64; x64) AppleWebKit/537.36 (KHTML, like Gecko) Chrome/124.0.0.0 Safari/537.36"
203.130.9.82 - - [15/May/2024:05:02:10 +0000] "POST /erp/fee_management/fee_posting/fee_posting_form/list HTTP/1.1" 200 15427 "http://149.28.137.234:8888/erp/fee_management/fee_posting/fee_posting_form" "Mozilla/5.0 (Windows NT 10.0; Win64; x64) AppleWebKit/537.36 (KHTML, like Gecko) Chrome/124.0.0.0 Safari/537.36"
203.130.9.82 - - [15/May/2024:05:02:17 +0000] "GET /erp/fee_management/fee_posting/fee_posting_form/add/153724 HTTP/1.1" 200 18223 "http://149.28.137.234:8888/erp/fee_management/fee_posting/fee_posting_form/list" "Mozilla/5.0 (Windows NT 10.0; Win64; x64) AppleWebKit/537.36 (KHTML, like Gecko) Chrome/124.0.0.0 Safari/537.36"
203.130.9.82 - - [15/May/2024:05:02:30 +0000] "POST /erp/fee_management/fee_posting/fee_posting_form/add/153724/ HTTP/1.1" 303 431 "http://149.28.137.234:8888/erp/fee_management/fee_posting/fee_posting_form/add/153724" "Mozilla/5.0 (Windows NT 10.0; Win64; x64) AppleWebKit/537.36 (KHTML, like Gecko) Chrome/124.0.0.0 Safari/537.36"
203.130.9.82 - - [15/May/2024:05:02:31 +0000] "GET /erp/fee_management/fee_posting/fee_posting_form HTTP/1.1" 200 15104 "http://149.28.137.234:8888/erp/fee_management/fee_posting/fee_posting_form/add/153724" "Mozilla/5.0 (Windows NT 10.0; Win64; x64) AppleWebKit/537.36 (KHTML, like Gecko) Chrome/124.0.0.0 Safari/537.36"
39.48.140.160 - - [15/May/2024:05:02:53 +0000] "GET /erp/fee_management/fee_posting/fee_posting_form/add/154863 HTTP/1.1" 200 17859 "http://149.28.137.234:8888/erp/fee_management/fee_posting/fee_posting_form/list" "Mozilla/5.0 (Windows NT 10.0; Win64; x64) AppleWebKit/537.36 (KHTML, like Gecko) Chrome/109.0.0.0 Safari/537.36"
203.130.9.82 - - [15/May/2024:05:02:55 +0000] "GET /erp/fee_management/fee_posting/set_posting_date HTTP/1.1" 200 15181 "http://149.28.137.234:8888/erp/fee_management/fee_posting/fee_posting_form" "Mozilla/5.0 (Windows NT 10.0; Win64; x64) AppleWebKit/537.36 (KHTML, like Gecko) Chrome/124.0.0.0 Safari/537.36"
39.48.140.160 - - [15/May/2024:05:03:01 +0000] "POST /erp/fee_management/fee_posting/fee_posting_form/add/154863/ HTTP/1.1" 303 431 "http://149.28.137.234:8888/erp/fee_management/fee_posting/fee_posting_form/add/154863" "Mozilla/5.0 (Windows NT 10.0; Win64; x64) AppleWebKit/537.36 (KHTML, like Gecko) Chrome/109.0.0.0 Safari/537.36"
39.48.140.160 - - [15/May/2024:05:03:01 +0000] "GET /erp/fee_management/fee_posting/fee_posting_form HTTP/1.1" 200 15468 "http://149.28.137.234:8888/erp/fee_management/fee_posting/fee_posting_form/add/154863" "Mozilla/5.0 (Windows NT 10.0; Win64; x64) AppleWebKit/537.36 (KHTML, like Gecko) Chrome/109.0.0.0 Safari/537.36"
203.130.9.82 - - [15/May/2024:05:03:06 +0000] "POST /erp/fee_management/fee_posting/set_posting_date/add HTTP/1.1" 303 431 "http://149.28.137.234:8888/erp/fee_management/fee_posting/set_posting_date" "Mozilla/5.0 (Windows NT 10.0; Win64; x64) AppleWebKit/537.36 (KHTML, like Gecko) Chrome/124.0.0.0 Safari/537.36"
203.130.9.82 - - [15/May/2024:05:03:07 +0000] "GET /erp/fee_management/fee_posting/set_posting_date HTTP/1.1" 200 15235 "http://149.28.137.234:8888/erp/fee_management/fee_posting/set_posting_date" "Mozilla/5.0 (Windows NT 10.0; Win64; x64) AppleWebKit/537.36 (KHTML, like Gecko) Chrome/124.0.0.0 Safari/537.36"
39.35.202.58 - - [15/May/2024:05:03:10 +0000] "GET /erp/login HTTP/1.1" 200 3470 "-" "Mozilla/5.0 (Windows NT 10.0; Win64; x64) AppleWebKit/537.36 (KHTML, like Gecko) Chrome/109.0.0.0 Safari/537.36"
39.35.202.58 - - [15/May/2024:05:03:11 +0000] "GET /erp/assets/web_new/css/login.css?v=0.9.4 HTTP/1.1" 200 850 "http://149.28.137.234:8888/erp/login" "Mozilla/5.0 (Windows NT 10.0; Win64; x64) AppleWebKit/537.36 (KHTML, like Gecko) Chrome/109.0.0.0 Safari/537.36"
39.35.202.58 - - [15/May/2024:05:03:11 +0000] "GET /erp/assets/web_new/js/login.js?v=0.1 HTTP/1.1" 200 696 "http://149.28.137.234:8888/erp/login" "Mozilla/5.0 (Windows NT 10.0; Win64; x64) AppleWebKit/537.36 (KHTML, like Gecko) Chrome/109.0.0.0 Safari/537.36"
39.35.202.58 - - [15/May/2024:05:03:11 +0000] "GET /erp/assets/web_new/js/custom.js?v=0.1 HTTP/1.1" 200 19867 "http://149.28.137.234:8888/erp/login" "Mozilla/5.0 (Windows NT 10.0; Win64; x64) AppleWebKit/537.36 (KHTML, like Gecko) Chrome/109.0.0.0 Safari/537.36"
39.35.202.58 - - [15/May/2024:05:03:11 +0000] "GET /erp/assets/web_new/js/login.js?v=1.4 HTTP/1.1" 200 695 "http://149.28.137.234:8888/erp/login" "Mozilla/5.0 (Windows NT 10.0; Win64; x64) AppleWebKit/537.36 (KHTML, like Gecko) Chrome/109.0.0.0 Safari/537.36"
39.35.202.58 - - [15/May/2024:05:03:11 +0000] "GET /erp/assets/web_new/js/custom.js?v=1.4 HTTP/1.1" 200 19868 "http://149.28.137.234:8888/erp/login" "Mozilla/5.0 (Windows NT 10.0; Win64; x64) AppleWebKit/537.36 (KHTML, like Gecko) Chrome/109.0.0.0 Safari/537.36"
203.130.9.82 - - [15/May/2024:05:03:15 +0000] "GET /erp/fee_management/fee_posting/fee_posting_form HTTP/1.1" 200 15049 "http://149.28.137.234:8888/erp/fee_management/fee_posting/set_posting_date" "Mozilla/5.0 (Windows NT 10.0; Win64; x64) AppleWebKit/537.36 (KHTML, like Gecko) Chrome/124.0.0.0 Safari/537.36"
39.48.140.160 - - [15/May/2024:05:03:22 +0000] "POST /erp/student_management/active_student/active_student_list/get_data HTTP/1.1" 200 608 "http://149.28.137.234:8888/erp/fee_management/fee_posting/fee_posting_form" "Mozilla/5.0 (Windows NT 10.0; Win64; x64) AppleWebKit/537.36 (KHTML, like Gecko) Chrome/109.0.0.0 Safari/537.36"
203.130.9.82 - - [15/May/2024:05:03:23 +0000] "GET /erp/dashboard HTTP/1.1" 307 499 "-" "Mozilla/5.0 (Windows NT 10.0; Win64; x64) AppleWebKit/537.36 (KHTML, like Gecko) Chrome/125.0.0.0 Safari/537.36"
203.130.9.82 - - [15/May/2024:05:03:23 +0000] "GET /erp/login HTTP/1.1" 200 3372 "-" "Mozilla/5.0 (Windows NT 10.0; Win64; x64) AppleWebKit/537.36 (KHTML, like Gecko) Chrome/125.0.0.0 Safari/537.36"
203.130.9.82 - - [15/May/2024:05:03:24 +0000] "GET /erp/assets/web_new/js/custom.js?v=0.1 HTTP/1.1" 200 19867 "http://149.28.137.234:8888/erp/login" "Mozilla/5.0 (Windows NT 10.0; Win64; x64) AppleWebKit/537.36 (KHTML, like Gecko) Chrome/125.0.0.0 Safari/537.36"
203.130.9.82 - - [15/May/2024:05:03:24 +0000] "GET /erp/assets/web_new/js/custom.js?v=1.4 HTTP/1.1" 200 19868 "http://149.28.137.234:8888/erp/login" "Mozilla/5.0 (Windows NT 10.0; Win64; x64) AppleWebKit/537.36 (KHTML, like Gecko) Chrome/125.0.0.0 Safari/537.36"
203.130.9.82 - - [15/May/2024:05:03:26 +0000] "GET /erp/assets/web_new/img/approach.webp HTTP/1.1" 206 316 "http://149.28.137.234:8888/erp/login" "Mozilla/5.0 (Windows NT 10.0; Win64; x64) AppleWebKit/537.36 (KHTML, like Gecko) Chrome/125.0.0.0 Safari/537.36"
203.130.9.82 - - [15/May/2024:05:03:26 +0000] "GET /erp/assets/web_new/img/schools/12.PNG HTTP/1.1" 206 336 "http://149.28.137.234:8888/erp/login" "Mozilla/5.0 (Windows NT 10.0; Win64; x64) AppleWebKit/537.36 (KHTML, like Gecko) Chrome/125.0.0.0 Safari/537.36"
203.130.9.82 - - [15/May/2024:05:03:26 +0000] "GET /erp/assets/web_new/img/schools/13.PNG HTTP/1.1" 200 10383 "http://149.28.137.234:8888/erp/login" "Mozilla/5.0 (Windows NT 10.0; Win64; x64) AppleWebKit/537.36 (KHTML, like Gecko) Chrome/125.0.0.0 Safari/537.36"
203.130.9.82 - - [15/May/2024:05:03:26 +0000] "GET /erp/assets/web_new/img/schools/14.PNG HTTP/1.1" 200 7663 "http://149.28.137.234:8888/erp/login" "Mozilla/5.0 (Windows NT 10.0; Win64; x64) AppleWebKit/537.36 (KHTML, like Gecko) Chrome/125.0.0.0 Safari/537.36"
203.130.9.82 - - [15/May/2024:05:03:26 +0000] "GET /erp/assets/web_new/img/schools/15.PNG HTTP/1.1" 200 11163 "http://149.28.137.234:8888/erp/login" "Mozilla/5.0 (Windows NT 10.0; Win64; x64) AppleWebKit/537.36 (KHTML, like Gecko) Chrome/125.0.0.0 Safari/537.36"
203.130.9.82 - - [15/May/2024:05:03:26 +0000] "GET /erp/assets/web_new/img/schools/12.PNG HTTP/1.1" 206 10290 "http://149.28.137.234:8888/erp/login" "Mozilla/5.0 (Windows NT 10.0; Win64; x64) AppleWebKit/537.36 (KHTML, like Gecko) Chrome/125.0.0.0 Safari/537.36"
203.130.9.82 - - [15/May/2024:05:03:27 +0000] "GET /erp/assets/web_new/img/schools/16.PNG HTTP/1.1" 200 10303 "http://149.28.137.234:8888/erp/login" "Mozilla/5.0 (Windows NT 10.0; Win64; x64) AppleWebKit/537.36 (KHTML, like Gecko) Chrome/125.0.0.0 Safari/537.36"
203.130.9.82 - - [15/May/2024:05:03:27 +0000] "GET /erp/assets/web_new/img/schools/17.PNG HTTP/1.1" 200 5146 "http://149.28.137.234:8888/erp/login" "Mozilla/5.0 (Windows NT 10.0; Win64; x64) AppleWebKit/537.36 (KHTML, like Gecko) Chrome/125.0.0.0 Safari/537.36"
203.130.9.82 - - [15/May/2024:05:03:27 +0000] "GET /erp/assets/web_new/img/schools/18.PNG HTTP/1.1" 200 10838 "http://149.28.137.234:8888/erp/login" "Mozilla/5.0 (Windows NT 10.0; Win64; x64) AppleWebKit/537.36 (KHTML, like Gecko) Chrome/125.0.0.0 Safari/537.36"
203.130.9.82 - - [15/May/2024:05:03:26 +0000] "GET /erp/assets/web_new/img/approach.webp HTTP/1.1" 206 209768 "http://149.28.137.234:8888/erp/login" "Mozilla/5.0 (Windows NT 10.0; Win64; x64) AppleWebKit/537.36 (KHTML, like Gecko) Chrome/125.0.0.0 Safari/537.36"
203.130.9.82 - - [15/May/2024:05:03:28 +0000] "GET /erp/assets/web_new/img/schools/19.PNG HTTP/1.1" 200 21149 "http://149.28.137.234:8888/erp/login" "Mozilla/5.0 (Windows NT 10.0; Win64; x64) AppleWebKit/537.36 (KHTML, like Gecko) Chrome/125.0.0.0 Safari/537.36"
203.130.9.82 - - [15/May/2024:05:03:28 +0000] "POST /erp/fee_management/fee_posting/fee_posting_form/list HTTP/1.1" 200 15322 "http://149.28.137.234:8888/erp/fee_management/fee_posting/fee_posting_form" "Mozilla/5.0 (Windows NT 10.0; Win64; x64) AppleWebKit/537.36 (KHTML, like Gecko) Chrome/124.0.0.0 Safari/537.36"
203.130.9.82 - - [15/May/2024:05:03:28 +0000] "GET /erp/assets/web_new/img/schools/20.PNG HTTP/1.1" 200 9858 "http://149.28.137.234:8888/erp/login" "Mozilla/5.0 (Windows NT 10.0; Win64; x64) AppleWebKit/537.36 (KHTML, like Gecko) Chrome/125.0.0.0 Safari/537.36"
203.130.9.82 - - [15/May/2024:05:03:28 +0000] "GET /erp/assets/web_new/img/schools/21.PNG HTTP/1.1" 200 13557 "http://149.28.137.234:8888/erp/login" "Mozilla/5.0 (Windows NT 10.0; Win64; x64) AppleWebKit/537.36 (KHTML, like Gecko) Chrome/125.0.0.0 Safari/537.36"
39.48.140.160 - - [15/May/2024:05:03:29 +0000] "GET /erp/fee_management/fee_info/student_ledger_html/list?student_cid=11946 HTTP/1.1" 200 16044 "http://149.28.137.234:8888/erp/fee_management/fee_posting/fee_posting_form" "Mozilla/5.0 (Windows NT 10.0; Win64; x64) AppleWebKit/537.36 (KHTML, like Gecko) Chrome/109.0.0.0 Safari/537.36"
203.130.9.82 - - [15/May/2024:05:03:29 +0000] "POST /erp/login HTTP/1.1" 303 560 "http://149.28.137.234:8888/erp/login" "Mozilla/5.0 (Windows NT 10.0; Win64; x64) AppleWebKit/537.36 (KHTML, like Gecko) Chrome/125.0.0.0 Safari/537.36"
203.130.9.82 - - [15/May/2024:05:03:29 +0000] "GET /erp/assets/web_new/img/schools/22.PNG HTTP/1.1" 200 20020 "http://149.28.137.234:8888/erp/login" "Mozilla/5.0 (Windows NT 10.0; Win64; x64) AppleWebKit/537.36 (KHTML, like Gecko) Chrome/125.0.0.0 Safari/537.36"
203.130.9.82 - - [15/May/2024:05:03:29 +0000] "GET /erp/assets/web_new/img/schools/23.PNG HTTP/1.1" 200 8156 "http://149.28.137.234:8888/erp/login" "Mozilla/5.0 (Windows NT 10.0; Win64; x64) AppleWebKit/537.36 (KHTML, like Gecko) Chrome/125.0.0.0 Safari/537.36"
203.130.9.82 - - [15/May/2024:05:03:29 +0000] "GET /erp/assets/web_new/img/schools/24.PNG HTTP/1.1" 200 9762 "http://149.28.137.234:8888/erp/login" "Mozilla/5.0 (Windows NT 10.0; Win64; x64) AppleWebKit/537.36 (KHTML, like Gecko) Chrome/125.0.0.0 Safari/537.36"
203.130.9.82 - - [15/May/2024:05:03:30 +0000] "GET /erp/assets/web_new/img/schools/25.PNG HTTP/1.1" 200 14852 "http://149.28.137.234:8888/erp/login" "Mozilla/5.0 (Windows NT 10.0; Win64; x64) AppleWebKit/537.36 (KHTML, like Gecko) Chrome/125.0.0.0 Safari/537.36"
203.130.9.82 - - [15/May/2024:05:03:30 +0000] "GET /erp/dashboard HTTP/1.1" 200 15358 "http://149.28.137.234:8888/erp/login" "Mozilla/5.0 (Windows NT 10.0; Win64; x64) AppleWebKit/537.36 (KHTML, like Gecko) Chrome/125.0.0.0 Safari/537.36"
203.130.9.82 - - [15/May/2024:05:03:30 +0000] "GET /erp/assets/web_new/img/schools/26.PNG HTTP/1.1" 200 21765 "http://149.28.137.234:8888/erp/login" "Mozilla/5.0 (Windows NT 10.0; Win64; x64) AppleWebKit/537.36 (KHTML, like Gecko) Chrome/125.0.0.0 Safari/537.36"
203.130.9.82 - - [15/May/2024:05:03:30 +0000] "GET /erp/assets/web_new/img/schools/27.PNG HTTP/1.1" 200 11105 "http://149.28.137.234:8888/erp/login" "Mozilla/5.0 (Windows NT 10.0; Win64; x64) AppleWebKit/537.36 (KHTML, like Gecko) Chrome/125.0.0.0 Safari/537.36"
203.130.9.82 - - [15/May/2024:05:03:30 +0000] "GET /erp/assets/web_new/img/schools/28.PNG HTTP/1.1" 200 20964 "http://149.28.137.234:8888/erp/login" "Mozilla/5.0 (Windows NT 10.0; Win64; x64) AppleWebKit/537.36 (KHTML, like Gecko) Chrome/125.0.0.0 Safari/537.36"
203.130.9.82 - - [15/May/2024:05:03:30 +0000] "GET /erp/assets/web_new/img/schools/29.PNG HTTP/1.1" 200 15679 "http://149.28.137.234:8888/erp/login" "Mozilla/5.0 (Windows NT 10.0; Win64; x64) AppleWebKit/537.36 (KHTML, like Gecko) Chrome/125.0.0.0 Safari/537.36"
203.130.9.82 - - [15/May/2024:05:03:30 +0000] "GET /erp/assets/web_new/img/schools/30.PNG HTTP/1.1" 200 20619 "http://149.28.137.234:8888/erp/login" "Mozilla/5.0 (Windows NT 10.0; Win64; x64) AppleWebKit/537.36 (KHTML, like Gecko) Chrome/125.0.0.0 Safari/537.36"
203.130.9.82 - - [15/May/2024:05:03:32 +0000] "GET /erp/assets/web_new/css/select2.min.css HTTP/1.1" 200 2496 "http://149.28.137.234:8888/erp/dashboard" "Mozilla/5.0 (Windows NT 10.0; Win64; x64) AppleWebKit/537.36 (KHTML, like Gecko) Chrome/125.0.0.0 Safari/537.36"
203.130.9.82 - - [15/May/2024:05:03:32 +0000] "GET /erp/assets/web_new/js/chart.js HTTP/1.1" 200 74917 "http://149.28.137.234:8888/erp/dashboard" "Mozilla/5.0 (Windows NT 10.0; Win64; x64) AppleWebKit/537.36 (KHTML, like Gecko) Chrome/125.0.0.0 Safari/537.36"
203.130.9.82 - - [15/May/2024:05:03:32 +0000] "GET /erp/assets/web_new/js/select2.min.js HTTP/1.1" 200 20371 "http://149.28.137.234:8888/erp/dashboard" "Mozilla/5.0 (Windows NT 10.0; Win64; x64) AppleWebKit/537.36 (KHTML, like Gecko) Chrome/125.0.0.0 Safari/537.36"
127.0.0.1 - - [15/May/2024:05:03:39 +0000] "OPTIONS * HTTP/1.0" 200 126 "-" "Apache/2.4.56 (Debian) PHP/8.1.0 (internal dummy connection)"
203.130.9.82 - - [15/May/2024:05:03:39 +0000] "GET /erp/fee_management/fee_posting/fee_posting_form/add/153031 HTTP/1.1" 200 17391 "http://149.28.137.234:8888/erp/fee_management/fee_posting/fee_posting_form/list" "Mozilla/5.0 (Windows NT 10.0; Win64; x64) AppleWebKit/537.36 (KHTML, like Gecko) Chrome/124.0.0.0 Safari/537.36"
127.0.0.1 - - [15/May/2024:05:03:40 +0000] "OPTIONS * HTTP/1.0" 200 126 "-" "Apache/2.4.56 (Debian) PHP/8.1.0 (internal dummy connection)"
203.130.9.82 - - [15/May/2024:05:03:56 +0000] "GET /erp/general_reports/front_desk_reports/registration_detail_report HTTP/1.1" 200 15667 "http://149.28.137.234:8888/erp/dashboard" "Mozilla/5.0 (Windows NT 10.0; Win64; x64) AppleWebKit/537.36 (KHTML, like Gecko) Chrome/125.0.0.0 Safari/537.36"
203.130.9.82 - - [15/May/2024:05:03:57 +0000] "GET /erp/assets/web_new/css/jquery.timepicker.min.css HTTP/1.1" 200 808 "http://149.28.137.234:8888/erp/general_reports/front_desk_reports/registration_detail_report" "Mozilla/5.0 (Windows NT 10.0; Win64; x64) AppleWebKit/537.36 (KHTML, like Gecko) Chrome/125.0.0.0 Safari/537.36"
203.130.9.82 - - [15/May/2024:05:03:57 +0000] "GET /erp/assets/web_new/css/daterangepicker.css HTTP/1.1" 200 1944 "http://149.28.137.234:8888/erp/general_reports/front_desk_reports/registration_detail_report" "Mozilla/5.0 (Windows NT 10.0; Win64; x64) AppleWebKit/537.36 (KHTML, like Gecko) Chrome/125.0.0.0 Safari/537.36"
203.130.9.82 - - [15/May/2024:05:03:57 +0000] "GET /erp/assets/web_new/js/daterangepicker.min.js HTTP/1.1" 200 7921 "http://149.28.137.234:8888/erp/general_reports/front_desk_reports/registration_detail_report" "Mozilla/5.0 (Windows NT 10.0; Win64; x64) AppleWebKit/537.36 (KHTML, like Gecko) Chrome/125.0.0.0 Safari/537.36"
203.130.9.82 - - [15/May/2024:05:03:57 +0000] "GET /erp/assets/web_new/js/jquery.timepicker.min.js HTTP/1.1" 200 4359 "http://149.28.137.234:8888/erp/general_reports/front_desk_reports/registration_detail_report" "Mozilla/5.0 (Windows NT 10.0; Win64; x64) AppleWebKit/537.36 (KHTML, like Gecko) Chrome/125.0.0.0 Safari/537.36"
203.130.9.82 - - [15/May/2024:05:04:01 +0000] "POST /erp/fee_management/fee_posting/fee_posting_form/add/153031/ HTTP/1.1" 303 431 "http://149.28.137.234:8888/erp/fee_management/fee_posting/fee_posting_form/add/153031" "Mozilla/5.0 (Windows NT 10.0; Win64; x64) AppleWebKit/537.36 (KHTML, like Gecko) Chrome/124.0.0.0 Safari/537.36"
203.130.9.82 - - [15/May/2024:05:04:02 +0000] "GET /erp/fee_management/fee_posting/fee_posting_form HTTP/1.1" 200 15104 "http://149.28.137.234:8888/erp/fee_management/fee_posting/fee_posting_form/add/153031" "Mozilla/5.0 (Windows NT 10.0; Win64; x64) AppleWebKit/537.36 (KHTML, like Gecko) Chrome/124.0.0.0 Safari/537.36"
39.35.202.58 - - [15/May/2024:05:04:02 +0000] "-" 408 0 "-" "-"
39.35.202.58 - - [15/May/2024:05:04:02 +0000] "-" 408 0 "-" "-"
127.0.0.1 - - [15/May/2024:05:04:05 +0000] "OPTIONS * HTTP/1.0" 200 126 "-" "Apache/2.4.56 (Debian) PHP/8.1.0 (internal dummy connection)"
127.0.0.1 - - [15/May/2024:05:04:06 +0000] "OPTIONS * HTTP/1.0" 200 126 "-" "Apache/2.4.56 (Debian) PHP/8.1.0 (internal dummy connection)"
127.0.0.1 - - [15/May/2024:05:04:09 +0000] "OPTIONS * HTTP/1.0" 200 126 "-" "Apache/2.4.56 (Debian) PHP/8.1.0 (internal dummy connection)"
39.48.140.160 - - [15/May/2024:05:04:20 +0000] "-" 408 0 "-" "-"
203.130.9.82 - - [15/May/2024:05:04:20 +0000] "GET /erp/fee_management/fee_posting/set_posting_date HTTP/1.1" 200 15181 "http://149.28.137.234:8888/erp/fee_management/fee_posting/fee_posting_form" "Mozilla/5.0 (Windows NT 10.0; Win64; x64) AppleWebKit/537.36 (KHTML, like Gecko) Chrome/124.0.0.0 Safari/537.36"
39.48.140.160 - - [15/May/2024:05:04:22 +0000] "POST /erp/fee_management/fee_posting/fee_posting_form/list HTTP/1.1" 200 15711 "http://149.28.137.234:8888/erp/fee_management/fee_posting/fee_posting_form" "Mozilla/5.0 (Windows NT 10.0; Win64; x64) AppleWebKit/537.36 (KHTML, like Gecko) Chrome/109.0.0.0 Safari/537.36"
39.48.140.160 - - [15/May/2024:05:04:28 +0000] "GET /erp/fee_management/fee_posting/fee_posting_form/add/155905 HTTP/1.1" 200 17775 "http://149.28.137.234:8888/erp/fee_management/fee_posting/fee_posting_form/list" "Mozilla/5.0 (Windows NT 10.0; Win64; x64) AppleWebKit/537.36 (KHTML, like Gecko) Chrome/109.0.0.0 Safari/537.36"
203.130.9.82 - - [15/May/2024:05:04:34 +0000] "POST /erp/fee_management/fee_posting/set_posting_date/add HTTP/1.1" 303 431 "http://149.28.137.234:8888/erp/fee_management/fee_posting/set_posting_date" "Mozilla/5.0 (Windows NT 10.0; Win64; x64) AppleWebKit/537.36 (KHTML, like Gecko) Chrome/124.0.0.0 Safari/537.36"
39.48.140.160 - - [15/May/2024:05:04:34 +0000] "POST /erp/fee_management/fee_posting/fee_posting_form/add/155905/ HTTP/1.1" 303 431 "http://149.28.137.234:8888/erp/fee_management/fee_posting/fee_posting_form/add/155905" "Mozilla/5.0 (Windows NT 10.0; Win64; x64) AppleWebKit/537.36 (KHTML, like Gecko) Chrome/109.0.0.0 Safari/537.36"
39.48.140.160 - - [15/May/2024:05:04:34 +0000] "GET /erp/fee_management/fee_posting/fee_posting_form HTTP/1.1" 200 15468 "http://149.28.137.234:8888/erp/fee_management/fee_posting/fee_posting_form/add/155905" "Mozilla/5.0 (Windows NT 10.0; Win64; x64) AppleWebKit/537.36 (KHTML, like Gecko) Chrome/109.0.0.0 Safari/537.36"
203.130.9.82 - - [15/May/2024:05:04:35 +0000] "GET /erp/fee_management/fee_posting/set_posting_date HTTP/1.1" 200 15235 "http://149.28.137.234:8888/erp/fee_management/fee_posting/set_posting_date" "Mozilla/5.0 (Windows NT 10.0; Win64; x64) AppleWebKit/537.36 (KHTML, like Gecko) Chrome/124.0.0.0 Safari/537.36"
39.48.140.160 - - [15/May/2024:05:04:41 +0000] "POST /erp/fee_management/fee_posting/fee_posting_form/list HTTP/1.1" 200 15695 "http://149.28.137.234:8888/erp/fee_management/fee_posting/fee_posting_form" "Mozilla/5.0 (Windows NT 10.0; Win64; x64) AppleWebKit/537.36 (KHTML, like Gecko) Chrome/109.0.0.0 Safari/537.36"
203.130.9.82 - - [15/May/2024:05:04:43 +0000] "GET /erp/fee_management/fee_posting/fee_posting_form HTTP/1.1" 200 15049 "http://149.28.137.234:8888/erp/fee_management/fee_posting/set_posting_date" "Mozilla/5.0 (Windows NT 10.0; Win64; x64) AppleWebKit/537.36 (KHTML, like Gecko) Chrome/124.0.0.0 Safari/537.36"
39.48.140.160 - - [15/May/2024:05:04:46 +0000] "GET /erp/fee_management/fee_posting/fee_posting_form/add/145793 HTTP/1.1" 200 17763 "http://149.28.137.234:8888/erp/fee_management/fee_posting/fee_posting_form/list" "Mozilla/5.0 (Windows NT 10.0; Win64; x64) AppleWebKit/537.36 (KHTML, like Gecko) Chrome/109.0.0.0 Safari/537.36"
203.130.9.82 - - [15/May/2024:05:04:48 +0000] "-" 408 0 "-" "-"
39.48.140.160 - - [15/May/2024:05:04:52 +0000] "POST /erp/fee_management/fee_posting/fee_posting_form/add/145793/ HTTP/1.1" 303 431 "http://149.28.137.234:8888/erp/fee_management/fee_posting/fee_posting_form/add/145793" "Mozilla/5.0 (Windows NT 10.0; Win64; x64) AppleWebKit/537.36 (KHTML, like Gecko) Chrome/109.0.0.0 Safari/537.36"
39.48.140.160 - - [15/May/2024:05:04:52 +0000] "GET /erp/fee_management/fee_posting/fee_posting_form HTTP/1.1" 200 15468 "http://149.28.137.234:8888/erp/fee_management/fee_posting/fee_posting_form/add/145793" "Mozilla/5.0 (Windows NT 10.0; Win64; x64) AppleWebKit/537.36 (KHTML, like Gecko) Chrome/109.0.0.0 Safari/537.36"
203.130.9.82 - - [15/May/2024:05:04:59 +0000] "POST /erp/fee_management/fee_posting/fee_posting_form/list HTTP/1.1" 303 431 "http://149.28.137.234:8888/erp/fee_management/fee_posting/fee_posting_form" "Mozilla/5.0 (Windows NT 10.0; Win64; x64) AppleWebKit/537.36 (KHTML, like Gecko) Chrome/124.0.0.0 Safari/537.36"
39.48.140.160 - - [15/May/2024:05:04:59 +0000] "POST /erp/fee_management/fee_posting/fee_posting_form/list HTTP/1.1" 200 15683 "http://149.28.137.234:8888/erp/fee_management/fee_posting/fee_posting_form" "Mozilla/5.0 (Windows NT 10.0; Win64; x64) AppleWebKit/537.36 (KHTML, like Gecko) Chrome/109.0.0.0 Safari/537.36"
203.130.9.82 - - [15/May/2024:05:04:59 +0000] "GET /erp/fee_management/fee_posting/fee_posting_form HTTP/1.1" 200 15115 "http://149.28.137.234:8888/erp/fee_management/fee_posting/fee_posting_form" "Mozilla/5.0 (Windows NT 10.0; Win64; x64) AppleWebKit/537.36 (KHTML, like Gecko) Chrome/124.0.0.0 Safari/537.36"
39.48.140.160 - - [15/May/2024:05:05:04 +0000] "GET /erp/fee_management/fee_posting/fee_posting_form/add/152249 HTTP/1.1" 200 17754 "http://149.28.137.234:8888/erp/fee_management/fee_posting/fee_posting_form/list" "Mozilla/5.0 (Windows NT 10.0; Win64; x64) AppleWebKit/537.36 (KHTML, like Gecko) Chrome/109.0.0.0 Safari/537.36"
203.130.9.82 - - [15/May/2024:05:05:10 +0000] "POST /erp/student_management/active_student/active_student_list/get_data HTTP/1.1" 200 610 "http://149.28.137.234:8888/erp/fee_management/fee_posting/fee_posting_form" "Mozilla/5.0 (Windows NT 10.0; Win64; x64) AppleWebKit/537.36 (KHTML, like Gecko) Chrome/124.0.0.0 Safari/537.36"
39.48.140.160 - - [15/May/2024:05:05:11 +0000] "POST /erp/fee_management/fee_posting/fee_posting_form/add/152249/ HTTP/1.1" 303 431 "http://149.28.137.234:8888/erp/fee_management/fee_posting/fee_posting_form/add/152249" "Mozilla/5.0 (Windows NT 10.0; Win64; x64) AppleWebKit/537.36 (KHTML, like Gecko) Chrome/109.0.0.0 Safari/537.36"
39.48.140.160 - - [15/May/2024:05:05:11 +0000] "GET /erp/fee_management/fee_posting/fee_posting_form HTTP/1.1" 200 15468 "http://149.28.137.234:8888/erp/fee_management/fee_posting/fee_posting_form/add/152249" "Mozilla/5.0 (Windows NT 10.0; Win64; x64) AppleWebKit/537.36 (KHTML, like Gecko) Chrome/109.0.0.0 Safari/537.36"
203.130.9.82 - - [15/May/2024:05:05:12 +0000] "GET /erp/fee_management/fee_info/student_ledger_html/list?student_cid=15583 HTTP/1.1" 200 15994 "http://149.28.137.234:8888/erp/fee_management/fee_posting/fee_posting_form" "Mozilla/5.0 (Windows NT 10.0; Win64; x64) AppleWebKit/537.36 (KHTML, like Gecko) Chrome/124.0.0.0 Safari/537.36"
127.0.0.1 - - [15/May/2024:05:05:19 +0000] "OPTIONS * HTTP/1.0" 200 126 "-" "Apache/2.4.56 (Debian) PHP/8.1.0 (internal dummy connection)"
203.130.9.82 - - [15/May/2024:05:05:32 +0000] "POST /erp/general_reports/front_desk_reports/registration_detail_report HTTP/1.1" 200 9193 "http://149.28.137.234:8888/erp/general_reports/front_desk_reports/registration_detail_report" "Mozilla/5.0 (Windows NT 10.0; Win64; x64) AppleWebKit/537.36 (KHTML, like Gecko) Chrome/125.0.0.0 Safari/537.36"
203.130.9.82 - - [15/May/2024:05:05:49 +0000] "POST /erp/student_management/active_student/active_student_list/get_data HTTP/1.1" 200 608 "http://149.28.137.234:8888/erp/fee_management/fee_posting/fee_posting_form" "Mozilla/5.0 (Windows NT 10.0; Win64; x64) AppleWebKit/537.36 (KHTML, like Gecko) Chrome/124.0.0.0 Safari/537.36"
39.48.140.160 - - [15/May/2024:05:05:51 +0000] "POST /erp/student_management/active_student/active_student_list/get_list_ajax HTTP/1.1" 200 77375 "http://149.28.137.234:8888/erp/student_management/active_student/active_student_list" "Mozilla/5.0 (Windows NT 10.0; Win64; x64) AppleWebKit/537.36 (KHTML, like Gecko) Chrome/109.0.0.0 Safari/537.36"
39.48.140.160 - - [15/May/2024:05:05:51 +0000] "POST /erp/student_management/active_student/active_student_list/get_list_ajax HTTP/1.1" 200 53172 "http://149.28.137.234:8888/erp/student_management/active_student/active_student_list" "Mozilla/5.0 (Windows NT 10.0; Win64; x64) AppleWebKit/537.36 (KHTML, like Gecko) Chrome/109.0.0.0 Safari/537.36"
39.48.140.160 - - [15/May/2024:05:05:51 +0000] "POST /erp/student_management/active_student/active_student_list/get_list_ajax HTTP/1.1" 200 2791 "http://149.28.137.234:8888/erp/student_management/active_student/active_student_list" "Mozilla/5.0 (Windows NT 10.0; Win64; x64) AppleWebKit/537.36 (KHTML, like Gecko) Chrome/109.0.0.0 Safari/537.36"
39.48.140.160 - - [15/May/2024:05:05:52 +0000] "POST /erp/student_management/active_student/active_student_list/get_list_ajax HTTP/1.1" 200 866 "http://149.28.137.234:8888/erp/student_management/active_student/active_student_list" "Mozilla/5.0 (Windows NT 10.0; Win64; x64) AppleWebKit/537.36 (KHTML, like Gecko) Chrome/109.0.0.0 Safari/537.36"
39.48.140.160 - - [15/May/2024:05:05:52 +0000] "POST /erp/student_management/active_student/active_student_list/get_list_ajax HTTP/1.1" 200 736 "http://149.28.137.234:8888/erp/student_management/active_student/active_student_list" "Mozilla/5.0 (Windows NT 10.0; Win64; x64) AppleWebKit/537.36 (KHTML, like Gecko) Chrome/109.0.0.0 Safari/537.36"
39.48.140.160 - - [15/May/2024:05:05:53 +0000] "POST /erp/student_management/active_student/active_student_list/get_list_ajax HTTP/1.1" 200 736 "http://149.28.137.234:8888/erp/student_management/active_student/active_student_list" "Mozilla/5.0 (Windows NT 10.0; Win64; x64) AppleWebKit/537.36 (KHTML, like Gecko) Chrome/109.0.0.0 Safari/537.36"
39.48.140.160 - - [15/May/2024:05:05:53 +0000] "POST /erp/student_management/active_student/active_student_list/get_list_ajax HTTP/1.1" 200 737 "http://149.28.137.234:8888/erp/student_management/active_student/active_student_list" "Mozilla/5.0 (Windows NT 10.0; Win64; x64) AppleWebKit/537.36 (KHTML, like Gecko) Chrome/109.0.0.0 Safari/537.36"
203.130.9.82 - - [15/May/2024:05:05:58 +0000] "POST /erp/student_management/active_student/active_student_list/get_data HTTP/1.1" 200 608 "http://149.28.137.234:8888/erp/fee_management/fee_posting/fee_posting_form" "Mozilla/5.0 (Windows NT 10.0; Win64; x64) AppleWebKit/537.36 (KHTML, like Gecko) Chrome/124.0.0.0 Safari/537.36"
203.130.9.82 - - [15/May/2024:05:06:01 +0000] "GET /erp/fee_management/fee_info/student_ledger_html/list?student_cid=15521 HTTP/1.1" 200 15644 "http://149.28.137.234:8888/erp/fee_management/fee_posting/fee_posting_form" "Mozilla/5.0 (Windows NT 10.0; Win64; x64) AppleWebKit/537.36 (KHTML, like Gecko) Chrome/124.0.0.0 Safari/537.36"
39.48.140.160 - - [15/May/2024:05:06:03 +0000] "-" 408 0 "-" "-"
203.130.9.82 - - [15/May/2024:05:06:23 +0000] "-" 408 0 "-" "-"
203.130.9.82 - - [15/May/2024:05:06:23 +0000] "-" 408 0 "-" "-"
203.130.9.82 - - [15/May/2024:05:09:46 +0000] "GET /erp/fee_management/fee_info/student_ledger_html/list?student_cid=15521 HTTP/1.1" 200 15742 "http://149.28.137.234:8888/erp/fee_management/fee_posting/fee_posting_form" "Mozilla/5.0 (Windows NT 10.0; Win64; x64) AppleWebKit/537.36 (KHTML, like Gecko) Chrome/124.0.0.0 Safari/537.36"
203.130.9.82 - - [15/May/2024:05:10:05 +0000] "GET /erp/fee_management/fee_posting/set_posting_date HTTP/1.1" 200 15181 "http://149.28.137.234:8888/erp/fee_management/fee_posting/fee_posting_form" "Mozilla/5.0 (Windows NT 10.0; Win64; x64) AppleWebKit/537.36 (KHTML, like Gecko) Chrome/124.0.0.0 Safari/537.36"
203.130.9.82 - - [15/May/2024:05:10:15 +0000] "POST /erp/fee_management/fee_posting/set_posting_date/add HTTP/1.1" 303 431 "http://149.28.137.234:8888/erp/fee_management/fee_posting/set_posting_date" "Mozilla/5.0 (Windows NT 10.0; Win64; x64) AppleWebKit/537.36 (KHTML, like Gecko) Chrome/124.0.0.0 Safari/537.36"
203.130.9.82 - - [15/May/2024:05:10:15 +0000] "POST /erp/fee_management/fee_posting/set_posting_date/add HTTP/1.1" 303 431 "http://149.28.137.234:8888/erp/fee_management/fee_posting/set_posting_date" "Mozilla/5.0 (Windows NT 10.0; Win64; x64) AppleWebKit/537.36 (KHTML, like Gecko) Chrome/124.0.0.0 Safari/537.36"
203.130.9.82 - - [15/May/2024:05:10:16 +0000] "GET /erp/fee_management/fee_posting/set_posting_date HTTP/1.1" 200 15235 "http://149.28.137.234:8888/erp/fee_management/fee_posting/set_posting_date" "Mozilla/5.0 (Windows NT 10.0; Win64; x64) AppleWebKit/537.36 (KHTML, like Gecko) Chrome/124.0.0.0 Safari/537.36"
203.130.9.82 - - [15/May/2024:05:10:23 +0000] "GET /erp/fee_management/fee_posting/fee_posting_form HTTP/1.1" 200 15049 "http://149.28.137.234:8888/erp/fee_management/fee_posting/set_posting_date" "Mozilla/5.0 (Windows NT 10.0; Win64; x64) AppleWebKit/537.36 (KHTML, like Gecko) Chrome/124.0.0.0 Safari/537.36"
203.130.9.82 - - [15/May/2024:05:10:48 +0000] "POST /erp/fee_management/fee_posting/fee_posting_form/list HTTP/1.1" 200 15331 "http://149.28.137.234:8888/erp/fee_management/fee_posting/fee_posting_form" "Mozilla/5.0 (Windows NT 10.0; Win64; x64) AppleWebKit/537.36 (KHTML, like Gecko) Chrome/124.0.0.0 Safari/537.36"
203.130.9.82 - - [15/May/2024:05:11:07 +0000] "GET /erp/fee_management/fee_posting/fee_posting_form/add/153176 HTTP/1.1" 200 18204 "http://149.28.137.234:8888/erp/fee_management/fee_posting/fee_posting_form/list" "Mozilla/5.0 (Windows NT 10.0; Win64; x64) AppleWebKit/537.36 (KHTML, like Gecko) Chrome/124.0.0.0 Safari/537.36"
39.48.140.160 - - [15/May/2024:05:11:56 +0000] "GET /erp/login HTTP/1.1" 307 503 "-" "Mozilla/5.0 (Windows NT 10.0; Win64; x64) AppleWebKit/537.36 (KHTML, like Gecko) Chrome/109.0.0.0 Safari/537.36"
39.48.140.160 - - [15/May/2024:05:11:56 +0000] "GET /erp/dashboard HTTP/1.1" 200 15662 "-" "Mozilla/5.0 (Windows NT 10.0; Win64; x64) AppleWebKit/537.36 (KHTML, like Gecko) Chrome/109.0.0.0 Safari/537.36"
203.130.9.82 - - [15/May/2024:05:12:30 +0000] "POST /erp/fee_management/fee_posting/fee_posting_form/add/153176/ HTTP/1.1" 303 431 "http://149.28.137.234:8888/erp/fee_management/fee_posting/fee_posting_form/add/153176" "Mozilla/5.0 (Windows NT 10.0; Win64; x64) AppleWebKit/537.36 (KHTML, like Gecko) Chrome/124.0.0.0 Safari/537.36"
203.130.9.82 - - [15/May/2024:05:12:30 +0000] "GET /erp/fee_management/fee_posting/fee_posting_form HTTP/1.1" 200 15104 "http://149.28.137.234:8888/erp/fee_management/fee_posting/fee_posting_form/add/153176" "Mozilla/5.0 (Windows NT 10.0; Win64; x64) AppleWebKit/537.36 (KHTML, like Gecko) Chrome/124.0.0.0 Safari/537.36"
203.130.9.82 - - [15/May/2024:05:12:37 +0000] "GET /erp/fee_management/fee_posting/set_posting_date HTTP/1.1" 200 15181 "http://149.28.137.234:8888/erp/fee_management/fee_posting/fee_posting_form" "Mozilla/5.0 (Windows NT 10.0; Win64; x64) AppleWebKit/537.36 (KHTML, like Gecko) Chrome/124.0.0.0 Safari/537.36"
39.48.140.160 - - [15/May/2024:05:12:48 +0000] "-" 408 0 "-" "-"
39.48.140.160 - - [15/May/2024:05:18:42 +0000] "GET /erp/fee_management/fee_correction/edit_fee HTTP/1.1" 200 15509 "http://149.28.137.234:8888/erp/dashboard" "Mozilla/5.0 (Windows NT 10.0; Win64; x64) AppleWebKit/537.36 (KHTML, like Gecko) Chrome/109.0.0.0 Safari/537.36"
39.48.140.160 - - [15/May/2024:05:18:50 +0000] "POST /erp/fee_management/fee_correction/edit_fee/edit_by_cid HTTP/1.1" 303 440 "http://149.28.137.234:8888/erp/fee_management/fee_correction/edit_fee" "Mozilla/5.0 (Windows NT 10.0; Win64; x64) AppleWebKit/537.36 (KHTML, like Gecko) Chrome/109.0.0.0 Safari/537.36"
39.48.140.160 - - [15/May/2024:05:18:50 +0000] "GET /erp/fee_management/fee_correction/edit_fee/preview/11705 HTTP/1.1" 307 434 "http://149.28.137.234:8888/erp/fee_management/fee_correction/edit_fee" "Mozilla/5.0 (Windows NT 10.0; Win64; x64) AppleWebKit/537.36 (KHTML, like Gecko) Chrome/109.0.0.0 Safari/537.36"
39.48.140.160 - - [15/May/2024:05:18:50 +0000] "GET /erp/fee_management/fee_correction/edit_fee HTTP/1.1" 200 15470 "http://149.28.137.234:8888/erp/fee_management/fee_correction/edit_fee" "Mozilla/5.0 (Windows NT 10.0; Win64; x64) AppleWebKit/537.36 (KHTML, like Gecko) Chrome/109.0.0.0 Safari/537.36"
39.48.140.160 - - [15/May/2024:05:19:01 +0000] "GET /erp/fee_management/fee_voucher/active_voucher_list HTTP/1.1" 200 16582 "http://149.28.137.234:8888/erp/fee_management/fee_correction/edit_fee" "Mozilla/5.0 (Windows NT 10.0; Win64; x64) AppleWebKit/537.36 (KHTML, like Gecko) Chrome/109.0.0.0 Safari/537.36"
39.48.140.160 - - [15/May/2024:05:19:02 +0000] "POST /erp/fee_management/fee_voucher/active_voucher_list/get_list_ajax HTTP/1.1" 200 2927 "http://149.28.137.234:8888/erp/fee_management/fee_voucher/active_voucher_list" "Mozilla/5.0 (Windows NT 10.0; Win64; x64) AppleWebKit/537.36 (KHTML, like Gecko) Chrome/109.0.0.0 Safari/537.36"
39.48.140.160 - - [15/May/2024:05:19:07 +0000] "POST /erp/fee_management/fee_voucher/active_voucher_list/get_list_ajax HTTP/1.1" 200 2927 "http://149.28.137.234:8888/erp/fee_management/fee_voucher/active_voucher_list" "Mozilla/5.0 (Windows NT 10.0; Win64; x64) AppleWebKit/537.36 (KHTML, like Gecko) Chrome/109.0.0.0 Safari/537.36"
39.48.140.160 - - [15/May/2024:05:19:08 +0000] "POST /erp/fee_management/fee_voucher/active_voucher_list/get_list_ajax HTTP/1.1" 200 2842 "http://149.28.137.234:8888/erp/fee_management/fee_voucher/active_voucher_list" "Mozilla/5.0 (Windows NT 10.0; Win64; x64) AppleWebKit/537.36 (KHTML, like Gecko) Chrome/109.0.0.0 Safari/537.36"
39.48.140.160 - - [15/May/2024:05:19:08 +0000] "POST /erp/fee_management/fee_voucher/active_voucher_list/get_list_ajax HTTP/1.1" 200 1599 "http://149.28.137.234:8888/erp/fee_management/fee_voucher/active_voucher_list" "Mozilla/5.0 (Windows NT 10.0; Win64; x64) AppleWebKit/537.36 (KHTML, like Gecko) Chrome/109.0.0.0 Safari/537.36"
39.48.140.160 - - [15/May/2024:05:19:11 +0000] "GET /erp/fee_management/fee_voucher/active_voucher_list/edit/47600 HTTP/1.1" 307 442 "http://149.28.137.234:8888/erp/fee_management/fee_voucher/active_voucher_list" "Mozilla/5.0 (Windows NT 10.0; Win64; x64) AppleWebKit/537.36 (KHTML, like Gecko) Chrome/109.0.0.0 Safari/537.36"
39.48.140.160 - - [15/May/2024:05:19:11 +0000] "GET /erp/fee_management/fee_voucher/active_voucher_list HTTP/1.1" 200 16635 "http://149.28.137.234:8888/erp/fee_management/fee_voucher/active_voucher_list" "Mozilla/5.0 (Windows NT 10.0; Win64; x64) AppleWebKit/537.36 (KHTML, like Gecko) Chrome/109.0.0.0 Safari/537.36"
39.48.140.160 - - [15/May/2024:05:19:12 +0000] "POST /erp/fee_management/fee_voucher/active_voucher_list/get_list_ajax HTTP/1.1" 200 2927 "http://149.28.137.234:8888/erp/fee_management/fee_voucher/active_voucher_list" "Mozilla/5.0 (Windows NT 10.0; Win64; x64) AppleWebKit/537.36 (KHTML, like Gecko) Chrome/109.0.0.0 Safari/537.36"
39.48.140.160 - - [15/May/2024:05:19:19 +0000] "GET /erp/fee_management/fee_correction/edit_fee HTTP/1.1" 200 15412 "http://149.28.137.234:8888/erp/fee_management/fee_voucher/active_voucher_list" "Mozilla/5.0 (Windows NT 10.0; Win64; x64) AppleWebKit/537.36 (KHTML, like Gecko) Chrome/109.0.0.0 Safari/537.36"
39.48.140.160 - - [15/May/2024:05:19:26 +0000] "POST /erp/fee_management/fee_correction/edit_fee/edit_by_cid HTTP/1.1" 303 440 "http://149.28.137.234:8888/erp/fee_management/fee_correction/edit_fee" "Mozilla/5.0 (Windows NT 10.0; Win64; x64) AppleWebKit/537.36 (KHTML, like Gecko) Chrome/109.0.0.0 Safari/537.36"
39.48.140.160 - - [15/May/2024:05:19:27 +0000] "GET /erp/fee_management/fee_correction/edit_fee/preview/11705 HTTP/1.1" 200 15792 "http://149.28.137.234:8888/erp/fee_management/fee_correction/edit_fee" "Mozilla/5.0 (Windows NT 10.0; Win64; x64) AppleWebKit/537.36 (KHTML, like Gecko) Chrome/109.0.0.0 Safari/537.36"
39.48.140.160 - - [15/May/2024:05:19:43 +0000] "GET /erp/fee_management/fee_correction/edit_fee/edit/57162 HTTP/1.1" 200 16216 "http://149.28.137.234:8888/erp/fee_management/fee_correction/edit_fee/preview/11705" "Mozilla/5.0 (Windows NT 10.0; Win64; x64) AppleWebKit/537.36 (KHTML, like Gecko) Chrome/109.0.0.0 Safari/537.36"
39.48.140.160 - - [15/May/2024:05:19:52 +0000] "POST /erp/fee_management/fee_correction/edit_fee/edit/57162 HTTP/1.1" 303 440 "http://149.28.137.234:8888/erp/fee_management/fee_correction/edit_fee/edit/57162" "Mozilla/5.0 (Windows NT 10.0; Win64; x64) AppleWebKit/537.36 (KHTML, like Gecko) Chrome/109.0.0.0 Safari/537.36"
39.48.140.160 - - [15/May/2024:05:19:52 +0000] "GET /erp/fee_management/fee_correction/edit_fee/preview/11705 HTTP/1.1" 200 15834 "http://149.28.137.234:8888/erp/fee_management/fee_correction/edit_fee/edit/57162" "Mozilla/5.0 (Windows NT 10.0; Win64; x64) AppleWebKit/537.36 (KHTML, like Gecko) Chrome/109.0.0.0 Safari/537.36"
39.48.140.160 - - [15/May/2024:05:20:01 +0000] "GET /erp/fee_management/fee_voucher/single_fee_voucher HTTP/1.1" 200 15381 "http://149.28.137.234:8888/erp/fee_management/fee_correction/edit_fee/preview/11705" "Mozilla/5.0 (Windows NT 10.0; Win64; x64) AppleWebKit/537.36 (KHTML, like Gecko) Chrome/109.0.0.0 Safari/537.36"
39.48.140.160 - - [15/May/2024:05:20:20 +0000] "POST /erp/fee_management/fee_voucher/single_fee_voucher HTTP/1.1" 200 15969 "http://149.28.137.234:8888/erp/fee_management/fee_voucher/single_fee_voucher" "Mozilla/5.0 (Windows NT 10.0; Win64; x64) AppleWebKit/537.36 (KHTML, like Gecko) Chrome/109.0.0.0 Safari/537.36"
39.48.140.160 - - [15/May/2024:05:20:41 +0000] "POST /erp/fee_management/fee_voucher/single_fee_voucher/get_charged_fees_ajax HTTP/1.1" 200 1121 "http://149.28.137.234:8888/erp/fee_management/fee_voucher/single_fee_voucher" "Mozilla/5.0 (Windows NT 10.0; Win64; x64) AppleWebKit/537.36 (KHTML, like Gecko) Chrome/109.0.0.0 Safari/537.36"
39.48.140.160 - - [15/May/2024:05:20:42 +0000] "POST /erp/fee_management/fee_voucher/single_fee_voucher/get_active_voucher_by_charge_id HTTP/1.1" 200 484 "http://149.28.137.234:8888/erp/fee_management/fee_voucher/single_fee_voucher" "Mozilla/5.0 (Windows NT 10.0; Win64; x64) AppleWebKit/537.36 (KHTML, like Gecko) Chrome/109.0.0.0 Safari/537.36"
39.48.140.160 - - [15/May/2024:05:20:44 +0000] "POST /erp/fee_management/fee_voucher/single_fee_voucher/inactive_voucher_by_voucher_id_ajax HTTP/1.1" 200 434 "http://149.28.137.234:8888/erp/fee_management/fee_voucher/single_fee_voucher" "Mozilla/5.0 (Windows NT 10.0; Win64; x64) AppleWebKit/537.36 (KHTML, like Gecko) Chrome/109.0.0.0 Safari/537.36"
39.48.140.160 - - [15/May/2024:05:20:44 +0000] "POST /erp/fee_management/fee_voucher/single_fee_voucher/add HTTP/1.1" 500 320 "http://149.28.137.234:8888/erp/fee_management/fee_voucher/single_fee_voucher" "Mozilla/5.0 (Windows NT 10.0; Win64; x64) AppleWebKit/537.36 (KHTML, like Gecko) Chrome/109.0.0.0 Safari/537.36"
39.48.140.160 - - [15/May/2024:05:20:48 +0000] "GET /erp/fee_management/fee_voucher/duplicate_fee_voucher HTTP/1.1" 200 15450 "http://149.28.137.234:8888/erp/fee_management/fee_voucher/single_fee_voucher" "Mozilla/5.0 (Windows NT 10.0; Win64; x64) AppleWebKit/537.36 (KHTML, like Gecko) Chrome/109.0.0.0 Safari/537.36"
39.48.140.160 - - [15/May/2024:05:20:54 +0000] "POST /erp/fee_management/fee_voucher/duplicate_fee_voucher HTTP/1.1" 303 458 "http://149.28.137.234:8888/erp/fee_management/fee_voucher/duplicate_fee_voucher" "Mozilla/5.0 (Windows NT 10.0; Win64; x64) AppleWebKit/537.36 (KHTML, like Gecko) Chrome/109.0.0.0 Safari/537.36"
39.48.140.160 - - [15/May/2024:05:20:54 +0000] "GET /erp/fee_management/fee_voucher/duplicate_fee_voucher/duplicate_list/11705/ HTTP/1.1" 200 15433 "http://149.28.137.234:8888/erp/fee_management/fee_voucher/duplicate_fee_voucher" "Mozilla/5.0 (Windows NT 10.0; Win64; x64) AppleWebKit/537.36 (KHTML, like Gecko) Chrome/109.0.0.0 Safari/537.36"
39.48.140.160 - - [15/May/2024:05:21:03 +0000] "GET /erp/fee_management/fee_voucher/duplicate_fee_voucher/pdf/156752 HTTP/1.1" 200 89861 "http://149.28.137.234:8888/erp/fee_management/fee_voucher/duplicate_fee_voucher/duplicate_list/11705/" "Mozilla/5.0 (Windows NT 10.0; Win64; x64) AppleWebKit/537.36 (KHTML, like Gecko) Chrome/109.0.0.0 Safari/537.36"
39.48.140.160 - - [15/May/2024:05:21:12 +0000] "GET /erp/fee_management/fee_voucher/active_voucher_list HTTP/1.1" 200 16582 "http://149.28.137.234:8888/erp/fee_management/fee_voucher/duplicate_fee_voucher" "Mozilla/5.0 (Windows NT 10.0; Win64; x64) AppleWebKit/537.36 (KHTML, like Gecko) Chrome/109.0.0.0 Safari/537.36"
39.48.140.160 - - [15/May/2024:05:21:13 +0000] "POST /erp/fee_management/fee_voucher/active_voucher_list/get_list_ajax HTTP/1.1" 200 2927 "http://149.28.137.234:8888/erp/fee_management/fee_voucher/active_voucher_list" "Mozilla/5.0 (Windows NT 10.0; Win64; x64) AppleWebKit/537.36 (KHTML, like Gecko) Chrome/109.0.0.0 Safari/537.36"
39.48.140.160 - - [15/May/2024:05:21:18 +0000] "POST /erp/fee_management/fee_voucher/active_voucher_list/get_list_ajax HTTP/1.1" 200 2927 "http://149.28.137.234:8888/erp/fee_management/fee_voucher/active_voucher_list" "Mozilla/5.0 (Windows NT 10.0; Win64; x64) AppleWebKit/537.36 (KHTML, like Gecko) Chrome/109.0.0.0 Safari/537.36"
39.48.140.160 - - [15/May/2024:05:21:19 +0000] "POST /erp/fee_management/fee_voucher/active_voucher_list/get_list_ajax HTTP/1.1" 200 2900 "http://149.28.137.234:8888/erp/fee_management/fee_voucher/active_voucher_list" "Mozilla/5.0 (Windows NT 10.0; Win64; x64) AppleWebKit/537.36 (KHTML, like Gecko) Chrome/109.0.0.0 Safari/537.36"
39.48.140.160 - - [15/May/2024:05:21:19 +0000] "POST /erp/fee_management/fee_voucher/active_voucher_list/get_list_ajax HTTP/1.1" 200 1601 "http://149.28.137.234:8888/erp/fee_management/fee_voucher/active_voucher_list" "Mozilla/5.0 (Windows NT 10.0; Win64; x64) AppleWebKit/537.36 (KHTML, like Gecko) Chrome/109.0.0.0 Safari/537.36"
39.48.140.160 - - [15/May/2024:05:21:22 +0000] "GET /erp/fee_management/fee_voucher/active_voucher_list/edit/46088 HTTP/1.1" 307 442 "http://149.28.137.234:8888/erp/fee_management/fee_voucher/active_voucher_list" "Mozilla/5.0 (Windows NT 10.0; Win64; x64) AppleWebKit/537.36 (KHTML, like Gecko) Chrome/109.0.0.0 Safari/537.36"
39.48.140.160 - - [15/May/2024:05:21:22 +0000] "GET /erp/fee_management/fee_voucher/active_voucher_list HTTP/1.1" 200 16635 "http://149.28.137.234:8888/erp/fee_management/fee_voucher/active_voucher_list" "Mozilla/5.0 (Windows NT 10.0; Win64; x64) AppleWebKit/537.36 (KHTML, like Gecko) Chrome/109.0.0.0 Safari/537.36"
39.48.140.160 - - [15/May/2024:05:21:22 +0000] "POST /erp/fee_management/fee_voucher/active_voucher_list/get_list_ajax HTTP/1.1" 200 2927 "http://149.28.137.234:8888/erp/fee_management/fee_voucher/active_voucher_list" "Mozilla/5.0 (Windows NT 10.0; Win64; x64) AppleWebKit/537.36 (KHTML, like Gecko) Chrome/109.0.0.0 Safari/537.36"
39.48.140.160 - - [15/May/2024:05:21:31 +0000] "GET /erp/fee_management/fee_correction/edit_fee HTTP/1.1" 200 15412 "http://149.28.137.234:8888/erp/fee_management/fee_voucher/active_voucher_list" "Mozilla/5.0 (Windows NT 10.0; Win64; x64) AppleWebKit/537.36 (KHTML, like Gecko) Chrome/109.0.0.0 Safari/537.36"
39.48.140.160 - - [15/May/2024:05:21:38 +0000] "POST /erp/fee_management/fee_correction/edit_fee/edit_by_cid HTTP/1.1" 303 440 "http://149.28.137.234:8888/erp/fee_management/fee_correction/edit_fee" "Mozilla/5.0 (Windows NT 10.0; Win64; x64) AppleWebKit/537.36 (KHTML, like Gecko) Chrome/109.0.0.0 Safari/537.36"
39.48.140.160 - - [15/May/2024:05:21:38 +0000] "GET /erp/fee_management/fee_correction/edit_fee/preview/11704 HTTP/1.1" 200 15793 "http://149.28.137.234:8888/erp/fee_management/fee_correction/edit_fee" "Mozilla/5.0 (Windows NT 10.0; Win64; x64) AppleWebKit/537.36 (KHTML, like Gecko) Chrome/109.0.0.0 Safari/537.36"
39.48.140.160 - - [15/May/2024:05:21:43 +0000] "GET /erp/fee_management/fee_correction/edit_fee/edit/38092 HTTP/1.1" 200 16212 "http://149.28.137.234:8888/erp/fee_management/fee_correction/edit_fee/preview/11704" "Mozilla/5.0 (Windows NT 10.0; Win64; x64) AppleWebKit/537.36 (KHTML, like Gecko) Chrome/109.0.0.0 Safari/537.36"
39.48.140.160 - - [15/May/2024:05:21:51 +0000] "POST /erp/fee_management/fee_correction/edit_fee/edit/38092 HTTP/1.1" 303 440 "http://149.28.137.234:8888/erp/fee_management/fee_correction/edit_fee/edit/38092" "Mozilla/5.0 (Windows NT 10.0; Win64; x64) AppleWebKit/537.36 (KHTML, like Gecko) Chrome/109.0.0.0 Safari/537.36"
39.48.140.160 - - [15/May/2024:05:21:51 +0000] "GET /erp/fee_management/fee_correction/edit_fee/preview/11704 HTTP/1.1" 200 15836 "http://149.28.137.234:8888/erp/fee_management/fee_correction/edit_fee/edit/38092" "Mozilla/5.0 (Windows NT 10.0; Win64; x64) AppleWebKit/537.36 (KHTML, like Gecko) Chrome/109.0.0.0 Safari/537.36"
39.48.140.160 - - [15/May/2024:05:21:58 +0000] "GET /erp/fee_management/fee_voucher/single_fee_voucher HTTP/1.1" 200 15381 "http://149.28.137.234:8888/erp/fee_management/fee_correction/edit_fee/preview/11704" "Mozilla/5.0 (Windows NT 10.0; Win64; x64) AppleWebKit/537.36 (KHTML, like Gecko) Chrome/109.0.0.0 Safari/537.36"
39.48.140.160 - - [15/May/2024:05:22:04 +0000] "POST /erp/fee_management/fee_voucher/single_fee_voucher HTTP/1.1" 200 15969 "http://149.28.137.234:8888/erp/fee_management/fee_voucher/single_fee_voucher" "Mozilla/5.0 (Windows NT 10.0; Win64; x64) AppleWebKit/537.36 (KHTML, like Gecko) Chrome/109.0.0.0 Safari/537.36"
39.48.140.160 - - [15/May/2024:05:22:17 +0000] "POST /erp/fee_management/fee_voucher/single_fee_voucher/get_charged_fees_ajax HTTP/1.1" 200 1123 "http://149.28.137.234:8888/erp/fee_management/fee_voucher/single_fee_voucher" "Mozilla/5.0 (Windows NT 10.0; Win64; x64) AppleWebKit/537.36 (KHTML, like Gecko) Chrome/109.0.0.0 Safari/537.36"
39.48.140.160 - - [15/May/2024:05:22:19 +0000] "POST /erp/fee_management/fee_voucher/single_fee_voucher/get_active_voucher_by_charge_id HTTP/1.1" 200 484 "http://149.28.137.234:8888/erp/fee_management/fee_voucher/single_fee_voucher" "Mozilla/5.0 (Windows NT 10.0; Win64; x64) AppleWebKit/537.36 (KHTML, like Gecko) Chrome/109.0.0.0 Safari/537.36"
39.48.140.160 - - [15/May/2024:05:22:20 +0000] "POST /erp/fee_management/fee_voucher/single_fee_voucher/inactive_voucher_by_voucher_id_ajax HTTP/1.1" 200 434 "http://149.28.137.234:8888/erp/fee_management/fee_voucher/single_fee_voucher" "Mozilla/5.0 (Windows NT 10.0; Win64; x64) AppleWebKit/537.36 (KHTML, like Gecko) Chrome/109.0.0.0 Safari/537.36"
39.48.140.160 - - [15/May/2024:05:22:20 +0000] "POST /erp/fee_management/fee_voucher/single_fee_voucher/add HTTP/1.1" 500 320 "http://149.28.137.234:8888/erp/fee_management/fee_voucher/single_fee_voucher" "Mozilla/5.0 (Windows NT 10.0; Win64; x64) AppleWebKit/537.36 (KHTML, like Gecko) Chrome/109.0.0.0 Safari/537.36"
39.48.140.160 - - [15/May/2024:05:22:24 +0000] "GET /erp/fee_management/fee_voucher/duplicate_fee_voucher HTTP/1.1" 200 15450 "http://149.28.137.234:8888/erp/fee_management/fee_voucher/single_fee_voucher" "Mozilla/5.0 (Windows NT 10.0; Win64; x64) AppleWebKit/537.36 (KHTML, like Gecko) Chrome/109.0.0.0 Safari/537.36"
39.48.140.160 - - [15/May/2024:05:22:31 +0000] "POST /erp/fee_management/fee_voucher/duplicate_fee_voucher HTTP/1.1" 303 458 "http://149.28.137.234:8888/erp/fee_management/fee_voucher/duplicate_fee_voucher" "Mozilla/5.0 (Windows NT 10.0; Win64; x64) AppleWebKit/537.36 (KHTML, like Gecko) Chrome/109.0.0.0 Safari/537.36"
39.48.140.160 - - [15/May/2024:05:22:31 +0000] "GET /erp/fee_management/fee_voucher/duplicate_fee_voucher/duplicate_list/11704/ HTTP/1.1" 200 15431 "http://149.28.137.234:8888/erp/fee_management/fee_voucher/duplicate_fee_voucher" "Mozilla/5.0 (Windows NT 10.0; Win64; x64) AppleWebKit/537.36 (KHTML, like Gecko) Chrome/109.0.0.0 Safari/537.36"
39.48.140.160 - - [15/May/2024:05:22:41 +0000] "POST /erp/student_management/active_student/active_student_list/get_data HTTP/1.1" 200 613 "http://149.28.137.234:8888/erp/student_management/active_student/active_student_list" "Mozilla/5.0 (Windows NT 10.0; Win64; x64) AppleWebKit/537.36 (KHTML, like Gecko) Chrome/109.0.0.0 Safari/537.36"
39.48.140.160 - - [15/May/2024:05:22:44 +0000] "GET /erp/fee_management/fee_info/student_ledger_html/list?student_cid=11331 HTTP/1.1" 200 16270 "http://149.28.137.234:8888/erp/student_management/active_student/active_student_list" "Mozilla/5.0 (Windows NT 10.0; Win64; x64) AppleWebKit/537.36 (KHTML, like Gecko) Chrome/109.0.0.0 Safari/537.36"
