203.130.9.82 - - [15/May/2024:04:19:49 +0000] "POST /erp/fee_management/fee_voucher/single_fee_voucher/get_charged_fees_ajax HTTP/1.1" 200 1479 "http://149.28.137.234:8888/erp/fee_management/fee_voucher/single_fee_voucher" "Mozilla/5.0 (Windows NT 10.0; Win64; x64) AppleWebKit/537.36 (KHTML, like Gecko) Chrome/124.0.0.0 Safari/537.36"
203.130.9.82 - - [15/May/2024:04:19:56 +0000] "POST /erp/fee_management/fee_voucher/single_fee_voucher/add HTTP/1.1" 500 320 "http://149.28.137.234:8888/erp/fee_management/fee_voucher/single_fee_voucher" "Mozilla/5.0 (Windows NT 10.0; Win64; x64) AppleWebKit/537.36 (KHTML, like Gecko) Chrome/109.0.0.0 Safari/537.36"
203.130.9.82 - - [15/May/2024:04:19:57 +0000] "POST /erp/fee_management/fee_voucher/single_fee_voucher/get_active_voucher_by_charge_id HTTP/1.1" 200 1587 "http://149.28.137.234:8888/erp/fee_management/fee_voucher/single_fee_voucher" "Mozilla/5.0 (Windows NT 10.0; Win64; x64) AppleWebKit/537.36 (KHTML, like Gecko) Chrome/124.0.0.0 Safari/537.36"
203.130.9.82 - - [15/May/2024:04:20:00 +0000] "POST /erp/fee_management/fee_voucher/single_fee_voucher/inactive_voucher_by_voucher_id_ajax HTTP/1.1" 200 434 "http://149.28.137.234:8888/erp/fee_management/fee_voucher/single_fee_voucher" "Mozilla/5.0 (Windows NT 10.0; Win64; x64) AppleWebKit/537.36 (KHTML, like Gecko) Chrome/124.0.0.0 Safari/537.36"
203.130.9.82 - - [15/May/2024:04:20:01 +0000] "POST /erp/fee_management/fee_voucher/single_fee_voucher/add HTTP/1.1" 500 320 "http://149.28.137.234:8888/erp/fee_management/fee_voucher/single_fee_voucher" "Mozilla/5.0 (Windows NT 10.0; Win64; x64) AppleWebKit/537.36 (KHTML, like Gecko) Chrome/124.0.0.0 Safari/537.36"
203.130.9.82 - - [15/May/2024:04:20:12 +0000] "GET /erp/fee_management/fee_voucher/duplicate_fee_voucher HTTP/1.1" 200 15090 "http://149.28.137.234:8888/erp/fee_management/fee_voucher/single_fee_voucher" "Mozilla/5.0 (Windows NT 10.0; Win64; x64) AppleWebKit/537.36 (KHTML, like Gecko) Chrome/124.0.0.0 Safari/537.36"
203.130.9.82 - - [15/May/2024:04:20:19 +0000] "POST /erp/fee_management/fee_voucher/duplicate_fee_voucher HTTP/1.1" 303 458 "http://149.28.137.234:8888/erp/fee_management/fee_voucher/duplicate_fee_voucher" "Mozilla/5.0 (Windows NT 10.0; Win64; x64) AppleWebKit/537.36 (KHTML, like Gecko) Chrome/124.0.0.0 Safari/537.36"
203.130.9.82 - - [15/May/2024:04:20:20 +0000] "GET /erp/fee_management/fee_voucher/duplicate_fee_voucher/duplicate_list/14807/ HTTP/1.1" 200 15076 "http://149.28.137.234:8888/erp/fee_management/fee_voucher/duplicate_fee_voucher" "Mozilla/5.0 (Windows NT 10.0; Win64; x64) AppleWebKit/537.36 (KHTML, like Gecko) Chrome/124.0.0.0 Safari/537.36"
203.130.9.82 - - [15/May/2024:04:20:29 +0000] "GET /erp/fee_management/fee_voucher/duplicate_fee_voucher/pdf/156733 HTTP/1.1" 200 89701 "http://149.28.137.234:8888/erp/fee_management/fee_voucher/duplicate_fee_voucher/duplicate_list/14807/" "Mozilla/5.0 (Windows NT 10.0; Win64; x64) AppleWebKit/537.36 (KHTML, like Gecko) Chrome/124.0.0.0 Safari/537.36"
203.130.9.82 - - [15/May/2024:04:20:47 +0000] "-" 408 0 "-" "-"
203.130.9.82 - - [15/May/2024:04:20:47 +0000] "-" 408 0 "-" "-"
119.155.52.122 - - [15/May/2024:04:21:16 +0000] "POST /erp/front_desk/admission_enquiry_n_registration/admission_enquiry/add HTTP/1.1" 303 449 "http://149.28.137.234:8888/erp/front_desk/admission_enquiry_n_registration/admission_enquiry/add" "Mozilla/5.0 (Windows NT 10.0; Win64; x64) AppleWebKit/537.36 (KHTML, like Gecko) Chrome/124.0.0.0 Safari/537.36"
119.155.52.122 - - [15/May/2024:04:21:16 +0000] "GET /erp/front_desk/admission_enquiry_n_registration/admission_enquiry HTTP/1.1" 200 16423 "http://149.28.137.234:8888/erp/front_desk/admission_enquiry_n_registration/admission_enquiry/add" "Mozilla/5.0 (Windows NT 10.0; Win64; x64) AppleWebKit/537.36 (KHTML, like Gecko) Chrome/124.0.0.0 Safari/537.36"
119.155.52.122 - - [15/May/2024:04:21:16 +0000] "GET /erp/assets/web_new/images/sort_both.png HTTP/1.1" 404 1368 "http://149.28.137.234:8888/erp/assets/web_new/css/jquery.dataTables.min.css" "Mozilla/5.0 (Windows NT 10.0; Win64; x64) AppleWebKit/537.36 (KHTML, like Gecko) Chrome/124.0.0.0 Safari/537.36"
119.155.52.122 - - [15/May/2024:04:21:16 +0000] "POST /erp/front_desk/admission_enquiry_n_registration/admission_enquiry/get_list_ajax HTTP/1.1" 200 1078 "http://149.28.137.234:8888/erp/front_desk/admission_enquiry_n_registration/admission_enquiry" "Mozilla/5.0 (Windows NT 10.0; Win64; x64) AppleWebKit/537.36 (KHTML, like Gecko) Chrome/124.0.0.0 Safari/537.36"
119.155.52.122 - - [15/May/2024:04:21:17 +0000] "GET /erp/assets/web_new/images/sort_asc.png HTTP/1.1" 404 1367 "http://149.28.137.234:8888/erp/assets/web_new/css/jquery.dataTables.min.css" "Mozilla/5.0 (Windows NT 10.0; Win64; x64) AppleWebKit/537.36 (KHTML, like Gecko) Chrome/124.0.0.0 Safari/537.36"
119.155.52.122 - - [15/May/2024:04:21:28 +0000] "GET /erp/front_desk/admission_enquiry_n_registration/admission_enquiry/registration/9229 HTTP/1.1" 307 463 "http://149.28.137.234:8888/erp/front_desk/admission_enquiry_n_registration/admission_enquiry" "Mozilla/5.0 (Windows NT 10.0; Win64; x64) AppleWebKit/537.36 (KHTML, like Gecko) Chrome/124.0.0.0 Safari/537.36"
119.155.52.122 - - [15/May/2024:04:21:28 +0000] "GET /erp/front_desk/admission_enquiry_n_registration/admission_registration HTTP/1.1" 200 16168 "http://149.28.137.234:8888/erp/front_desk/admission_enquiry_n_registration/admission_enquiry" "Mozilla/5.0 (Windows NT 10.0; Win64; x64) AppleWebKit/537.36 (KHTML, like Gecko) Chrome/124.0.0.0 Safari/537.36"
119.155.52.122 - - [15/May/2024:04:21:28 +0000] "GET /erp/assets/web_new/css/dataTables.bootstrap5.min.css HTTP/1.1" 200 2539 "http://149.28.137.234:8888/erp/front_desk/admission_enquiry_n_registration/admission_registration" "Mozilla/5.0 (Windows NT 10.0; Win64; x64) AppleWebKit/537.36 (KHTML, like Gecko) Chrome/124.0.0.0 Safari/537.36"
119.155.52.122 - - [15/May/2024:04:21:28 +0000] "POST /erp/front_desk/admission_enquiry_n_registration/admission_registration/get_list_ajax HTTP/1.1" 200 1184 "http://149.28.137.234:8888/erp/front_desk/admission_enquiry_n_registration/admission_registration" "Mozilla/5.0 (Windows NT 10.0; Win64; x64) AppleWebKit/537.36 (KHTML, like Gecko) Chrome/124.0.0.0 Safari/537.36"
203.130.9.82 - - [15/May/2024:04:21:32 +0000] "POST /erp/fee_management/fee_voucher/duplicate_fee_voucher HTTP/1.1" 303 458 "http://149.28.137.234:8888/erp/fee_management/fee_voucher/duplicate_fee_voucher" "Mozilla/5.0 (Windows NT 10.0; Win64; x64) AppleWebKit/537.36 (KHTML, like Gecko) Chrome/124.0.0.0 Safari/537.36"
203.130.9.82 - - [15/May/2024:04:21:33 +0000] "GET /erp/fee_management/fee_voucher/duplicate_fee_voucher/duplicate_list/15298/ HTTP/1.1" 200 15075 "http://149.28.137.234:8888/erp/fee_management/fee_voucher/duplicate_fee_voucher" "Mozilla/5.0 (Windows NT 10.0; Win64; x64) AppleWebKit/537.36 (KHTML, like Gecko) Chrome/124.0.0.0 Safari/537.36"
119.155.52.122 - - [15/May/2024:04:21:34 +0000] "GET /erp/front_desk/admission_enquiry_n_registration/admission_registration/edit/9372 HTTP/1.1" 200 16607 "http://149.28.137.234:8888/erp/front_desk/admission_enquiry_n_registration/admission_registration" "Mozilla/5.0 (Windows NT 10.0; Win64; x64) AppleWebKit/537.36 (KHTML, like Gecko) Chrome/124.0.0.0 Safari/537.36"
203.130.9.82 - - [15/May/2024:04:21:40 +0000] "GET /erp/fee_management/fee_voucher/duplicate_fee_voucher/pdf/156726 HTTP/1.1" 200 89556 "http://149.28.137.234:8888/erp/fee_management/fee_voucher/duplicate_fee_voucher/duplicate_list/15298/" "Mozilla/5.0 (Windows NT 10.0; Win64; x64) AppleWebKit/537.36 (KHTML, like Gecko) Chrome/124.0.0.0 Safari/537.36"
119.155.52.122 - - [15/May/2024:04:22:08 +0000] "POST /erp/front_desk/admission_enquiry_n_registration/admission_registration/edit/9372 HTTP/1.1" 200 68165 "http://149.28.137.234:8888/erp/front_desk/admission_enquiry_n_registration/admission_registration/edit/9372" "Mozilla/5.0 (Windows NT 10.0; Win64; x64) AppleWebKit/537.36 (KHTML, like Gecko) Chrome/124.0.0.0 Safari/537.36"
119.155.52.122 - - [15/May/2024:04:22:09 +0000] "GET /favicon.ico HTTP/1.1" 404 495 "http://149.28.137.234:8888/erp/front_desk/admission_enquiry_n_registration/admission_registration/edit/9372" "Mozilla/5.0 (Windows NT 10.0; Win64; x64) AppleWebKit/537.36 (KHTML, like Gecko) Chrome/124.0.0.0 Safari/537.36"
119.155.52.122 - - [15/May/2024:04:22:28 +0000] "GET /erp/front_desk/admission_enquiry_n_registration/admission_registration HTTP/1.1" 200 16169 "http://149.28.137.234:8888/erp/front_desk/admission_enquiry_n_registration/admission_registration/edit/9372" "Mozilla/5.0 (Windows NT 10.0; Win64; x64) AppleWebKit/537.36 (KHTML, like Gecko) Chrome/124.0.0.0 Safari/537.36"
119.155.52.122 - - [15/May/2024:04:22:28 +0000] "POST /erp/front_desk/admission_enquiry_n_registration/admission_registration/get_list_ajax HTTP/1.1" 200 1230 "http://149.28.137.234:8888/erp/front_desk/admission_enquiry_n_registration/admission_registration" "Mozilla/5.0 (Windows NT 10.0; Win64; x64) AppleWebKit/537.36 (KHTML, like Gecko) Chrome/124.0.0.0 Safari/537.36"
119.155.52.122 - - [15/May/2024:04:22:43 +0000] "GET /erp/front_desk/admission_enquiry_n_registration/admission_registration/edit/9373 HTTP/1.1" 200 16609 "http://149.28.137.234:8888/erp/front_desk/admission_enquiry_n_registration/admission_registration" "Mozilla/5.0 (Windows NT 10.0; Win64; x64) AppleWebKit/537.36 (KHTML, like Gecko) Chrome/124.0.0.0 Safari/537.36"
203.130.9.82 - - [15/May/2024:04:23:21 +0000] "GET /erp/fee_management/fee_posting/fee_posting_current HTTP/1.1" 200 15211 "http://149.28.137.234:8888/erp/fee_management/fee_voucher/single_fee_voucher" "Mozilla/5.0 (Windows NT 10.0; Win64; x64) AppleWebKit/537.36 (KHTML, like Gecko) Chrome/109.0.0.0 Safari/537.36"
119.155.52.122 - - [15/May/2024:04:23:50 +0000] "POST /erp/front_desk/admission_enquiry_n_registration/admission_registration/edit/9373 HTTP/1.1" 200 68172 "http://149.28.137.234:8888/erp/front_desk/admission_enquiry_n_registration/admission_registration/edit/9373" "Mozilla/5.0 (Windows NT 10.0; Win64; x64) AppleWebKit/537.36 (KHTML, like Gecko) Chrome/124.0.0.0 Safari/537.36"
119.155.52.122 - - [15/May/2024:04:24:04 +0000] "GET /erp/fee_management/fee_voucher/single_fee_voucher HTTP/1.1" 200 15084 "http://149.28.137.234:8888/erp/front_desk/admission_enquiry_n_registration/admission_registration/edit/9373" "Mozilla/5.0 (Windows NT 10.0; Win64; x64) AppleWebKit/537.36 (KHTML, like Gecko) Chrome/124.0.0.0 Safari/537.36"
119.155.52.122 - - [15/May/2024:04:24:10 +0000] "POST /erp/fee_management/fee_voucher/single_fee_voucher HTTP/1.1" 200 15621 "http://149.28.137.234:8888/erp/fee_management/fee_voucher/single_fee_voucher" "Mozilla/5.0 (Windows NT 10.0; Win64; x64) AppleWebKit/537.36 (KHTML, like Gecko) Chrome/124.0.0.0 Safari/537.36"
203.130.9.82 - - [15/May/2024:04:24:12 +0000] "-" 408 0 "-" "-"
203.130.9.82 - - [15/May/2024:04:24:12 +0000] "-" 408 0 "-" "-"
119.155.52.122 - - [15/May/2024:04:24:20 +0000] "POST /erp/fee_management/fee_voucher/single_fee_voucher/get_charged_fees_ajax HTTP/1.1" 200 1052 "http://149.28.137.234:8888/erp/fee_management/fee_voucher/single_fee_voucher" "Mozilla/5.0 (Windows NT 10.0; Win64; x64) AppleWebKit/537.36 (KHTML, like Gecko) Chrome/124.0.0.0 Safari/537.36"
119.155.52.122 - - [15/May/2024:04:24:20 +0000] "POST /erp/fee_management/fee_voucher/single_fee_voucher/get_active_voucher_by_charge_id HTTP/1.1" 200 1575 "http://149.28.137.234:8888/erp/fee_management/fee_voucher/single_fee_voucher" "Mozilla/5.0 (Windows NT 10.0; Win64; x64) AppleWebKit/537.36 (KHTML, like Gecko) Chrome/124.0.0.0 Safari/537.36"
119.155.52.122 - - [15/May/2024:04:24:21 +0000] "POST /erp/fee_management/fee_voucher/single_fee_voucher/inactive_voucher_by_voucher_id_ajax HTTP/1.1" 200 434 "http://149.28.137.234:8888/erp/fee_management/fee_voucher/single_fee_voucher" "Mozilla/5.0 (Windows NT 10.0; Win64; x64) AppleWebKit/537.36 (KHTML, like Gecko) Chrome/124.0.0.0 Safari/537.36"
119.155.52.122 - - [15/May/2024:04:24:21 +0000] "POST /erp/fee_management/fee_voucher/single_fee_voucher/add HTTP/1.1" 500 320 "http://149.28.137.234:8888/erp/fee_management/fee_voucher/single_fee_voucher" "Mozilla/5.0 (Windows NT 10.0; Win64; x64) AppleWebKit/537.36 (KHTML, like Gecko) Chrome/124.0.0.0 Safari/537.36"
39.48.140.160 - - [15/May/2024:04:24:36 +0000] "POST /erp/student_management/active_student/active_student_list/get_data HTTP/1.1" 200 602 "http://149.28.137.234:8888/erp/fee_report/fee_collection/collection_verification" "Mozilla/5.0 (Windows NT 10.0; Win64; x64) AppleWebKit/537.36 (KHTML, like Gecko) Chrome/109.0.0.0 Safari/537.36"
39.48.140.160 - - [15/May/2024:04:24:38 +0000] "GET /erp/fee_management/fee_info/student_ledger_html/list?student_cid=12121 HTTP/1.1" 200 16190 "http://149.28.137.234:8888/erp/fee_report/fee_collection/collection_verification" "Mozilla/5.0 (Windows NT 10.0; Win64; x64) AppleWebKit/537.36 (KHTML, like Gecko) Chrome/109.0.0.0 Safari/537.36"
39.48.140.160 - - [15/May/2024:04:24:48 +0000] "POST /erp/student_management/active_student/active_student_list/get_data HTTP/1.1" 200 611 "http://149.28.137.234:8888/erp/fee_management/fee_info/student_ledger_html/list?student_cid=12121" "Mozilla/5.0 (Windows NT 10.0; Win64; x64) AppleWebKit/537.36 (KHTML, like Gecko) Chrome/109.0.0.0 Safari/537.36"
39.48.140.160 - - [15/May/2024:04:24:49 +0000] "GET /erp/fee_management/fee_info/student_ledger_html/list?student_cid=11470 HTTP/1.1" 200 16271 "http://149.28.137.234:8888/erp/fee_management/fee_info/student_ledger_html/list?student_cid=12121" "Mozilla/5.0 (Windows NT 10.0; Win64; x64) AppleWebKit/537.36 (KHTML, like Gecko) Chrome/109.0.0.0 Safari/537.36"
39.48.140.160 - - [15/May/2024:04:25:00 +0000] "POST /erp/student_management/active_student/active_student_list/get_data HTTP/1.1" 200 608 "http://149.28.137.234:8888/erp/fee_management/fee_info/student_ledger_html/list?student_cid=11470" "Mozilla/5.0 (Windows NT 10.0; Win64; x64) AppleWebKit/537.36 (KHTML, like Gecko) Chrome/109.0.0.0 Safari/537.36"
39.48.140.160 - - [15/May/2024:04:25:01 +0000] "GET /erp/fee_management/fee_info/student_ledger_html/list?student_cid=11946 HTTP/1.1" 200 16102 "http://149.28.137.234:8888/erp/fee_management/fee_info/student_ledger_html/list?student_cid=11470" "Mozilla/5.0 (Windows NT 10.0; Win64; x64) AppleWebKit/537.36 (KHTML, like Gecko) Chrome/109.0.0.0 Safari/537.36"
39.48.140.160 - - [15/May/2024:04:25:12 +0000] "POST /erp/student_management/active_student/active_student_list/get_data HTTP/1.1" 200 608 "http://149.28.137.234:8888/erp/fee_management/fee_info/student_ledger_html/list?student_cid=11946" "Mozilla/5.0 (Windows NT 10.0; Win64; x64) AppleWebKit/537.36 (KHTML, like Gecko) Chrome/109.0.0.0 Safari/537.36"
39.48.140.160 - - [15/May/2024:04:25:13 +0000] "GET /erp/fee_management/fee_info/student_ledger_html/list?student_cid=11492 HTTP/1.1" 200 16324 "http://149.28.137.234:8888/erp/fee_management/fee_info/student_ledger_html/list?student_cid=11946" "Mozilla/5.0 (Windows NT 10.0; Win64; x64) AppleWebKit/537.36 (KHTML, like Gecko) Chrome/109.0.0.0 Safari/537.36"
39.48.140.160 - - [15/May/2024:04:25:52 +0000] "POST /erp/student_management/active_student/active_student_list/get_data HTTP/1.1" 200 604 "http://149.28.137.234:8888/erp/fee_report/fee_collection/collection_verification" "Mozilla/5.0 (Windows NT 10.0; Win64; x64) AppleWebKit/537.36 (KHTML, like Gecko) Chrome/109.0.0.0 Safari/537.36"
39.48.140.160 - - [15/May/2024:04:25:53 +0000] "GET /erp/fee_management/fee_info/student_ledger_html/list?student_cid=12077 HTTP/1.1" 200 16244 "http://149.28.137.234:8888/erp/fee_report/fee_collection/collection_verification" "Mozilla/5.0 (Windows NT 10.0; Win64; x64) AppleWebKit/537.36 (KHTML, like Gecko) Chrome/109.0.0.0 Safari/537.36"
39.48.140.160 - - [15/May/2024:04:26:06 +0000] "POST /erp/student_management/active_student/active_student_list/get_data HTTP/1.1" 200 655 "http://149.28.137.234:8888/erp/fee_management/fee_info/student_ledger_html/list?student_cid=12077" "Mozilla/5.0 (Windows NT 10.0; Win64; x64) AppleWebKit/537.36 (KHTML, like Gecko) Chrome/109.0.0.0 Safari/537.36"
39.48.140.160 - - [15/May/2024:04:26:08 +0000] "GET /erp/fee_management/fee_info/student_ledger_html/list?student_cid=10865 HTTP/1.1" 200 16395 "http://149.28.137.234:8888/erp/fee_management/fee_info/student_ledger_html/list?student_cid=12077" "Mozilla/5.0 (Windows NT 10.0; Win64; x64) AppleWebKit/537.36 (KHTML, like Gecko) Chrome/109.0.0.0 Safari/537.36"
39.48.140.160 - - [15/May/2024:04:26:24 +0000] "POST /erp/student_management/active_student/active_student_list/get_data HTTP/1.1" 200 604 "http://149.28.137.234:8888/erp/fee_management/fee_info/student_ledger_html/list?student_cid=12077" "Mozilla/5.0 (Windows NT 10.0; Win64; x64) AppleWebKit/537.36 (KHTML, like Gecko) Chrome/109.0.0.0 Safari/537.36"
39.48.140.160 - - [15/May/2024:04:26:25 +0000] "GET /erp/fee_management/fee_info/student_ledger_html/list?student_cid=12220 HTTP/1.1" 200 16191 "http://149.28.137.234:8888/erp/fee_management/fee_info/student_ledger_html/list?student_cid=12077" "Mozilla/5.0 (Windows NT 10.0; Win64; x64) AppleWebKit/537.36 (KHTML, like Gecko) Chrome/109.0.0.0 Safari/537.36"
39.48.140.160 - - [15/May/2024:04:27:03 +0000] "POST /erp/student_management/active_student/active_student_list/get_data HTTP/1.1" 200 610 "http://149.28.137.234:8888/erp/fee_management/fee_info/student_ledger_html/list?student_cid=12077" "Mozilla/5.0 (Windows NT 10.0; Win64; x64) AppleWebKit/537.36 (KHTML, like Gecko) Chrome/109.0.0.0 Safari/537.36"
39.48.140.160 - - [15/May/2024:04:27:04 +0000] "GET /erp/fee_management/fee_info/student_ledger_html/list?student_cid=11202 HTTP/1.1" 200 16319 "http://149.28.137.234:8888/erp/fee_management/fee_info/student_ledger_html/list?student_cid=12077" "Mozilla/5.0 (Windows NT 10.0; Win64; x64) AppleWebKit/537.36 (KHTML, like Gecko) Chrome/109.0.0.0 Safari/537.36"
39.35.202.58 - - [15/May/2024:04:27:13 +0000] "GET /erp/fee_management/fee_voucher/single_fee_voucher HTTP/1.1" 307 499 "http://149.28.137.234:8888/erp/dashboard" "Mozilla/5.0 (Windows NT 10.0; Win64; x64) AppleWebKit/537.36 (KHTML, like Gecko) Chrome/124.0.0.0 Safari/537.36"
39.35.202.58 - - [15/May/2024:04:27:13 +0000] "GET /erp/login HTTP/1.1" 200 3372 "http://149.28.137.234:8888/erp/dashboard" "Mozilla/5.0 (Windows NT 10.0; Win64; x64) AppleWebKit/537.36 (KHTML, like Gecko) Chrome/124.0.0.0 Safari/537.36"
39.48.140.160 - - [15/May/2024:04:27:17 +0000] "POST /erp/student_management/active_student/active_student_list/get_data HTTP/1.1" 200 612 "http://149.28.137.234:8888/erp/fee_management/fee_info/student_ledger_html/list?student_cid=11202" "Mozilla/5.0 (Windows NT 10.0; Win64; x64) AppleWebKit/537.36 (KHTML, like Gecko) Chrome/109.0.0.0 Safari/537.36"
39.35.202.58 - - [15/May/2024:04:27:17 +0000] "POST /erp/login HTTP/1.1" 303 568 "http://149.28.137.234:8888/erp/login" "Mozilla/5.0 (Windows NT 10.0; Win64; x64) AppleWebKit/537.36 (KHTML, like Gecko) Chrome/124.0.0.0 Safari/537.36"
39.35.202.58 - - [15/May/2024:04:27:17 +0000] "GET /erp/dashboard HTTP/1.1" 200 15481 "http://149.28.137.234:8888/erp/login" "Mozilla/5.0 (Windows NT 10.0; Win64; x64) AppleWebKit/537.36 (KHTML, like Gecko) Chrome/124.0.0.0 Safari/537.36"
39.48.140.160 - - [15/May/2024:04:27:18 +0000] "GET /erp/fee_management/fee_info/student_ledger_html/list?student_cid=10946 HTTP/1.1" 200 16270 "http://149.28.137.234:8888/erp/fee_management/fee_info/student_ledger_html/list?student_cid=11202" "Mozilla/5.0 (Windows NT 10.0; Win64; x64) AppleWebKit/537.36 (KHTML, like Gecko) Chrome/109.0.0.0 Safari/537.36"
39.35.202.58 - - [15/May/2024:04:27:28 +0000] "GET /erp/fee_management/fee_voucher/single_fee_voucher HTTP/1.1" 200 15144 "http://149.28.137.234:8888/erp/dashboard" "Mozilla/5.0 (Windows NT 10.0; Win64; x64) AppleWebKit/537.36 (KHTML, like Gecko) Chrome/124.0.0.0 Safari/537.36"
39.35.202.58 - - [15/May/2024:04:27:36 +0000] "POST /erp/fee_management/fee_voucher/single_fee_voucher HTTP/1.1" 200 15740 "http://149.28.137.234:8888/erp/fee_management/fee_voucher/single_fee_voucher" "Mozilla/5.0 (Windows NT 10.0; Win64; x64) AppleWebKit/537.36 (KHTML, like Gecko) Chrome/124.0.0.0 Safari/537.36"
39.35.202.58 - - [15/May/2024:04:27:37 +0000] "GET /erp/assets/web_new/css/jquery.timepicker.min.css HTTP/1.1" 200 808 "http://149.28.137.234:8888/erp/fee_management/fee_voucher/single_fee_voucher" "Mozilla/5.0 (Windows NT 10.0; Win64; x64) AppleWebKit/537.36 (KHTML, like Gecko) Chrome/124.0.0.0 Safari/537.36"
39.35.202.58 - - [15/May/2024:04:27:37 +0000] "GET /erp/assets/web_new/css/daterangepicker.css HTTP/1.1" 200 1943 "http://149.28.137.234:8888/erp/fee_management/fee_voucher/single_fee_voucher" "Mozilla/5.0 (Windows NT 10.0; Win64; x64) AppleWebKit/537.36 (KHTML, like Gecko) Chrome/124.0.0.0 Safari/537.36"
39.35.202.58 - - [15/May/2024:04:27:37 +0000] "GET /erp/assets/web_new/js/daterangepicker.min.js HTTP/1.1" 200 7922 "http://149.28.137.234:8888/erp/fee_management/fee_voucher/single_fee_voucher" "Mozilla/5.0 (Windows NT 10.0; Win64; x64) AppleWebKit/537.36 (KHTML, like Gecko) Chrome/124.0.0.0 Safari/537.36"
39.35.202.58 - - [15/May/2024:04:27:37 +0000] "GET /erp/assets/web_new/js/jquery.timepicker.min.js HTTP/1.1" 200 4358 "http://149.28.137.234:8888/erp/fee_management/fee_voucher/single_fee_voucher" "Mozilla/5.0 (Windows NT 10.0; Win64; x64) AppleWebKit/537.36 (KHTML, like Gecko) Chrome/124.0.0.0 Safari/537.36"
39.48.140.160 - - [15/May/2024:04:27:39 +0000] "POST /erp/student_management/active_student/active_student_list/get_data HTTP/1.1" 200 609 "http://149.28.137.234:8888/erp/fee_management/fee_info/student_ledger_html/list?student_cid=10946" "Mozilla/5.0 (Windows NT 10.0; Win64; x64) AppleWebKit/537.36 (KHTML, like Gecko) Chrome/109.0.0.0 Safari/537.36"
39.48.140.160 - - [15/May/2024:04:27:41 +0000] "GET /erp/fee_management/fee_info/student_ledger_html/list?student_cid=12099 HTTP/1.1" 200 16210 "http://149.28.137.234:8888/erp/fee_management/fee_info/student_ledger_html/list?student_cid=10946" "Mozilla/5.0 (Windows NT 10.0; Win64; x64) AppleWebKit/537.36 (KHTML, like Gecko) Chrome/109.0.0.0 Safari/537.36"
39.35.202.58 - - [15/May/2024:04:27:55 +0000] "POST /erp/fee_management/fee_voucher/single_fee_voucher/get_charged_fees_ajax HTTP/1.1" 200 1052 "http://149.28.137.234:8888/erp/fee_management/fee_voucher/single_fee_voucher" "Mozilla/5.0 (Windows NT 10.0; Win64; x64) AppleWebKit/537.36 (KHTML, like Gecko) Chrome/124.0.0.0 Safari/537.36"
39.35.202.58 - - [15/May/2024:04:27:57 +0000] "POST /erp/fee_management/fee_voucher/single_fee_voucher/get_active_voucher_by_charge_id HTTP/1.1" 200 1576 "http://149.28.137.234:8888/erp/fee_management/fee_voucher/single_fee_voucher" "Mozilla/5.0 (Windows NT 10.0; Win64; x64) AppleWebKit/537.36 (KHTML, like Gecko) Chrome/124.0.0.0 Safari/537.36"
39.48.140.160 - - [15/May/2024:04:27:58 +0000] "POST /erp/student_management/active_student/active_student_list/get_data HTTP/1.1" 200 603 "http://149.28.137.234:8888/erp/fee_management/fee_info/student_ledger_html/list?student_cid=12099" "Mozilla/5.0 (Windows NT 10.0; Win64; x64) AppleWebKit/537.36 (KHTML, like Gecko) Chrome/109.0.0.0 Safari/537.36"
39.48.140.160 - - [15/May/2024:04:27:59 +0000] "GET /erp/fee_management/fee_info/student_ledger_html/list?student_cid=11426 HTTP/1.1" 200 16234 "http://149.28.137.234:8888/erp/fee_management/fee_info/student_ledger_html/list?student_cid=12099" "Mozilla/5.0 (Windows NT 10.0; Win64; x64) AppleWebKit/537.36 (KHTML, like Gecko) Chrome/109.0.0.0 Safari/537.36"
39.35.202.58 - - [15/May/2024:04:28:04 +0000] "POST /erp/fee_management/fee_voucher/single_fee_voucher/inactive_voucher_by_voucher_id_ajax HTTP/1.1" 200 435 "http://149.28.137.234:8888/erp/fee_management/fee_voucher/single_fee_voucher" "Mozilla/5.0 (Windows NT 10.0; Win64; x64) AppleWebKit/537.36 (KHTML, like Gecko) Chrome/124.0.0.0 Safari/537.36"
39.35.202.58 - - [15/May/2024:04:28:04 +0000] "POST /erp/fee_management/fee_voucher/single_fee_voucher/add HTTP/1.1" 500 320 "http://149.28.137.234:8888/erp/fee_management/fee_voucher/single_fee_voucher" "Mozilla/5.0 (Windows NT 10.0; Win64; x64) AppleWebKit/537.36 (KHTML, like Gecko) Chrome/124.0.0.0 Safari/537.36"
39.48.140.160 - - [15/May/2024:04:28:12 +0000] "POST /erp/student_management/active_student/active_student_list/get_data HTTP/1.1" 200 612 "http://149.28.137.234:8888/erp/fee_management/fee_info/student_ledger_html/list?student_cid=11426" "Mozilla/5.0 (Windows NT 10.0; Win64; x64) AppleWebKit/537.36 (KHTML, like Gecko) Chrome/109.0.0.0 Safari/537.36"
39.48.140.160 - - [15/May/2024:04:28:13 +0000] "GET /erp/fee_management/fee_info/student_ledger_html/list?student_cid=11953 HTTP/1.1" 200 16289 "http://149.28.137.234:8888/erp/fee_management/fee_info/student_ledger_html/list?student_cid=11426" "Mozilla/5.0 (Windows NT 10.0; Win64; x64) AppleWebKit/537.36 (KHTML, like Gecko) Chrome/109.0.0.0 Safari/537.36"
39.35.202.58 - - [15/May/2024:04:28:27 +0000] "GET /erp/fee_management/fee_voucher/duplicate_fee_voucher HTTP/1.1" 200 15213 "http://149.28.137.234:8888/erp/fee_management/fee_voucher/single_fee_voucher" "Mozilla/5.0 (Windows NT 10.0; Win64; x64) AppleWebKit/537.36 (KHTML, like Gecko) Chrome/124.0.0.0 Safari/537.36"
203.130.9.82 - - [15/May/2024:04:28:31 +0000] "POST /erp/fee_management/fee_posting/fee_posting_current/list HTTP/1.1" 303 531 "http://149.28.137.234:8888/erp/fee_management/fee_posting/fee_posting_current" "Mozilla/5.0 (Windows NT 10.0; Win64; x64) AppleWebKit/537.36 (KHTML, like Gecko) Chrome/109.0.0.0 Safari/537.36"
203.130.9.82 - - [15/May/2024:04:28:32 +0000] "GET /erp/fee_management/fee_posting/fee_posting_current HTTP/1.1" 200 15125 "http://149.28.137.234:8888/erp/fee_management/fee_posting/fee_posting_current" "Mozilla/5.0 (Windows NT 10.0; Win64; x64) AppleWebKit/537.36 (KHTML, like Gecko) Chrome/109.0.0.0 Safari/537.36"
39.35.202.58 - - [15/May/2024:04:28:42 +0000] "POST /erp/fee_management/fee_voucher/duplicate_fee_voucher HTTP/1.1" 303 458 "http://149.28.137.234:8888/erp/fee_management/fee_voucher/duplicate_fee_voucher" "Mozilla/5.0 (Windows NT 10.0; Win64; x64) AppleWebKit/537.36 (KHTML, like Gecko) Chrome/124.0.0.0 Safari/537.36"
39.35.202.58 - - [15/May/2024:04:28:42 +0000] "GET /erp/fee_management/fee_voucher/duplicate_fee_voucher/duplicate_list/16440/ HTTP/1.1" 200 15198 "http://149.28.137.234:8888/erp/fee_management/fee_voucher/duplicate_fee_voucher" "Mozilla/5.0 (Windows NT 10.0; Win64; x64) AppleWebKit/537.36 (KHTML, like Gecko) Chrome/124.0.0.0 Safari/537.36"
119.155.52.122 - - [15/May/2024:04:28:42 +0000] "GET /erp/fee_management/fee_voucher/duplicate_fee_voucher HTTP/1.1" 200 15193 "http://149.28.137.234:8888/erp/fee_management/fee_voucher/single_fee_voucher" "Mozilla/5.0 (Windows NT 10.0; Win64; x64) AppleWebKit/537.36 (KHTML, like Gecko) Chrome/124.0.0.0 Safari/537.36"
119.155.52.122 - - [15/May/2024:04:28:50 +0000] "POST /erp/fee_management/fee_voucher/duplicate_fee_voucher HTTP/1.1" 303 458 "http://149.28.137.234:8888/erp/fee_management/fee_voucher/duplicate_fee_voucher" "Mozilla/5.0 (Windows NT 10.0; Win64; x64) AppleWebKit/537.36 (KHTML, like Gecko) Chrome/124.0.0.0 Safari/537.36"
119.155.52.122 - - [15/May/2024:04:28:51 +0000] "GET /erp/fee_management/fee_voucher/duplicate_fee_voucher/duplicate_list/16440/ HTTP/1.1" 200 15082 "http://149.28.137.234:8888/erp/fee_management/fee_voucher/duplicate_fee_voucher" "Mozilla/5.0 (Windows NT 10.0; Win64; x64) AppleWebKit/537.36 (KHTML, like Gecko) Chrome/124.0.0.0 Safari/537.36"
39.35.202.58 - - [15/May/2024:04:28:51 +0000] "GET /erp/fee_management/fee_voucher/duplicate_fee_voucher/pdf/156737 HTTP/1.1" 200 89258 "http://149.28.137.234:8888/erp/fee_management/fee_voucher/duplicate_fee_voucher/duplicate_list/16440/" "Mozilla/5.0 (Windows NT 10.0; Win64; x64) AppleWebKit/537.36 (KHTML, like Gecko) Chrome/124.0.0.0 Safari/537.36"
39.35.202.58 - - [15/May/2024:04:28:52 +0000] "GET /favicon.ico HTTP/1.1" 404 495 "http://149.28.137.234:8888/erp/fee_management/fee_voucher/duplicate_fee_voucher/pdf/156737" "Mozilla/5.0 (Windows NT 10.0; Win64; x64) AppleWebKit/537.36 (KHTML, like Gecko) Chrome/124.0.0.0 Safari/537.36"
39.35.202.58 - - [15/May/2024:04:28:53 +0000] "GET /erp/fee_management/fee_voucher/duplicate_fee_voucher/pdf/156737 HTTP/1.1" 200 89258 "-" "Mozilla/5.0 (Windows NT 10.0; Win64; x64) AppleWebKit/537.36 (KHTML, like Gecko) Chrome/124.0.0.0 Safari/537.36"
39.35.202.58 - - [15/May/2024:04:28:53 +0000] "GET /erp/fee_management/fee_voucher/duplicate_fee_voucher/pdf/156737 HTTP/1.1" 200 89257 "-" "Mozilla/5.0 (Windows NT 10.0; Win64; x64) AppleWebKit/537.36 (KHTML, like Gecko) Chrome/124.0.0.0 Safari/537.36"
119.155.52.122 - - [15/May/2024:04:29:00 +0000] "GET /erp/fee_management/fee_voucher/duplicate_fee_voucher/pdf/156737 HTTP/1.1" 200 89258 "http://149.28.137.234:8888/erp/fee_management/fee_voucher/duplicate_fee_voucher/duplicate_list/16440/" "Mozilla/5.0 (Windows NT 10.0; Win64; x64) AppleWebKit/537.36 (KHTML, like Gecko) Chrome/124.0.0.0 Safari/537.36"
203.130.9.82 - - [15/May/2024:04:29:22 +0000] "-" 408 0 "-" "-"
203.130.9.82 - - [15/May/2024:04:29:22 +0000] "-" 408 0 "-" "-"
149.28.137.234 - - [15/May/2024:04:30:01 +0000] "GET /erp/cron/delete_ci_session_files HTTP/1.1" 200 425 "-" "curl/7.81.0"
39.48.140.160 - - [15/May/2024:04:30:01 +0000] "POST /erp/student_management/active_student/active_student_list/get_data HTTP/1.1" 303 490 "http://149.28.137.234:8888/erp/fee_management/fee_info/student_ledger_html/list?student_cid=12077" "Mozilla/5.0 (Windows NT 10.0; Win64; x64) AppleWebKit/537.36 (KHTML, like Gecko) Chrome/109.0.0.0 Safari/537.36"
39.48.140.160 - - [15/May/2024:04:30:02 +0000] "GET /erp/login HTTP/1.1" 200 3469 "http://149.28.137.234:8888/erp/fee_management/fee_info/student_ledger_html/list?student_cid=12077" "Mozilla/5.0 (Windows NT 10.0; Win64; x64) AppleWebKit/537.36 (KHTML, like Gecko) Chrome/109.0.0.0 Safari/537.36"
39.48.140.160 - - [15/May/2024:04:30:06 +0000] "POST /erp/student_management/active_student/active_student_list/get_data HTTP/1.1" 303 489 "http://149.28.137.234:8888/erp/fee_management/fee_info/student_ledger_html/list?student_cid=12077" "Mozilla/5.0 (Windows NT 10.0; Win64; x64) AppleWebKit/537.36 (KHTML, like Gecko) Chrome/109.0.0.0 Safari/537.36"
39.48.140.160 - - [15/May/2024:04:30:06 +0000] "GET /erp/login HTTP/1.1" 200 3469 "http://149.28.137.234:8888/erp/fee_management/fee_info/student_ledger_html/list?student_cid=12077" "Mozilla/5.0 (Windows NT 10.0; Win64; x64) AppleWebKit/537.36 (KHTML, like Gecko) Chrome/109.0.0.0 Safari/537.36"
39.48.140.160 - - [15/May/2024:04:30:13 +0000] "POST /erp/student_management/active_student/active_student_list/get_data HTTP/1.1" 303 490 "http://149.28.137.234:8888/erp/fee_report/fee_collection/collection_verification" "Mozilla/5.0 (Windows NT 10.0; Win64; x64) AppleWebKit/537.36 (KHTML, like Gecko) Chrome/109.0.0.0 Safari/537.36"
39.48.140.160 - - [15/May/2024:04:30:14 +0000] "GET /erp/login HTTP/1.1" 200 3469 "http://149.28.137.234:8888/erp/fee_report/fee_collection/collection_verification" "Mozilla/5.0 (Windows NT 10.0; Win64; x64) AppleWebKit/537.36 (KHTML, like Gecko) Chrome/109.0.0.0 Safari/537.36"
39.48.140.160 - - [15/May/2024:04:30:17 +0000] "GET /erp/fee_report/fee_collection/collection_verification HTTP/1.1" 307 401 "-" "Mozilla/5.0 (Windows NT 10.0; Win64; x64) AppleWebKit/537.36 (KHTML, like Gecko) Chrome/109.0.0.0 Safari/537.36"
39.48.140.160 - - [15/May/2024:04:30:17 +0000] "GET /erp/login HTTP/1.1" 200 3372 "-" "Mozilla/5.0 (Windows NT 10.0; Win64; x64) AppleWebKit/537.36 (KHTML, like Gecko) Chrome/109.0.0.0 Safari/537.36"
39.48.140.160 - - [15/May/2024:04:30:21 +0000] "POST /erp/login HTTP/1.1" 303 559 "http://149.28.137.234:8888/erp/login" "Mozilla/5.0 (Windows NT 10.0; Win64; x64) AppleWebKit/537.36 (KHTML, like Gecko) Chrome/109.0.0.0 Safari/537.36"
39.48.140.160 - - [15/May/2024:04:30:21 +0000] "GET /erp/dashboard HTTP/1.1" 200 15805 "http://149.28.137.234:8888/erp/login" "Mozilla/5.0 (Windows NT 10.0; Win64; x64) AppleWebKit/537.36 (KHTML, like Gecko) Chrome/109.0.0.0 Safari/537.36"
39.48.140.160 - - [15/May/2024:04:30:28 +0000] "POST /erp/student_management/active_student/active_student_list/get_data HTTP/1.1" 200 664 "http://149.28.137.234:8888/erp/dashboard" "Mozilla/5.0 (Windows NT 10.0; Win64; x64) AppleWebKit/537.36 (KHTML, like Gecko) Chrome/109.0.0.0 Safari/537.36"
39.48.140.160 - - [15/May/2024:04:30:30 +0000] "GET /erp/fee_management/fee_info/student_ledger_html/list?student_cid=10517 HTTP/1.1" 200 16486 "http://149.28.137.234:8888/erp/dashboard" "Mozilla/5.0 (Windows NT 10.0; Win64; x64) AppleWebKit/537.36 (KHTML, like Gecko) Chrome/109.0.0.0 Safari/537.36"
39.48.140.160 - - [15/May/2024:04:30:50 +0000] "POST /erp/student_management/active_student/active_student_list/get_data HTTP/1.1" 200 609 "http://149.28.137.234:8888/erp/fee_management/fee_info/student_ledger_html/list?student_cid=10517" "Mozilla/5.0 (Windows NT 10.0; Win64; x64) AppleWebKit/537.36 (KHTML, like Gecko) Chrome/109.0.0.0 Safari/537.36"
39.48.140.160 - - [15/May/2024:04:30:52 +0000] "GET /erp/fee_management/fee_info/student_ledger_html/list?student_cid=11457 HTTP/1.1" 200 16347 "http://149.28.137.234:8888/erp/fee_management/fee_info/student_ledger_html/list?student_cid=10517" "Mozilla/5.0 (Windows NT 10.0; Win64; x64) AppleWebKit/537.36 (KHTML, like Gecko) Chrome/109.0.0.0 Safari/537.36"
203.130.9.82 - - [15/May/2024:04:30:58 +0000] "GET /erp/fee_management/fee_voucher/single_fee_voucher HTTP/1.1" 307 499 "http://149.28.137.234:8888/erp/fee_management/fee_posting/fee_posting_current" "Mozilla/5.0 (Windows NT 10.0; Win64; x64) AppleWebKit/537.36 (KHTML, like Gecko) Chrome/109.0.0.0 Safari/537.36"
203.130.9.82 - - [15/May/2024:04:30:59 +0000] "GET /erp/login HTTP/1.1" 200 3372 "http://149.28.137.234:8888/erp/fee_management/fee_posting/fee_posting_current" "Mozilla/5.0 (Windows NT 10.0; Win64; x64) AppleWebKit/537.36 (KHTML, like Gecko) Chrome/109.0.0.0 Safari/537.36"
203.130.9.82 - - [15/May/2024:04:31:00 +0000] "GET /erp/assets/web_new/js/custom.js?v=0.1 HTTP/1.1" 200 19867 "http://149.28.137.234:8888/erp/login" "Mozilla/5.0 (Windows NT 10.0; Win64; x64) AppleWebKit/537.36 (KHTML, like Gecko) Chrome/109.0.0.0 Safari/537.36"
203.130.9.82 - - [15/May/2024:04:31:00 +0000] "GET /erp/assets/web_new/js/custom.js?v=1.4 HTTP/1.1" 200 19868 "http://149.28.137.234:8888/erp/login" "Mozilla/5.0 (Windows NT 10.0; Win64; x64) AppleWebKit/537.36 (KHTML, like Gecko) Chrome/109.0.0.0 Safari/537.36"
39.48.140.160 - - [15/May/2024:04:31:03 +0000] "POST /erp/student_management/active_student/active_student_list/get_data HTTP/1.1" 200 602 "http://149.28.137.234:8888/erp/fee_management/fee_info/student_ledger_html/list?student_cid=11457" "Mozilla/5.0 (Windows NT 10.0; Win64; x64) AppleWebKit/537.36 (KHTML, like Gecko) Chrome/109.0.0.0 Safari/537.36"
39.48.140.160 - - [15/May/2024:04:31:05 +0000] "GET /erp/fee_management/fee_info/student_ledger_html/list?student_cid=11932 HTTP/1.1" 200 16132 "http://149.28.137.234:8888/erp/fee_management/fee_info/student_ledger_html/list?student_cid=11457" "Mozilla/5.0 (Windows NT 10.0; Win64; x64) AppleWebKit/537.36 (KHTML, like Gecko) Chrome/109.0.0.0 Safari/537.36"
203.130.9.82 - - [15/May/2024:04:31:07 +0000] "POST /erp/login HTTP/1.1" 303 591 "http://149.28.137.234:8888/erp/login" "Mozilla/5.0 (Windows NT 10.0; Win64; x64) AppleWebKit/537.36 (KHTML, like Gecko) Chrome/109.0.0.0 Safari/537.36"
203.130.9.82 - - [15/May/2024:04:31:08 +0000] "GET /erp/dashboard HTTP/1.1" 200 15363 "http://149.28.137.234:8888/erp/login" "Mozilla/5.0 (Windows NT 10.0; Win64; x64) AppleWebKit/537.36 (KHTML, like Gecko) Chrome/109.0.0.0 Safari/537.36"
203.130.9.82 - - [15/May/2024:04:31:09 +0000] "GET /erp/assets/web_new/css/select2.min.css HTTP/1.1" 200 2495 "http://149.28.137.234:8888/erp/dashboard" "Mozilla/5.0 (Windows NT 10.0; Win64; x64) AppleWebKit/537.36 (KHTML, like Gecko) Chrome/109.0.0.0 Safari/537.36"
203.130.9.82 - - [15/May/2024:04:31:09 +0000] "GET /erp/assets/web_new/js/chart.js HTTP/1.1" 200 74918 "http://149.28.137.234:8888/erp/dashboard" "Mozilla/5.0 (Windows NT 10.0; Win64; x64) AppleWebKit/537.36 (KHTML, like Gecko) Chrome/109.0.0.0 Safari/537.36"
203.130.9.82 - - [15/May/2024:04:31:10 +0000] "GET /erp/assets/web_new/js/select2.min.js HTTP/1.1" 200 20371 "http://149.28.137.234:8888/erp/dashboard" "Mozilla/5.0 (Windows NT 10.0; Win64; x64) AppleWebKit/537.36 (KHTML, like Gecko) Chrome/109.0.0.0 Safari/537.36"
39.48.140.160 - - [15/May/2024:04:31:15 +0000] "POST /erp/student_management/active_student/active_student_list/get_data HTTP/1.1" 200 601 "http://149.28.137.234:8888/erp/fee_management/fee_info/student_ledger_html/list?student_cid=11932" "Mozilla/5.0 (Windows NT 10.0; Win64; x64) AppleWebKit/537.36 (KHTML, like Gecko) Chrome/109.0.0.0 Safari/537.36"
39.48.140.160 - - [15/May/2024:04:31:17 +0000] "GET /erp/fee_management/fee_info/student_ledger_html/list?student_cid=11936 HTTP/1.1" 200 16244 "http://149.28.137.234:8888/erp/fee_management/fee_info/student_ledger_html/list?student_cid=11932" "Mozilla/5.0 (Windows NT 10.0; Win64; x64) AppleWebKit/537.36 (KHTML, like Gecko) Chrome/109.0.0.0 Safari/537.36"
203.130.9.82 - - [15/May/2024:04:31:18 +0000] "GET /erp/fee_management/fee_voucher/single_fee_voucher HTTP/1.1" 200 15029 "http://149.28.137.234:8888/erp/dashboard" "Mozilla/5.0 (Windows NT 10.0; Win64; x64) AppleWebKit/537.36 (KHTML, like Gecko) Chrome/109.0.0.0 Safari/537.36"
203.130.9.82 - - [15/May/2024:04:31:19 +0000] "GET /erp/assets/web_new/js/fee_management/fee_voucher/single_fee_voucher.js HTTP/1.1" 200 2020 "http://149.28.137.234:8888/erp/fee_management/fee_voucher/single_fee_voucher" "Mozilla/5.0 (Windows NT 10.0; Win64; x64) AppleWebKit/537.36 (KHTML, like Gecko) Chrome/109.0.0.0 Safari/537.36"
203.130.9.82 - - [15/May/2024:04:31:26 +0000] "POST /erp/fee_management/fee_voucher/single_fee_voucher HTTP/1.1" 200 15620 "http://149.28.137.234:8888/erp/fee_management/fee_voucher/single_fee_voucher" "Mozilla/5.0 (Windows NT 10.0; Win64; x64) AppleWebKit/537.36 (KHTML, like Gecko) Chrome/109.0.0.0 Safari/537.36"
119.155.52.122 - - [15/May/2024:04:31:27 +0000] "GET /erp/fee_management/fee_voucher/duplicate_fee_voucher HTTP/1.1" 307 499 "http://149.28.137.234:8888/erp/fee_management/fee_voucher/duplicate_fee_voucher/duplicate_list/16440/" "Mozilla/5.0 (Windows NT 10.0; Win64; x64) AppleWebKit/537.36 (KHTML, like Gecko) Chrome/124.0.0.0 Safari/537.36"
119.155.52.122 - - [15/May/2024:04:31:27 +0000] "GET /erp/login HTTP/1.1" 200 3372 "http://149.28.137.234:8888/erp/fee_management/fee_voucher/duplicate_fee_voucher/duplicate_list/16440/" "Mozilla/5.0 (Windows NT 10.0; Win64; x64) AppleWebKit/537.36 (KHTML, like Gecko) Chrome/124.0.0.0 Safari/537.36"
119.155.52.122 - - [15/May/2024:04:31:34 +0000] "POST /erp/login HTTP/1.1" 303 584 "http://149.28.137.234:8888/erp/login" "Mozilla/5.0 (Windows NT 10.0; Win64; x64) AppleWebKit/537.36 (KHTML, like Gecko) Chrome/124.0.0.0 Safari/537.36"
119.155.52.122 - - [15/May/2024:04:31:35 +0000] "GET /erp/dashboard HTTP/1.1" 200 15363 "http://149.28.137.234:8888/erp/login" "Mozilla/5.0 (Windows NT 10.0; Win64; x64) AppleWebKit/537.36 (KHTML, like Gecko) Chrome/124.0.0.0 Safari/537.36"
39.48.140.160 - - [15/May/2024:04:31:37 +0000] "POST /erp/student_management/active_student/active_student_list/get_data HTTP/1.1" 200 611 "http://149.28.137.234:8888/erp/fee_management/fee_info/student_ledger_html/list?student_cid=11936" "Mozilla/5.0 (Windows NT 10.0; Win64; x64) AppleWebKit/537.36 (KHTML, like Gecko) Chrome/109.0.0.0 Safari/537.36"
203.130.9.82 - - [15/May/2024:04:31:39 +0000] "POST /erp/fee_management/fee_voucher/single_fee_voucher/get_charged_fees_ajax HTTP/1.1" 200 1066 "http://149.28.137.234:8888/erp/fee_management/fee_voucher/single_fee_voucher" "Mozilla/5.0 (Windows NT 10.0; Win64; x64) AppleWebKit/537.36 (KHTML, like Gecko) Chrome/109.0.0.0 Safari/537.36"
39.48.140.160 - - [15/May/2024:04:31:39 +0000] "GET /erp/fee_management/fee_info/student_ledger_html/list?student_cid=12035 HTTP/1.1" 200 16139 "http://149.28.137.234:8888/erp/fee_management/fee_info/student_ledger_html/list?student_cid=11936" "Mozilla/5.0 (Windows NT 10.0; Win64; x64) AppleWebKit/537.36 (KHTML, like Gecko) Chrome/109.0.0.0 Safari/537.36"
203.130.9.82 - - [15/May/2024:04:31:40 +0000] "POST /erp/fee_management/fee_voucher/single_fee_voucher/get_active_voucher_by_charge_id HTTP/1.1" 200 484 "http://149.28.137.234:8888/erp/fee_management/fee_voucher/single_fee_voucher" "Mozilla/5.0 (Windows NT 10.0; Win64; x64) AppleWebKit/537.36 (KHTML, like Gecko) Chrome/109.0.0.0 Safari/537.36"
203.130.9.82 - - [15/May/2024:04:31:42 +0000] "POST /erp/fee_management/fee_voucher/single_fee_voucher/inactive_voucher_by_voucher_id_ajax HTTP/1.1" 200 434 "http://149.28.137.234:8888/erp/fee_management/fee_voucher/single_fee_voucher" "Mozilla/5.0 (Windows NT 10.0; Win64; x64) AppleWebKit/537.36 (KHTML, like Gecko) Chrome/109.0.0.0 Safari/537.36"
203.130.9.82 - - [15/May/2024:04:31:42 +0000] "POST /erp/fee_management/fee_voucher/single_fee_voucher/add HTTP/1.1" 500 320 "http://149.28.137.234:8888/erp/fee_management/fee_voucher/single_fee_voucher" "Mozilla/5.0 (Windows NT 10.0; Win64; x64) AppleWebKit/537.36 (KHTML, like Gecko) Chrome/109.0.0.0 Safari/537.36"
119.155.52.122 - - [15/May/2024:04:31:44 +0000] "GET /erp/fee_management/fee_voucher/duplicate_fee_voucher HTTP/1.1" 200 15041 "http://149.28.137.234:8888/erp/dashboard" "Mozilla/5.0 (Windows NT 10.0; Win64; x64) AppleWebKit/537.36 (KHTML, like Gecko) Chrome/124.0.0.0 Safari/537.36"
203.130.9.82 - - [15/May/2024:04:31:49 +0000] "GET /erp/fee_management/fee_posting/fee_posting_current HTTP/1.1" 200 15114 "http://149.28.137.234:8888/erp/fee_management/fee_voucher/single_fee_voucher" "Mozilla/5.0 (Windows NT 10.0; Win64; x64) AppleWebKit/537.36 (KHTML, like Gecko) Chrome/109.0.0.0 Safari/537.36"
119.155.52.122 - - [15/May/2024:04:31:50 +0000] "POST /erp/fee_management/fee_voucher/duplicate_fee_voucher HTTP/1.1" 303 458 "http://149.28.137.234:8888/erp/fee_management/fee_voucher/duplicate_fee_voucher" "Mozilla/5.0 (Windows NT 10.0; Win64; x64) AppleWebKit/537.36 (KHTML, like Gecko) Chrome/124.0.0.0 Safari/537.36"
119.155.52.122 - - [15/May/2024:04:31:50 +0000] "GET /erp/fee_management/fee_voucher/duplicate_fee_voucher/duplicate_list/16604/ HTTP/1.1" 200 15062 "http://149.28.137.234:8888/erp/fee_management/fee_voucher/duplicate_fee_voucher" "Mozilla/5.0 (Windows NT 10.0; Win64; x64) AppleWebKit/537.36 (KHTML, like Gecko) Chrome/124.0.0.0 Safari/537.36"
203.130.9.82 - - [15/May/2024:04:31:56 +0000] "POST /erp/fee_management/fee_posting/fee_posting_current/list HTTP/1.1" 200 15344 "http://149.28.137.234:8888/erp/fee_management/fee_posting/fee_posting_current" "Mozilla/5.0 (Windows NT 10.0; Win64; x64) AppleWebKit/537.36 (KHTML, like Gecko) Chrome/109.0.0.0 Safari/537.36"
119.155.52.122 - - [15/May/2024:04:31:59 +0000] "GET /erp/fee_management/fee_voucher/duplicate_fee_voucher/pdf/150932-1 HTTP/1.1" 200 89993 "http://149.28.137.234:8888/erp/fee_management/fee_voucher/duplicate_fee_voucher/duplicate_list/16604/" "Mozilla/5.0 (Windows NT 10.0; Win64; x64) AppleWebKit/537.36 (KHTML, like Gecko) Chrome/124.0.0.0 Safari/537.36"
203.130.9.82 - - [15/May/2024:04:32:02 +0000] "GET /erp/fee_management/fee_posting/fee_posting_current/add/156738 HTTP/1.1" 200 17217 "http://149.28.137.234:8888/erp/fee_management/fee_posting/fee_posting_current/list" "Mozilla/5.0 (Windows NT 10.0; Win64; x64) AppleWebKit/537.36 (KHTML, like Gecko) Chrome/109.0.0.0 Safari/537.36"
203.130.9.82 - - [15/May/2024:04:32:11 +0000] "POST /erp/student_management/active_student/active_student_list/get_data HTTP/1.1" 303 490 "http://149.28.137.234:8888/erp/student_management/active_student/active_student_list" "Mozilla/5.0 (Windows NT 10.0; Win64; x64) AppleWebKit/537.36 (KHTML, like Gecko) Chrome/124.0.0.0 Safari/537.36"
203.130.9.82 - - [15/May/2024:04:32:11 +0000] "GET /erp/login HTTP/1.1" 200 3469 "http://149.28.137.234:8888/erp/student_management/active_student/active_student_list" "Mozilla/5.0 (Windows NT 10.0; Win64; x64) AppleWebKit/537.36 (KHTML, like Gecko) Chrome/124.0.0.0 Safari/537.36"
119.155.52.122 - - [15/May/2024:04:32:15 +0000] "GET /erp/fee_management/fee_posting/fee_posting_form HTTP/1.1" 200 15056 "http://149.28.137.234:8888/erp/fee_management/fee_voucher/duplicate_fee_voucher/duplicate_list/16604/" "Mozilla/5.0 (Windows NT 10.0; Win64; x64) AppleWebKit/537.36 (KHTML, like Gecko) Chrome/124.0.0.0 Safari/537.36"
203.130.9.82 - - [15/May/2024:04:32:16 +0000] "POST /erp/student_management/active_student/active_student_list/get_data HTTP/1.1" 303 489 "http://149.28.137.234:8888/erp/student_management/active_student/active_student_list" "Mozilla/5.0 (Windows NT 10.0; Win64; x64) AppleWebKit/537.36 (KHTML, like Gecko) Chrome/124.0.0.0 Safari/537.36"
203.130.9.82 - - [15/May/2024:04:32:17 +0000] "GET /erp/login HTTP/1.1" 200 3469 "http://149.28.137.234:8888/erp/student_management/active_student/active_student_list" "Mozilla/5.0 (Windows NT 10.0; Win64; x64) AppleWebKit/537.36 (KHTML, like Gecko) Chrome/124.0.0.0 Safari/537.36"
203.130.9.82 - - [15/May/2024:04:32:20 +0000] "GET /erp/student_management/active_student/active_student_list HTTP/1.1" 307 401 "-" "Mozilla/5.0 (Windows NT 10.0; Win64; x64) AppleWebKit/537.36 (KHTML, like Gecko) Chrome/124.0.0.0 Safari/537.36"
39.48.140.160 - - [15/May/2024:04:32:21 +0000] "POST /erp/student_management/active_student/active_student_list/get_data HTTP/1.1" 200 599 "http://149.28.137.234:8888/erp/fee_management/fee_info/student_ledger_html/list?student_cid=12035" "Mozilla/5.0 (Windows NT 10.0; Win64; x64) AppleWebKit/537.36 (KHTML, like Gecko) Chrome/109.0.0.0 Safari/537.36"
203.130.9.82 - - [15/May/2024:04:32:21 +0000] "GET /erp/login HTTP/1.1" 200 3372 "-" "Mozilla/5.0 (Windows NT 10.0; Win64; x64) AppleWebKit/537.36 (KHTML, like Gecko) Chrome/124.0.0.0 Safari/537.36"
119.155.52.122 - - [15/May/2024:04:32:22 +0000] "POST /erp/fee_management/fee_posting/fee_posting_form/list HTTP/1.1" 303 431 "http://149.28.137.234:8888/erp/fee_management/fee_posting/fee_posting_form" "Mozilla/5.0 (Windows NT 10.0; Win64; x64) AppleWebKit/537.36 (KHTML, like Gecko) Chrome/124.0.0.0 Safari/537.36"
119.155.52.122 - - [15/May/2024:04:32:22 +0000] "GET /erp/fee_management/fee_posting/fee_posting_form HTTP/1.1" 200 15121 "http://149.28.137.234:8888/erp/fee_management/fee_posting/fee_posting_form" "Mozilla/5.0 (Windows NT 10.0; Win64; x64) AppleWebKit/537.36 (KHTML, like Gecko) Chrome/124.0.0.0 Safari/537.36"
39.48.140.160 - - [15/May/2024:04:32:22 +0000] "GET /erp/fee_management/fee_info/student_ledger_html/list?student_cid=11976 HTTP/1.1" 200 16292 "http://149.28.137.234:8888/erp/fee_management/fee_info/student_ledger_html/list?student_cid=12035" "Mozilla/5.0 (Windows NT 10.0; Win64; x64) AppleWebKit/537.36 (KHTML, like Gecko) Chrome/109.0.0.0 Safari/537.36"
203.130.9.82 - - [15/May/2024:04:32:25 +0000] "POST /erp/login HTTP/1.1" 303 562 "http://149.28.137.234:8888/erp/login" "Mozilla/5.0 (Windows NT 10.0; Win64; x64) AppleWebKit/537.36 (KHTML, like Gecko) Chrome/124.0.0.0 Safari/537.36"
203.130.9.82 - - [15/May/2024:04:32:26 +0000] "GET /erp/dashboard HTTP/1.1" 200 15356 "http://149.28.137.234:8888/erp/login" "Mozilla/5.0 (Windows NT 10.0; Win64; x64) AppleWebKit/537.36 (KHTML, like Gecko) Chrome/124.0.0.0 Safari/537.36"
203.130.9.82 - - [15/May/2024:04:32:34 +0000] "POST /erp/student_management/active_student/active_student_list/get_data HTTP/1.1" 200 608 "http://149.28.137.234:8888/erp/dashboard" "Mozilla/5.0 (Windows NT 10.0; Win64; x64) AppleWebKit/537.36 (KHTML, like Gecko) Chrome/124.0.0.0 Safari/537.36"
39.48.140.160 - - [15/May/2024:04:32:34 +0000] "POST /erp/student_management/active_student/active_student_list/get_data HTTP/1.1" 200 618 "http://149.28.137.234:8888/erp/fee_management/fee_info/student_ledger_html/list?student_cid=11976" "Mozilla/5.0 (Windows NT 10.0; Win64; x64) AppleWebKit/537.36 (KHTML, like Gecko) Chrome/109.0.0.0 Safari/537.36"
39.48.140.160 - - [15/May/2024:04:32:36 +0000] "GET /erp/fee_management/fee_info/student_ledger_html/list?student_cid=11661 HTTP/1.1" 200 16147 "http://149.28.137.234:8888/erp/fee_management/fee_info/student_ledger_html/list?student_cid=11976" "Mozilla/5.0 (Windows NT 10.0; Win64; x64) AppleWebKit/537.36 (KHTML, like Gecko) Chrome/109.0.0.0 Safari/537.36"
203.130.9.82 - - [15/May/2024:04:32:37 +0000] "GET /erp/fee_management/fee_info/student_ledger_html/list?student_cid=15521 HTTP/1.1" 200 15644 "http://149.28.137.234:8888/erp/dashboard" "Mozilla/5.0 (Windows NT 10.0; Win64; x64) AppleWebKit/537.36 (KHTML, like Gecko) Chrome/124.0.0.0 Safari/537.36"
203.130.9.82 - - [15/May/2024:04:32:43 +0000] "POST /erp/fee_management/fee_posting/fee_posting_current/add/156738/ HTTP/1.1" 303 434 "http://149.28.137.234:8888/erp/fee_management/fee_posting/fee_posting_current/add/156738" "Mozilla/5.0 (Windows NT 10.0; Win64; x64) AppleWebKit/537.36 (KHTML, like Gecko) Chrome/109.0.0.0 Safari/537.36"
203.130.9.82 - - [15/May/2024:04:32:43 +0000] "GET /erp/fee_management/fee_posting/fee_posting_current HTTP/1.1" 200 15181 "http://149.28.137.234:8888/erp/fee_management/fee_posting/fee_posting_current/add/156738" "Mozilla/5.0 (Windows NT 10.0; Win64; x64) AppleWebKit/537.36 (KHTML, like Gecko) Chrome/109.0.0.0 Safari/537.36"
203.130.9.82 - - [15/May/2024:04:32:48 +0000] "GET /erp//fee_management/fee_voucher/payment_receipt_list/pdf/156738 HTTP/1.1" 500 320 "http://149.28.137.234:8888/erp/fee_management/fee_posting/fee_posting_current" "Mozilla/5.0 (Windows NT 10.0; Win64; x64) AppleWebKit/537.36 (KHTML, like Gecko) Chrome/109.0.0.0 Safari/537.36"
