39.48.140.160 - - [15/May/2024:03:44:32 +0000] "GET /erp/uploads/settings/school_campus_setup/school_setup/54b982450a3db854734c664ecec7b91f.jpg HTTP/1.1" 200 5560 "http://149.28.137.234:8888/erp/dashboard" "Mozilla/5.0 (Windows NT 10.0; Win64; x64) AppleWebKit/537.36 (KHTML, like Gecko) Chrome/109.0.0.0 Safari/537.36"
127.0.0.1 - - [15/May/2024:03:44:33 +0000] "OPTIONS * HTTP/1.0" 200 126 "-" "Apache/2.4.56 (Debian) PHP/8.1.0 (internal dummy connection)"
203.130.9.82 - - [15/May/2024:03:44:36 +0000] "POST /erp/fee_management/fee_posting/fee_posting_form/list HTTP/1.1" 200 15341 "http://149.28.137.234:8888/erp/fee_management/fee_posting/fee_posting_form" "Mozilla/5.0 (Windows NT 10.0; Win64; x64) AppleWebKit/537.36 (KHTML, like Gecko) Chrome/109.0.0.0 Safari/537.36"
127.0.0.1 - - [15/May/2024:03:44:39 +0000] "OPTIONS * HTTP/1.0" 200 126 "-" "Apache/2.4.56 (Debian) PHP/8.1.0 (internal dummy connection)"
127.0.0.1 - - [15/May/2024:03:44:40 +0000] "OPTIONS * HTTP/1.0" 200 126 "-" "Apache/2.4.56 (Debian) PHP/8.1.0 (internal dummy connection)"
127.0.0.1 - - [15/May/2024:03:44:41 +0000] "OPTIONS * HTTP/1.0" 200 126 "-" "Apache/2.4.56 (Debian) PHP/8.1.0 (internal dummy connection)"
127.0.0.1 - - [15/May/2024:03:44:42 +0000] "OPTIONS * HTTP/1.0" 200 126 "-" "Apache/2.4.56 (Debian) PHP/8.1.0 (internal dummy connection)"
127.0.0.1 - - [15/May/2024:03:44:43 +0000] "OPTIONS * HTTP/1.0" 200 126 "-" "Apache/2.4.56 (Debian) PHP/8.1.0 (internal dummy connection)"
39.48.140.160 - - [15/May/2024:03:44:53 +0000] "GET /erp/fee_report/fee_reports/fee_bank_file HTTP/1.1" 200 15867 "http://149.28.137.234:8888/erp/dashboard" "Mozilla/5.0 (Windows NT 10.0; Win64; x64) AppleWebKit/537.36 (KHTML, like Gecko) Chrome/109.0.0.0 Safari/537.36"
203.130.9.82 - - [15/May/2024:03:45:08 +0000] "GET /erp/fee_management/fee_posting/fee_posting_form/add/148678 HTTP/1.1" 200 18331 "http://149.28.137.234:8888/erp/fee_management/fee_posting/fee_posting_form/list" "Mozilla/5.0 (Windows NT 10.0; Win64; x64) AppleWebKit/537.36 (KHTML, like Gecko) Chrome/109.0.0.0 Safari/537.36"
203.130.9.82 - - [15/May/2024:03:45:24 +0000] "POST /erp/fee_management/fee_posting/fee_posting_form/roll_back/148678 HTTP/1.1" 200 17839 "http://149.28.137.234:8888/erp/fee_management/fee_posting/fee_posting_form/add/148678" "Mozilla/5.0 (Windows NT 10.0; Win64; x64) AppleWebKit/537.36 (KHTML, like Gecko) Chrome/109.0.0.0 Safari/537.36"
39.48.140.160 - - [15/May/2024:03:45:39 +0000] "POST /erp/fee_report/fee_reports/fee_bank_file HTTP/1.1" 200 150448 "http://149.28.137.234:8888/erp/fee_report/fee_reports/fee_bank_file" "Mozilla/5.0 (Windows NT 10.0; Win64; x64) AppleWebKit/537.36 (KHTML, like Gecko) Chrome/109.0.0.0 Safari/537.36"
203.130.9.82 - - [15/May/2024:03:45:55 +0000] "POST /erp/fee_management/fee_posting/fee_posting_form/fee_adjustment/148678 HTTP/1.1" 303 444 "http://149.28.137.234:8888/erp/fee_management/fee_posting/fee_posting_form/roll_back/148678" "Mozilla/5.0 (Windows NT 10.0; Win64; x64) AppleWebKit/537.36 (KHTML, like Gecko) Chrome/109.0.0.0 Safari/537.36"
203.130.9.82 - - [15/May/2024:03:45:56 +0000] "GET /erp/fee_management/fee_posting/fee_posting_form/add/148678-1 HTTP/1.1" 200 18170 "http://149.28.137.234:8888/erp/fee_management/fee_posting/fee_posting_form/roll_back/148678" "Mozilla/5.0 (Windows NT 10.0; Win64; x64) AppleWebKit/537.36 (KHTML, like Gecko) Chrome/109.0.0.0 Safari/537.36"
203.130.9.82 - - [15/May/2024:03:46:05 +0000] "POST /erp/fee_management/fee_posting/fee_posting_form/add/148678-1/ HTTP/1.1" 303 431 "http://149.28.137.234:8888/erp/fee_management/fee_posting/fee_posting_form/add/148678-1" "Mozilla/5.0 (Windows NT 10.0; Win64; x64) AppleWebKit/537.36 (KHTML, like Gecko) Chrome/109.0.0.0 Safari/537.36"
203.130.9.82 - - [15/May/2024:03:46:05 +0000] "GET /erp/fee_management/fee_posting/fee_posting_form HTTP/1.1" 200 15111 "http://149.28.137.234:8888/erp/fee_management/fee_posting/fee_posting_form/add/148678-1" "Mozilla/5.0 (Windows NT 10.0; Win64; x64) AppleWebKit/537.36 (KHTML, like Gecko) Chrome/109.0.0.0 Safari/537.36"
203.130.9.82 - - [15/May/2024:03:46:16 +0000] "GET /erp/fee_management/fee_voucher/single_fee_voucher HTTP/1.1" 200 15029 "http://149.28.137.234:8888/erp/fee_management/fee_posting/fee_posting_form" "Mozilla/5.0 (Windows NT 10.0; Win64; x64) AppleWebKit/537.36 (KHTML, like Gecko) Chrome/109.0.0.0 Safari/537.36"
203.130.9.82 - - [15/May/2024:03:46:28 +0000] "POST /erp/fee_management/fee_voucher/single_fee_voucher HTTP/1.1" 200 15642 "http://149.28.137.234:8888/erp/fee_management/fee_voucher/single_fee_voucher" "Mozilla/5.0 (Windows NT 10.0; Win64; x64) AppleWebKit/537.36 (KHTML, like Gecko) Chrome/109.0.0.0 Safari/537.36"
39.48.140.160 - - [15/May/2024:03:46:31 +0000] "-" 408 0 "-" "-"
203.130.9.82 - - [15/May/2024:03:46:51 +0000] "POST /erp/fee_management/fee_voucher/single_fee_voucher/get_charged_fees_ajax HTTP/1.1" 200 1058 "http://149.28.137.234:8888/erp/fee_management/fee_voucher/single_fee_voucher" "Mozilla/5.0 (Windows NT 10.0; Win64; x64) AppleWebKit/537.36 (KHTML, like Gecko) Chrome/109.0.0.0 Safari/537.36"
203.130.9.82 - - [15/May/2024:03:46:53 +0000] "POST /erp/fee_management/fee_voucher/single_fee_voucher/get_active_voucher_by_charge_id HTTP/1.1" 200 484 "http://149.28.137.234:8888/erp/fee_management/fee_voucher/single_fee_voucher" "Mozilla/5.0 (Windows NT 10.0; Win64; x64) AppleWebKit/537.36 (KHTML, like Gecko) Chrome/109.0.0.0 Safari/537.36"
203.130.9.82 - - [15/May/2024:03:46:57 +0000] "POST /erp/fee_management/fee_voucher/single_fee_voucher/inactive_voucher_by_voucher_id_ajax HTTP/1.1" 200 434 "http://149.28.137.234:8888/erp/fee_management/fee_voucher/single_fee_voucher" "Mozilla/5.0 (Windows NT 10.0; Win64; x64) AppleWebKit/537.36 (KHTML, like Gecko) Chrome/109.0.0.0 Safari/537.36"
203.130.9.82 - - [15/May/2024:03:46:58 +0000] "POST /erp/fee_management/fee_voucher/single_fee_voucher/add HTTP/1.1" 500 320 "http://149.28.137.234:8888/erp/fee_management/fee_voucher/single_fee_voucher" "Mozilla/5.0 (Windows NT 10.0; Win64; x64) AppleWebKit/537.36 (KHTML, like Gecko) Chrome/109.0.0.0 Safari/537.36"
203.130.9.82 - - [15/May/2024:03:47:49 +0000] "-" 408 0 "-" "-"
203.130.9.82 - - [15/May/2024:03:48:39 +0000] "GET /erp/student_management/active_student/active_student_list HTTP/1.1" 200 16034 "http://149.28.137.234:8888/erp/dashboard" "Mozilla/5.0 (Windows NT 10.0; Win64; x64) AppleWebKit/537.36 (KHTML, like Gecko) Chrome/124.0.0.0 Safari/537.36"
203.130.9.82 - - [15/May/2024:03:48:41 +0000] "POST /erp/student_management/active_student/active_student_list/get_list_ajax HTTP/1.1" 200 1135 "http://149.28.137.234:8888/erp/student_management/active_student/active_student_list" "Mozilla/5.0 (Windows NT 10.0; Win64; x64) AppleWebKit/537.36 (KHTML, like Gecko) Chrome/124.0.0.0 Safari/537.36"
203.130.9.82 - - [15/May/2024:03:49:11 +0000] "POST /erp/student_management/active_student/active_student_list/get_data HTTP/1.1" 200 608 "http://149.28.137.234:8888/erp/student_management/active_student/active_student_list" "Mozilla/5.0 (Windows NT 10.0; Win64; x64) AppleWebKit/537.36 (KHTML, like Gecko) Chrome/124.0.0.0 Safari/537.36"
203.130.9.82 - - [15/May/2024:03:49:15 +0000] "GET /erp/fee_management/fee_info/student_ledger_html/list?student_cid=15521 HTTP/1.1" 200 15644 "http://149.28.137.234:8888/erp/student_management/active_student/active_student_list" "Mozilla/5.0 (Windows NT 10.0; Win64; x64) AppleWebKit/537.36 (KHTML, like Gecko) Chrome/124.0.0.0 Safari/537.36"
203.130.9.82 - - [15/May/2024:03:50:01 +0000] "GET /erp/fee_management/fee_posting/set_posting_date HTTP/1.1" 200 15340 "http://149.28.137.234:8888/erp/fee_management/fee_voucher/single_fee_voucher" "Mozilla/5.0 (Windows NT 10.0; Win64; x64) AppleWebKit/537.36 (KHTML, like Gecko) Chrome/109.0.0.0 Safari/537.36"
203.130.9.82 - - [15/May/2024:03:50:11 +0000] "POST /erp/fee_management/fee_posting/set_posting_date/add HTTP/1.1" 303 431 "http://149.28.137.234:8888/erp/fee_management/fee_posting/set_posting_date" "Mozilla/5.0 (Windows NT 10.0; Win64; x64) AppleWebKit/537.36 (KHTML, like Gecko) Chrome/109.0.0.0 Safari/537.36"
203.130.9.82 - - [15/May/2024:03:50:11 +0000] "GET /erp/fee_management/fee_posting/set_posting_date HTTP/1.1" 200 15242 "http://149.28.137.234:8888/erp/fee_management/fee_posting/set_posting_date" "Mozilla/5.0 (Windows NT 10.0; Win64; x64) AppleWebKit/537.36 (KHTML, like Gecko) Chrome/109.0.0.0 Safari/537.36"
39.48.140.160 - - [15/May/2024:03:50:23 +0000] "POST /erp/student_management/active_student/active_student_list/get_data HTTP/1.1" 200 604 "http://149.28.137.234:8888/erp/fee_report/fee_reports/fee_bank_file" "Mozilla/5.0 (Windows NT 10.0; Win64; x64) AppleWebKit/537.36 (KHTML, like Gecko) Chrome/109.0.0.0 Safari/537.36"
39.48.140.160 - - [15/May/2024:03:50:25 +0000] "GET /erp/fee_management/fee_info/student_ledger_html/list?student_cid=11954 HTTP/1.1" 200 16367 "http://149.28.137.234:8888/erp/fee_report/fee_reports/fee_bank_file" "Mozilla/5.0 (Windows NT 10.0; Win64; x64) AppleWebKit/537.36 (KHTML, like Gecko) Chrome/109.0.0.0 Safari/537.36"
39.48.140.160 - - [15/May/2024:03:50:26 +0000] "GET /erp/assets/web_new/js/fee_management/fee_info/student_ledger_html.js HTTP/1.1" 200 648 "http://149.28.137.234:8888/erp/fee_management/fee_info/student_ledger_html/list?student_cid=11954" "Mozilla/5.0 (Windows NT 10.0; Win64; x64) AppleWebKit/537.36 (KHTML, like Gecko) Chrome/109.0.0.0 Safari/537.36"
203.130.9.82 - - [15/May/2024:03:50:30 +0000] "GET /erp/fee_management/fee_posting/fee_posting_form HTTP/1.1" 200 15056 "http://149.28.137.234:8888/erp/fee_management/fee_posting/set_posting_date" "Mozilla/5.0 (Windows NT 10.0; Win64; x64) AppleWebKit/537.36 (KHTML, like Gecko) Chrome/109.0.0.0 Safari/537.36"
203.130.9.82 - - [15/May/2024:03:50:43 +0000] "POST /erp/fee_management/fee_posting/fee_posting_form/list HTTP/1.1" 200 15344 "http://149.28.137.234:8888/erp/fee_management/fee_posting/fee_posting_form" "Mozilla/5.0 (Windows NT 10.0; Win64; x64) AppleWebKit/537.36 (KHTML, like Gecko) Chrome/109.0.0.0 Safari/537.36"
203.130.9.82 - - [15/May/2024:03:50:51 +0000] "GET /erp/fee_management/fee_posting/fee_posting_form/add/148760 HTTP/1.1" 200 17403 "http://149.28.137.234:8888/erp/fee_management/fee_posting/fee_posting_form/list" "Mozilla/5.0 (Windows NT 10.0; Win64; x64) AppleWebKit/537.36 (KHTML, like Gecko) Chrome/109.0.0.0 Safari/537.36"
203.130.9.82 - - [15/May/2024:03:51:02 +0000] "POST /erp/fee_management/fee_posting/fee_posting_form/add/148760/ HTTP/1.1" 303 431 "http://149.28.137.234:8888/erp/fee_management/fee_posting/fee_posting_form/add/148760" "Mozilla/5.0 (Windows NT 10.0; Win64; x64) AppleWebKit/537.36 (KHTML, like Gecko) Chrome/109.0.0.0 Safari/537.36"
203.130.9.82 - - [15/May/2024:03:51:03 +0000] "GET /erp/fee_management/fee_posting/fee_posting_form HTTP/1.1" 200 15111 "http://149.28.137.234:8888/erp/fee_management/fee_posting/fee_posting_form/add/148760" "Mozilla/5.0 (Windows NT 10.0; Win64; x64) AppleWebKit/537.36 (KHTML, like Gecko) Chrome/109.0.0.0 Safari/537.36"
203.130.9.82 - - [15/May/2024:03:51:12 +0000] "POST /erp/fee_management/fee_posting/fee_posting_form/list HTTP/1.1" 200 15350 "http://149.28.137.234:8888/erp/fee_management/fee_posting/fee_posting_form" "Mozilla/5.0 (Windows NT 10.0; Win64; x64) AppleWebKit/537.36 (KHTML, like Gecko) Chrome/109.0.0.0 Safari/537.36"
39.48.140.160 - - [15/May/2024:03:51:16 +0000] "-" 408 0 "-" "-"
203.130.9.82 - - [15/May/2024:03:51:18 +0000] "GET /erp/fee_management/fee_posting/fee_posting_form/add/148570 HTTP/1.1" 200 17412 "http://149.28.137.234:8888/erp/fee_management/fee_posting/fee_posting_form/list" "Mozilla/5.0 (Windows NT 10.0; Win64; x64) AppleWebKit/537.36 (KHTML, like Gecko) Chrome/109.0.0.0 Safari/537.36"
203.130.9.82 - - [15/May/2024:03:51:24 +0000] "POST /erp/fee_management/fee_posting/fee_posting_form/add/148570/ HTTP/1.1" 303 431 "http://149.28.137.234:8888/erp/fee_management/fee_posting/fee_posting_form/add/148570" "Mozilla/5.0 (Windows NT 10.0; Win64; x64) AppleWebKit/537.36 (KHTML, like Gecko) Chrome/109.0.0.0 Safari/537.36"
203.130.9.82 - - [15/May/2024:03:51:25 +0000] "GET /erp/fee_management/fee_posting/fee_posting_form HTTP/1.1" 200 15111 "http://149.28.137.234:8888/erp/fee_management/fee_posting/fee_posting_form/add/148570" "Mozilla/5.0 (Windows NT 10.0; Win64; x64) AppleWebKit/537.36 (KHTML, like Gecko) Chrome/109.0.0.0 Safari/537.36"
203.130.9.82 - - [15/May/2024:03:51:34 +0000] "POST /erp/fee_management/fee_posting/fee_posting_form/list HTTP/1.1" 200 15336 "http://149.28.137.234:8888/erp/fee_management/fee_posting/fee_posting_form" "Mozilla/5.0 (Windows NT 10.0; Win64; x64) AppleWebKit/537.36 (KHTML, like Gecko) Chrome/109.0.0.0 Safari/537.36"
203.130.9.82 - - [15/May/2024:03:51:41 +0000] "GET /erp/fee_management/fee_posting/fee_posting_form/add/148397 HTTP/1.1" 200 17406 "http://149.28.137.234:8888/erp/fee_management/fee_posting/fee_posting_form/list" "Mozilla/5.0 (Windows NT 10.0; Win64; x64) AppleWebKit/537.36 (KHTML, like Gecko) Chrome/109.0.0.0 Safari/537.36"
203.130.9.82 - - [15/May/2024:03:51:47 +0000] "POST /erp/fee_management/fee_posting/fee_posting_form/add/148397/ HTTP/1.1" 303 431 "http://149.28.137.234:8888/erp/fee_management/fee_posting/fee_posting_form/add/148397" "Mozilla/5.0 (Windows NT 10.0; Win64; x64) AppleWebKit/537.36 (KHTML, like Gecko) Chrome/109.0.0.0 Safari/537.36"
203.130.9.82 - - [15/May/2024:03:51:48 +0000] "GET /erp/fee_management/fee_posting/fee_posting_form HTTP/1.1" 200 15111 "http://149.28.137.234:8888/erp/fee_management/fee_posting/fee_posting_form/add/148397" "Mozilla/5.0 (Windows NT 10.0; Win64; x64) AppleWebKit/537.36 (KHTML, like Gecko) Chrome/109.0.0.0 Safari/537.36"
203.130.9.82 - - [15/May/2024:03:51:57 +0000] "POST /erp/fee_management/fee_posting/fee_posting_form/list HTTP/1.1" 200 15340 "http://149.28.137.234:8888/erp/fee_management/fee_posting/fee_posting_form" "Mozilla/5.0 (Windows NT 10.0; Win64; x64) AppleWebKit/537.36 (KHTML, like Gecko) Chrome/109.0.0.0 Safari/537.36"
203.130.9.82 - - [15/May/2024:03:52:03 +0000] "GET /erp/fee_management/fee_posting/fee_posting_form/add/149131 HTTP/1.1" 200 18124 "http://149.28.137.234:8888/erp/fee_management/fee_posting/fee_posting_form/list" "Mozilla/5.0 (Windows NT 10.0; Win64; x64) AppleWebKit/537.36 (KHTML, like Gecko) Chrome/109.0.0.0 Safari/537.36"
203.130.9.82 - - [15/May/2024:03:52:09 +0000] "POST /erp/fee_management/fee_posting/fee_posting_form/add/149131/ HTTP/1.1" 303 431 "http://149.28.137.234:8888/erp/fee_management/fee_posting/fee_posting_form/add/149131" "Mozilla/5.0 (Windows NT 10.0; Win64; x64) AppleWebKit/537.36 (KHTML, like Gecko) Chrome/109.0.0.0 Safari/537.36"
203.130.9.82 - - [15/May/2024:03:52:10 +0000] "GET /erp/fee_management/fee_posting/fee_posting_form HTTP/1.1" 200 15111 "http://149.28.137.234:8888/erp/fee_management/fee_posting/fee_posting_form/add/149131" "Mozilla/5.0 (Windows NT 10.0; Win64; x64) AppleWebKit/537.36 (KHTML, like Gecko) Chrome/109.0.0.0 Safari/537.36"
203.130.9.82 - - [15/May/2024:03:52:20 +0000] "POST /erp/fee_management/fee_posting/fee_posting_form/list HTTP/1.1" 200 15338 "http://149.28.137.234:8888/erp/fee_management/fee_posting/fee_posting_form" "Mozilla/5.0 (Windows NT 10.0; Win64; x64) AppleWebKit/537.36 (KHTML, like Gecko) Chrome/109.0.0.0 Safari/537.36"
203.130.9.82 - - [15/May/2024:03:52:25 +0000] "GET /erp/fee_management/fee_posting/fee_posting_current HTTP/1.1" 200 15052 "http://149.28.137.234:8888/erp/student_management/active_student/active_student_list" "Mozilla/5.0 (Windows NT 10.0; Win64; x64) AppleWebKit/537.36 (KHTML, like Gecko) Chrome/124.0.0.0 Safari/537.36"
203.130.9.82 - - [15/May/2024:03:52:26 +0000] "GET /erp/fee_management/fee_posting/fee_posting_form/add/148375 HTTP/1.1" 200 17403 "http://149.28.137.234:8888/erp/fee_management/fee_posting/fee_posting_form/list" "Mozilla/5.0 (Windows NT 10.0; Win64; x64) AppleWebKit/537.36 (KHTML, like Gecko) Chrome/109.0.0.0 Safari/537.36"
203.130.9.82 - - [15/May/2024:03:52:33 +0000] "POST /erp/fee_management/fee_posting/fee_posting_form/add/148375/ HTTP/1.1" 303 431 "http://149.28.137.234:8888/erp/fee_management/fee_posting/fee_posting_form/add/148375" "Mozilla/5.0 (Windows NT 10.0; Win64; x64) AppleWebKit/537.36 (KHTML, like Gecko) Chrome/109.0.0.0 Safari/537.36"
203.130.9.82 - - [15/May/2024:03:52:33 +0000] "GET /erp/fee_management/fee_posting/fee_posting_form HTTP/1.1" 200 15111 "http://149.28.137.234:8888/erp/fee_management/fee_posting/fee_posting_form/add/148375" "Mozilla/5.0 (Windows NT 10.0; Win64; x64) AppleWebKit/537.36 (KHTML, like Gecko) Chrome/109.0.0.0 Safari/537.36"
203.130.9.82 - - [15/May/2024:03:52:38 +0000] "GET /erp/fee_management/fee_posting/set_posting_date HTTP/1.1" 200 15181 "http://149.28.137.234:8888/erp/fee_management/fee_posting/fee_posting_form" "Mozilla/5.0 (Windows NT 10.0; Win64; x64) AppleWebKit/537.36 (KHTML, like Gecko) Chrome/124.0.0.0 Safari/537.36"
203.130.9.82 - - [15/May/2024:03:52:42 +0000] "POST /erp/fee_management/fee_posting/fee_posting_form/list HTTP/1.1" 200 15358 "http://149.28.137.234:8888/erp/fee_management/fee_posting/fee_posting_form" "Mozilla/5.0 (Windows NT 10.0; Win64; x64) AppleWebKit/537.36 (KHTML, like Gecko) Chrome/109.0.0.0 Safari/537.36"
203.130.9.82 - - [15/May/2024:03:52:48 +0000] "GET /erp/fee_management/fee_posting/fee_posting_form/add/148717 HTTP/1.1" 200 18141 "http://149.28.137.234:8888/erp/fee_management/fee_posting/fee_posting_form/list" "Mozilla/5.0 (Windows NT 10.0; Win64; x64) AppleWebKit/537.36 (KHTML, like Gecko) Chrome/109.0.0.0 Safari/537.36"
203.130.9.82 - - [15/May/2024:03:52:49 +0000] "POST /erp/fee_management/fee_posting/set_posting_date/add HTTP/1.1" 303 431 "http://149.28.137.234:8888/erp/fee_management/fee_posting/set_posting_date" "Mozilla/5.0 (Windows NT 10.0; Win64; x64) AppleWebKit/537.36 (KHTML, like Gecko) Chrome/124.0.0.0 Safari/537.36"
203.130.9.82 - - [15/May/2024:03:52:50 +0000] "GET /erp/fee_management/fee_posting/set_posting_date HTTP/1.1" 200 15235 "http://149.28.137.234:8888/erp/fee_management/fee_posting/set_posting_date" "Mozilla/5.0 (Windows NT 10.0; Win64; x64) AppleWebKit/537.36 (KHTML, like Gecko) Chrome/124.0.0.0 Safari/537.36"
203.130.9.82 - - [15/May/2024:03:52:56 +0000] "POST /erp/fee_management/fee_posting/fee_posting_form/add/148717/ HTTP/1.1" 303 431 "http://149.28.137.234:8888/erp/fee_management/fee_posting/fee_posting_form/add/148717" "Mozilla/5.0 (Windows NT 10.0; Win64; x64) AppleWebKit/537.36 (KHTML, like Gecko) Chrome/109.0.0.0 Safari/537.36"
203.130.9.82 - - [15/May/2024:03:52:57 +0000] "GET /erp/fee_management/fee_posting/fee_posting_form HTTP/1.1" 200 15111 "http://149.28.137.234:8888/erp/fee_management/fee_posting/fee_posting_form/add/148717" "Mozilla/5.0 (Windows NT 10.0; Win64; x64) AppleWebKit/537.36 (KHTML, like Gecko) Chrome/109.0.0.0 Safari/537.36"
203.130.9.82 - - [15/May/2024:03:52:59 +0000] "GET /erp/fee_management/fee_posting/fee_posting_form HTTP/1.1" 200 15049 "http://149.28.137.234:8888/erp/fee_management/fee_posting/set_posting_date" "Mozilla/5.0 (Windows NT 10.0; Win64; x64) AppleWebKit/537.36 (KHTML, like Gecko) Chrome/124.0.0.0 Safari/537.36"
203.130.9.82 - - [15/May/2024:03:53:13 +0000] "POST /erp/fee_management/fee_posting/fee_posting_form/list HTTP/1.1" 200 15341 "http://149.28.137.234:8888/erp/fee_management/fee_posting/fee_posting_form" "Mozilla/5.0 (Windows NT 10.0; Win64; x64) AppleWebKit/537.36 (KHTML, like Gecko) Chrome/109.0.0.0 Safari/537.36"
203.130.9.82 - - [15/May/2024:03:53:13 +0000] "POST /erp/fee_management/fee_posting/fee_posting_form/list HTTP/1.1" 200 15331 "http://149.28.137.234:8888/erp/fee_management/fee_posting/fee_posting_form" "Mozilla/5.0 (Windows NT 10.0; Win64; x64) AppleWebKit/537.36 (KHTML, like Gecko) Chrome/124.0.0.0 Safari/537.36"
203.130.9.82 - - [15/May/2024:03:53:18 +0000] "GET /erp/fee_management/fee_posting/fee_posting_form/add/148018 HTTP/1.1" 200 17403 "http://149.28.137.234:8888/erp/fee_management/fee_posting/fee_posting_form/list" "Mozilla/5.0 (Windows NT 10.0; Win64; x64) AppleWebKit/537.36 (KHTML, like Gecko) Chrome/109.0.0.0 Safari/537.36"
203.130.9.82 - - [15/May/2024:03:53:26 +0000] "POST /erp/fee_management/fee_posting/fee_posting_form/add/148018/ HTTP/1.1" 303 431 "http://149.28.137.234:8888/erp/fee_management/fee_posting/fee_posting_form/add/148018" "Mozilla/5.0 (Windows NT 10.0; Win64; x64) AppleWebKit/537.36 (KHTML, like Gecko) Chrome/109.0.0.0 Safari/537.36"
203.130.9.82 - - [15/May/2024:03:53:27 +0000] "GET /erp/fee_management/fee_posting/fee_posting_form HTTP/1.1" 200 15111 "http://149.28.137.234:8888/erp/fee_management/fee_posting/fee_posting_form/add/148018" "Mozilla/5.0 (Windows NT 10.0; Win64; x64) AppleWebKit/537.36 (KHTML, like Gecko) Chrome/109.0.0.0 Safari/537.36"
203.130.9.82 - - [15/May/2024:03:53:36 +0000] "POST /erp/fee_management/fee_posting/fee_posting_form/list HTTP/1.1" 200 15350 "http://149.28.137.234:8888/erp/fee_management/fee_posting/fee_posting_form" "Mozilla/5.0 (Windows NT 10.0; Win64; x64) AppleWebKit/537.36 (KHTML, like Gecko) Chrome/109.0.0.0 Safari/537.36"
203.130.9.82 - - [15/May/2024:03:53:41 +0000] "GET /erp/fee_management/fee_posting/fee_posting_form/add/148153 HTTP/1.1" 200 17407 "http://149.28.137.234:8888/erp/fee_management/fee_posting/fee_posting_form/list" "Mozilla/5.0 (Windows NT 10.0; Win64; x64) AppleWebKit/537.36 (KHTML, like Gecko) Chrome/109.0.0.0 Safari/537.36"
203.130.9.82 - - [15/May/2024:03:53:46 +0000] "POST /erp/fee_management/fee_posting/fee_posting_form/add/148153/ HTTP/1.1" 303 431 "http://149.28.137.234:8888/erp/fee_management/fee_posting/fee_posting_form/add/148153" "Mozilla/5.0 (Windows NT 10.0; Win64; x64) AppleWebKit/537.36 (KHTML, like Gecko) Chrome/109.0.0.0 Safari/537.36"
203.130.9.82 - - [15/May/2024:03:53:47 +0000] "GET /erp/fee_management/fee_posting/fee_posting_form HTTP/1.1" 200 15111 "http://149.28.137.234:8888/erp/fee_management/fee_posting/fee_posting_form/add/148153" "Mozilla/5.0 (Windows NT 10.0; Win64; x64) AppleWebKit/537.36 (KHTML, like Gecko) Chrome/109.0.0.0 Safari/537.36"
203.130.9.82 - - [15/May/2024:03:53:59 +0000] "GET /erp/fee_management/fee_posting/fee_posting_form/add/153495 HTTP/1.1" 200 18309 "http://149.28.137.234:8888/erp/fee_management/fee_posting/fee_posting_form/list" "Mozilla/5.0 (Windows NT 10.0; Win64; x64) AppleWebKit/537.36 (KHTML, like Gecko) Chrome/124.0.0.0 Safari/537.36"
203.130.9.82 - - [15/May/2024:03:54:00 +0000] "POST /erp/fee_management/fee_posting/fee_posting_form/list HTTP/1.1" 200 15345 "http://149.28.137.234:8888/erp/fee_management/fee_posting/fee_posting_form" "Mozilla/5.0 (Windows NT 10.0; Win64; x64) AppleWebKit/537.36 (KHTML, like Gecko) Chrome/109.0.0.0 Safari/537.36"
203.130.9.82 - - [15/May/2024:03:54:05 +0000] "GET /erp/fee_management/fee_voucher/single_fee_voucher HTTP/1.1" 200 15021 "http://149.28.137.234:8888/erp/student_management/active_student/active_student_list" "Mozilla/5.0 (Windows NT 10.0; Win64; x64) AppleWebKit/537.36 (KHTML, like Gecko) Chrome/124.0.0.0 Safari/537.36"
203.130.9.82 - - [15/May/2024:03:54:06 +0000] "GET /erp/fee_management/fee_posting/fee_posting_form/add/149971 HTTP/1.1" 200 17407 "http://149.28.137.234:8888/erp/fee_management/fee_posting/fee_posting_form/list" "Mozilla/5.0 (Windows NT 10.0; Win64; x64) AppleWebKit/537.36 (KHTML, like Gecko) Chrome/109.0.0.0 Safari/537.36"
203.130.9.82 - - [15/May/2024:03:54:07 +0000] "GET /erp/fee_management/fee_voucher/single_fee_voucher HTTP/1.1" 200 15021 "http://149.28.137.234:8888/erp/student_management/active_student/active_student_list" "Mozilla/5.0 (Windows NT 10.0; Win64; x64) AppleWebKit/537.36 (KHTML, like Gecko) Chrome/124.0.0.0 Safari/537.36"
203.130.9.82 - - [15/May/2024:03:54:12 +0000] "POST /erp/fee_management/fee_posting/fee_posting_form/add/149971/ HTTP/1.1" 303 431 "http://149.28.137.234:8888/erp/fee_management/fee_posting/fee_posting_form/add/149971" "Mozilla/5.0 (Windows NT 10.0; Win64; x64) AppleWebKit/537.36 (KHTML, like Gecko) Chrome/109.0.0.0 Safari/537.36"
203.130.9.82 - - [15/May/2024:03:54:13 +0000] "GET /erp/fee_management/fee_posting/fee_posting_form HTTP/1.1" 200 15111 "http://149.28.137.234:8888/erp/fee_management/fee_posting/fee_posting_form/add/149971" "Mozilla/5.0 (Windows NT 10.0; Win64; x64) AppleWebKit/537.36 (KHTML, like Gecko) Chrome/109.0.0.0 Safari/537.36"
203.130.9.82 - - [15/May/2024:03:54:15 +0000] "POST /erp/fee_management/fee_voucher/single_fee_voucher HTTP/1.1" 200 15605 "http://149.28.137.234:8888/erp/fee_management/fee_voucher/single_fee_voucher" "Mozilla/5.0 (Windows NT 10.0; Win64; x64) AppleWebKit/537.36 (KHTML, like Gecko) Chrome/124.0.0.0 Safari/537.36"
203.130.9.82 - - [15/May/2024:03:54:20 +0000] "GET /erp/fee_management/fee_posting/set_posting_date HTTP/1.1" 200 15188 "http://149.28.137.234:8888/erp/fee_management/fee_posting/fee_posting_form" "Mozilla/5.0 (Windows NT 10.0; Win64; x64) AppleWebKit/537.36 (KHTML, like Gecko) Chrome/109.0.0.0 Safari/537.36"
203.130.9.82 - - [15/May/2024:03:54:29 +0000] "GET /erp/fee_management/fee_voucher/active_voucher_list HTTP/1.1" 200 16213 "http://149.28.137.234:8888/erp/fee_management/fee_posting/set_posting_date" "Mozilla/5.0 (Windows NT 10.0; Win64; x64) AppleWebKit/537.36 (KHTML, like Gecko) Chrome/109.0.0.0 Safari/537.36"
203.130.9.82 - - [15/May/2024:03:54:30 +0000] "GET /erp/assets/web_new/css/dataTables.bootstrap5.min.css HTTP/1.1" 200 2538 "http://149.28.137.234:8888/erp/fee_management/fee_voucher/active_voucher_list" "Mozilla/5.0 (Windows NT 10.0; Win64; x64) AppleWebKit/537.36 (KHTML, like Gecko) Chrome/109.0.0.0 Safari/537.36"
203.130.9.82 - - [15/May/2024:03:54:30 +0000] "GET /erp/assets/web_new/css/custom_datatable_css.css HTTP/1.1" 200 657 "http://149.28.137.234:8888/erp/fee_management/fee_voucher/active_voucher_list" "Mozilla/5.0 (Windows NT 10.0; Win64; x64) AppleWebKit/537.36 (KHTML, like Gecko) Chrome/109.0.0.0 Safari/537.36"
203.130.9.82 - - [15/May/2024:03:54:30 +0000] "GET /erp/assets/web_new/js/jquery-ui.js HTTP/1.1" 200 134518 "http://149.28.137.234:8888/erp/fee_management/fee_voucher/active_voucher_list" "Mozilla/5.0 (Windows NT 10.0; Win64; x64) AppleWebKit/537.36 (KHTML, like Gecko) Chrome/109.0.0.0 Safari/537.36"
203.130.9.82 - - [15/May/2024:03:54:30 +0000] "GET /erp/assets/web_new/js/fee_management/fee_voucher/active_voucher_list.js HTTP/1.1" 200 1267 "http://149.28.137.234:8888/erp/fee_management/fee_voucher/active_voucher_list" "Mozilla/5.0 (Windows NT 10.0; Win64; x64) AppleWebKit/537.36 (KHTML, like Gecko) Chrome/109.0.0.0 Safari/537.36"
203.130.9.82 - - [15/May/2024:03:54:32 +0000] "POST /erp/fee_management/fee_voucher/active_voucher_list/get_list_ajax HTTP/1.1" 200 2886 "http://149.28.137.234:8888/erp/fee_management/fee_voucher/active_voucher_list" "Mozilla/5.0 (Windows NT 10.0; Win64; x64) AppleWebKit/537.36 (KHTML, like Gecko) Chrome/109.0.0.0 Safari/537.36"
203.130.9.82 - - [15/May/2024:03:54:38 +0000] "POST /erp/fee_management/fee_voucher/active_voucher_list/get_list_ajax HTTP/1.1" 200 172582 "http://149.28.137.234:8888/erp/fee_management/fee_voucher/active_voucher_list" "Mozilla/5.0 (Windows NT 10.0; Win64; x64) AppleWebKit/537.36 (KHTML, like Gecko) Chrome/109.0.0.0 Safari/537.36"
203.130.9.82 - - [15/May/2024:03:54:49 +0000] "POST /erp/fee_management/fee_voucher/active_voucher_list/get_list_ajax HTTP/1.1" 200 1563 "http://149.28.137.234:8888/erp/fee_management/fee_voucher/active_voucher_list" "Mozilla/5.0 (Windows NT 10.0; Win64; x64) AppleWebKit/537.36 (KHTML, like Gecko) Chrome/109.0.0.0 Safari/537.36"
203.130.9.82 - - [15/May/2024:03:55:11 +0000] "POST /erp/fee_management/fee_posting/fee_posting_form/list HTTP/1.1" 200 15430 "http://149.28.137.234:8888/erp/fee_management/fee_posting/fee_posting_form" "Mozilla/5.0 (Windows NT 10.0; Win64; x64) AppleWebKit/537.36 (KHTML, like Gecko) Chrome/109.0.0.0 Safari/537.36"
119.155.52.122 - - [15/May/2024:03:55:16 +0000] "GET /erp/fee_management/fee_voucher/single_fee_voucher HTTP/1.1" 200 15297 "http://149.28.137.234:8888/erp/fee_management/fee_voucher/single_fee_voucher" "Mozilla/5.0 (Windows NT 10.0; Win64; x64) AppleWebKit/537.36 (KHTML, like Gecko) Chrome/124.0.0.0 Safari/537.36"
203.130.9.82 - - [15/May/2024:03:55:17 +0000] "GET /erp/fee_management/fee_posting/fee_posting_form/add/147815 HTTP/1.1" 200 17411 "http://149.28.137.234:8888/erp/fee_management/fee_posting/fee_posting_form/list" "Mozilla/5.0 (Windows NT 10.0; Win64; x64) AppleWebKit/537.36 (KHTML, like Gecko) Chrome/109.0.0.0 Safari/537.36"
119.155.52.122 - - [15/May/2024:03:55:22 +0000] "POST /erp/fee_management/fee_voucher/single_fee_voucher HTTP/1.1" 200 15740 "http://149.28.137.234:8888/erp/fee_management/fee_voucher/single_fee_voucher" "Mozilla/5.0 (Windows NT 10.0; Win64; x64) AppleWebKit/537.36 (KHTML, like Gecko) Chrome/124.0.0.0 Safari/537.36"
119.155.52.122 - - [15/May/2024:03:55:31 +0000] "POST /erp/fee_management/fee_voucher/single_fee_voucher/get_charged_fees_ajax HTTP/1.1" 200 1052 "http://149.28.137.234:8888/erp/fee_management/fee_voucher/single_fee_voucher" "Mozilla/5.0 (Windows NT 10.0; Win64; x64) AppleWebKit/537.36 (KHTML, like Gecko) Chrome/124.0.0.0 Safari/537.36"
119.155.52.122 - - [15/May/2024:03:55:32 +0000] "POST /erp/fee_management/fee_voucher/single_fee_voucher/get_active_voucher_by_charge_id HTTP/1.1" 200 1578 "http://149.28.137.234:8888/erp/fee_management/fee_voucher/single_fee_voucher" "Mozilla/5.0 (Windows NT 10.0; Win64; x64) AppleWebKit/537.36 (KHTML, like Gecko) Chrome/124.0.0.0 Safari/537.36"
39.48.140.160 - - [15/May/2024:03:55:33 +0000] "GET /erp/fee_management/fee_correction/posting_date_change_single HTTP/1.1" 200 15618 "http://149.28.137.234:8888/erp/fee_management/fee_info/student_ledger_html/list?student_cid=11954" "Mozilla/5.0 (Windows NT 10.0; Win64; x64) AppleWebKit/537.36 (KHTML, like Gecko) Chrome/109.0.0.0 Safari/537.36"
119.155.52.122 - - [15/May/2024:03:55:33 +0000] "POST /erp/fee_management/fee_voucher/single_fee_voucher/inactive_voucher_by_voucher_id_ajax HTTP/1.1" 200 434 "http://149.28.137.234:8888/erp/fee_management/fee_voucher/single_fee_voucher" "Mozilla/5.0 (Windows NT 10.0; Win64; x64) AppleWebKit/537.36 (KHTML, like Gecko) Chrome/124.0.0.0 Safari/537.36"
119.155.52.122 - - [15/May/2024:03:55:33 +0000] "POST /erp/fee_management/fee_voucher/single_fee_voucher/add HTTP/1.1" 500 320 "http://149.28.137.234:8888/erp/fee_management/fee_voucher/single_fee_voucher" "Mozilla/5.0 (Windows NT 10.0; Win64; x64) AppleWebKit/537.36 (KHTML, like Gecko) Chrome/124.0.0.0 Safari/537.36"
203.130.9.82 - - [15/May/2024:03:55:34 +0000] "POST /erp/fee_management/fee_posting/fee_posting_form/add/147815/ HTTP/1.1" 303 431 "http://149.28.137.234:8888/erp/fee_management/fee_posting/fee_posting_form/add/147815" "Mozilla/5.0 (Windows NT 10.0; Win64; x64) AppleWebKit/537.36 (KHTML, like Gecko) Chrome/109.0.0.0 Safari/537.36"
203.130.9.82 - - [15/May/2024:03:55:35 +0000] "GET /erp/fee_management/fee_posting/fee_posting_form HTTP/1.1" 200 15111 "http://149.28.137.234:8888/erp/fee_management/fee_posting/fee_posting_form/add/147815" "Mozilla/5.0 (Windows NT 10.0; Win64; x64) AppleWebKit/537.36 (KHTML, like Gecko) Chrome/109.0.0.0 Safari/537.36"
119.155.52.122 - - [15/May/2024:03:55:39 +0000] "GET /erp/logout HTTP/1.1" 307 516 "http://149.28.137.234:8888/erp/fee_management/fee_voucher/single_fee_voucher" "Mozilla/5.0 (Windows NT 10.0; Win64; x64) AppleWebKit/537.36 (KHTML, like Gecko) Chrome/124.0.0.0 Safari/537.36"
119.155.52.122 - - [15/May/2024:03:55:39 +0000] "GET /erp/login HTTP/1.1" 200 3469 "http://149.28.137.234:8888/erp/fee_management/fee_voucher/single_fee_voucher" "Mozilla/5.0 (Windows NT 10.0; Win64; x64) AppleWebKit/537.36 (KHTML, like Gecko) Chrome/124.0.0.0 Safari/537.36"
203.130.9.82 - - [15/May/2024:03:55:43 +0000] "POST /erp/fee_management/fee_voucher/active_voucher_list/get_list_ajax HTTP/1.1" 200 1568 "http://149.28.137.234:8888/erp/fee_management/fee_voucher/active_voucher_list" "Mozilla/5.0 (Windows NT 10.0; Win64; x64) AppleWebKit/537.36 (KHTML, like Gecko) Chrome/109.0.0.0 Safari/537.36"
119.155.52.122 - - [15/May/2024:03:55:49 +0000] "POST /erp/login HTTP/1.1" 303 584 "http://149.28.137.234:8888/erp/login" "Mozilla/5.0 (Windows NT 10.0; Win64; x64) AppleWebKit/537.36 (KHTML, like Gecko) Chrome/124.0.0.0 Safari/537.36"
119.155.52.122 - - [15/May/2024:03:55:49 +0000] "GET /erp/dashboard HTTP/1.1" 200 15363 "http://149.28.137.234:8888/erp/login" "Mozilla/5.0 (Windows NT 10.0; Win64; x64) AppleWebKit/537.36 (KHTML, like Gecko) Chrome/124.0.0.0 Safari/537.36"
203.130.9.82 - - [15/May/2024:03:55:52 +0000] "POST /erp/fee_management/fee_posting/fee_posting_form/list HTTP/1.1" 200 15341 "http://149.28.137.234:8888/erp/fee_management/fee_posting/fee_posting_form" "Mozilla/5.0 (Windows NT 10.0; Win64; x64) AppleWebKit/537.36 (KHTML, like Gecko) Chrome/109.0.0.0 Safari/537.36"
39.48.140.160 - - [15/May/2024:03:55:52 +0000] "POST /erp/fee_management/fee_correction/posting_date_change_single/list HTTP/1.1" 200 15868 "http://149.28.137.234:8888/erp/fee_management/fee_correction/posting_date_change_single" "Mozilla/5.0 (Windows NT 10.0; Win64; x64) AppleWebKit/537.36 (KHTML, like Gecko) Chrome/109.0.0.0 Safari/537.36"
203.130.9.82 - - [15/May/2024:03:55:58 +0000] "GET /erp/fee_management/fee_posting/fee_posting_form/add/148091 HTTP/1.1" 200 17403 "http://149.28.137.234:8888/erp/fee_management/fee_posting/fee_posting_form/list" "Mozilla/5.0 (Windows NT 10.0; Win64; x64) AppleWebKit/537.36 (KHTML, like Gecko) Chrome/109.0.0.0 Safari/537.36"
39.48.140.160 - - [15/May/2024:03:55:58 +0000] "GET /erp/fee_management/fee_correction/posting_date_change_single/preview/145951 HTTP/1.1" 200 16117 "http://149.28.137.234:8888/erp/fee_management/fee_correction/posting_date_change_single/list" "Mozilla/5.0 (Windows NT 10.0; Win64; x64) AppleWebKit/537.36 (KHTML, like Gecko) Chrome/109.0.0.0 Safari/537.36"
39.48.140.160 - - [15/May/2024:03:55:58 +0000] "GET /erp/assets/web_new/css/jquery.timepicker.min.css HTTP/1.1" 200 808 "http://149.28.137.234:8888/erp/fee_management/fee_correction/posting_date_change_single/preview/145951" "Mozilla/5.0 (Windows NT 10.0; Win64; x64) AppleWebKit/537.36 (KHTML, like Gecko) Chrome/109.0.0.0 Safari/537.36"
39.48.140.160 - - [15/May/2024:03:55:59 +0000] "GET /erp/assets/web_new/css/daterangepicker.css HTTP/1.1" 200 1943 "http://149.28.137.234:8888/erp/fee_management/fee_correction/posting_date_change_single/preview/145951" "Mozilla/5.0 (Windows NT 10.0; Win64; x64) AppleWebKit/537.36 (KHTML, like Gecko) Chrome/109.0.0.0 Safari/537.36"
39.48.140.160 - - [15/May/2024:03:55:59 +0000] "GET /erp/assets/web_new/js/daterangepicker.min.js HTTP/1.1" 200 7922 "http://149.28.137.234:8888/erp/fee_management/fee_correction/posting_date_change_single/preview/145951" "Mozilla/5.0 (Windows NT 10.0; Win64; x64) AppleWebKit/537.36 (KHTML, like Gecko) Chrome/109.0.0.0 Safari/537.36"
39.48.140.160 - - [15/May/2024:03:55:59 +0000] "GET /erp/assets/web_new/js/jquery.timepicker.min.js HTTP/1.1" 200 4358 "http://149.28.137.234:8888/erp/fee_management/fee_correction/posting_date_change_single/preview/145951" "Mozilla/5.0 (Windows NT 10.0; Win64; x64) AppleWebKit/537.36 (KHTML, like Gecko) Chrome/109.0.0.0 Safari/537.36"
203.130.9.82 - - [15/May/2024:03:56:05 +0000] "POST /erp/fee_management/fee_posting/fee_posting_form/add/148091/ HTTP/1.1" 303 431 "http://149.28.137.234:8888/erp/fee_management/fee_posting/fee_posting_form/add/148091" "Mozilla/5.0 (Windows NT 10.0; Win64; x64) AppleWebKit/537.36 (KHTML, like Gecko) Chrome/109.0.0.0 Safari/537.36"
203.130.9.82 - - [15/May/2024:03:56:06 +0000] "GET /erp/fee_management/fee_posting/fee_posting_form HTTP/1.1" 200 15111 "http://149.28.137.234:8888/erp/fee_management/fee_posting/fee_posting_form/add/148091" "Mozilla/5.0 (Windows NT 10.0; Win64; x64) AppleWebKit/537.36 (KHTML, like Gecko) Chrome/109.0.0.0 Safari/537.36"
203.130.9.82 - - [15/May/2024:03:56:12 +0000] "GET /erp/front_desk/admission_enquiry_n_registration/add_enquiry HTTP/1.1" 307 462 "http://149.28.137.234:8888/erp/student_management/active_student/active_student_list" "Mozilla/5.0 (Windows NT 10.0; Win64; x64) AppleWebKit/537.36 (KHTML, like Gecko) Chrome/124.0.0.0 Safari/537.36"
203.130.9.82 - - [15/May/2024:03:56:13 +0000] "GET /erp/front_desk/admission_enquiry_n_registration/admission_enquiry/add HTTP/1.1" 200 16331 "http://149.28.137.234:8888/erp/student_management/active_student/active_student_list" "Mozilla/5.0 (Windows NT 10.0; Win64; x64) AppleWebKit/537.36 (KHTML, like Gecko) Chrome/124.0.0.0 Safari/537.36"
203.130.9.82 - - [15/May/2024:03:56:14 +0000] "POST /erp/fee_management/fee_voucher/active_voucher_list/get_list_ajax HTTP/1.1" 200 1571 "http://149.28.137.234:8888/erp/fee_management/fee_voucher/active_voucher_list" "Mozilla/5.0 (Windows NT 10.0; Win64; x64) AppleWebKit/537.36 (KHTML, like Gecko) Chrome/109.0.0.0 Safari/537.36"
39.48.140.160 - - [15/May/2024:03:56:20 +0000] "POST /erp/fee_management/fee_correction/posting_date_change_single/add HTTP/1.1" 303 444 "http://149.28.137.234:8888/erp/fee_management/fee_correction/posting_date_change_single/preview/145951" "Mozilla/5.0 (Windows NT 10.0; Win64; x64) AppleWebKit/537.36 (KHTML, like Gecko) Chrome/109.0.0.0 Safari/537.36"
39.48.140.160 - - [15/May/2024:03:56:20 +0000] "GET /erp/fee_management/fee_correction/posting_date_change_single HTTP/1.1" 200 15576 "http://149.28.137.234:8888/erp/fee_management/fee_correction/posting_date_change_single/preview/145951" "Mozilla/5.0 (Windows NT 10.0; Win64; x64) AppleWebKit/537.36 (KHTML, like Gecko) Chrome/109.0.0.0 Safari/537.36"
203.130.9.82 - - [15/May/2024:03:56:26 +0000] "POST /erp/fee_management/fee_posting/fee_posting_form/list HTTP/1.1" 200 15340 "http://149.28.137.234:8888/erp/fee_management/fee_posting/fee_posting_form" "Mozilla/5.0 (Windows NT 10.0; Win64; x64) AppleWebKit/537.36 (KHTML, like Gecko) Chrome/109.0.0.0 Safari/537.36"
94.156.71.223 - - [15/May/2024:03:56:30 +0000] "CONNECT 45.61.137.126:7227 HTTP/1.1" 405 505 "-" "Python/3.9 python-socks/2.0.3"
203.130.9.82 - - [15/May/2024:03:56:31 +0000] "GET /erp/fee_management/fee_posting/fee_posting_form/add/148092 HTTP/1.1" 200 17414 "http://149.28.137.234:8888/erp/fee_management/fee_posting/fee_posting_form/list" "Mozilla/5.0 (Windows NT 10.0; Win64; x64) AppleWebKit/537.36 (KHTML, like Gecko) Chrome/109.0.0.0 Safari/537.36"
203.130.9.82 - - [15/May/2024:03:56:37 +0000] "POST /erp/fee_management/fee_posting/fee_posting_form/add/148092/ HTTP/1.1" 303 431 "http://149.28.137.234:8888/erp/fee_management/fee_posting/fee_posting_form/add/148092" "Mozilla/5.0 (Windows NT 10.0; Win64; x64) AppleWebKit/537.36 (KHTML, like Gecko) Chrome/109.0.0.0 Safari/537.36"
203.130.9.82 - - [15/May/2024:03:56:38 +0000] "GET /erp/fee_management/fee_posting/fee_posting_form HTTP/1.1" 200 15111 "http://149.28.137.234:8888/erp/fee_management/fee_posting/fee_posting_form/add/148092" "Mozilla/5.0 (Windows NT 10.0; Win64; x64) AppleWebKit/537.36 (KHTML, like Gecko) Chrome/109.0.0.0 Safari/537.36"
203.130.9.82 - - [15/May/2024:03:56:46 +0000] "POST /erp/fee_management/fee_posting/fee_posting_form/list HTTP/1.1" 303 442 "http://149.28.137.234:8888/erp/fee_management/fee_posting/fee_posting_form" "Mozilla/5.0 (Windows NT 10.0; Win64; x64) AppleWebKit/537.36 (KHTML, like Gecko) Chrome/109.0.0.0 Safari/537.36"
203.130.9.82 - - [15/May/2024:03:56:46 +0000] "GET /erp/fee_management/fee_posting/fee_posting_form/add/154989 HTTP/1.1" 200 17411 "http://149.28.137.234:8888/erp/fee_management/fee_posting/fee_posting_form" "Mozilla/5.0 (Windows NT 10.0; Win64; x64) AppleWebKit/537.36 (KHTML, like Gecko) Chrome/109.0.0.0 Safari/537.36"
203.130.9.82 - - [15/May/2024:03:57:04 +0000] "POST /erp/fee_management/fee_voucher/active_voucher_list/get_list_ajax HTTP/1.1" 200 1567 "http://149.28.137.234:8888/erp/fee_management/fee_voucher/active_voucher_list" "Mozilla/5.0 (Windows NT 10.0; Win64; x64) AppleWebKit/537.36 (KHTML, like Gecko) Chrome/109.0.0.0 Safari/537.36"
203.130.9.82 - - [15/May/2024:03:57:28 +0000] "POST /erp/fee_management/fee_posting/fee_posting_form/add/154989/ HTTP/1.1" 303 431 "http://149.28.137.234:8888/erp/fee_management/fee_posting/fee_posting_form/add/154989" "Mozilla/5.0 (Windows NT 10.0; Win64; x64) AppleWebKit/537.36 (KHTML, like Gecko) Chrome/109.0.0.0 Safari/537.36"
203.130.9.82 - - [15/May/2024:03:57:29 +0000] "GET /erp/fee_management/fee_posting/fee_posting_form HTTP/1.1" 200 15111 "http://149.28.137.234:8888/erp/fee_management/fee_posting/fee_posting_form/add/154989" "Mozilla/5.0 (Windows NT 10.0; Win64; x64) AppleWebKit/537.36 (KHTML, like Gecko) Chrome/109.0.0.0 Safari/537.36"
203.130.9.82 - - [15/May/2024:03:57:35 +0000] "POST /erp/fee_management/fee_posting/fee_posting_form/list HTTP/1.1" 303 442 "http://149.28.137.234:8888/erp/fee_management/fee_posting/fee_posting_form" "Mozilla/5.0 (Windows NT 10.0; Win64; x64) AppleWebKit/537.36 (KHTML, like Gecko) Chrome/109.0.0.0 Safari/537.36"
203.130.9.82 - - [15/May/2024:03:57:36 +0000] "GET /erp/fee_management/fee_posting/fee_posting_form/add/155535 HTTP/1.1" 200 17411 "http://149.28.137.234:8888/erp/fee_management/fee_posting/fee_posting_form" "Mozilla/5.0 (Windows NT 10.0; Win64; x64) AppleWebKit/537.36 (KHTML, like Gecko) Chrome/109.0.0.0 Safari/537.36"
203.130.9.82 - - [15/May/2024:03:57:46 +0000] "POST /erp/fee_management/fee_voucher/active_voucher_list/get_list_ajax HTTP/1.1" 200 1572 "http://149.28.137.234:8888/erp/fee_management/fee_voucher/active_voucher_list" "Mozilla/5.0 (Windows NT 10.0; Win64; x64) AppleWebKit/537.36 (KHTML, like Gecko) Chrome/109.0.0.0 Safari/537.36"
203.130.9.82 - - [15/May/2024:03:57:51 +0000] "POST /erp/fee_management/fee_posting/fee_posting_form/add/155535/ HTTP/1.1" 303 430 "http://149.28.137.234:8888/erp/fee_management/fee_posting/fee_posting_form/add/155535" "Mozilla/5.0 (Windows NT 10.0; Win64; x64) AppleWebKit/537.36 (KHTML, like Gecko) Chrome/109.0.0.0 Safari/537.36"
203.130.9.82 - - [15/May/2024:03:57:51 +0000] "GET /erp/fee_management/fee_posting/fee_posting_form HTTP/1.1" 200 15111 "http://149.28.137.234:8888/erp/fee_management/fee_posting/fee_posting_form/add/155535" "Mozilla/5.0 (Windows NT 10.0; Win64; x64) AppleWebKit/537.36 (KHTML, like Gecko) Chrome/109.0.0.0 Safari/537.36"
203.130.9.82 - - [15/May/2024:03:57:59 +0000] "POST /erp/fee_management/fee_voucher/active_voucher_list/get_list_ajax HTTP/1.1" 200 1561 "http://149.28.137.234:8888/erp/fee_management/fee_voucher/active_voucher_list" "Mozilla/5.0 (Windows NT 10.0; Win64; x64) AppleWebKit/537.36 (KHTML, like Gecko) Chrome/109.0.0.0 Safari/537.36"
203.130.9.82 - - [15/May/2024:03:58:01 +0000] "POST /erp/front_desk/admission_enquiry_n_registration/admission_enquiry/add HTTP/1.1" 303 449 "http://149.28.137.234:8888/erp/front_desk/admission_enquiry_n_registration/admission_enquiry/add" "Mozilla/5.0 (Windows NT 10.0; Win64; x64) AppleWebKit/537.36 (KHTML, like Gecko) Chrome/124.0.0.0 Safari/537.36"
203.130.9.82 - - [15/May/2024:03:58:02 +0000] "POST /erp/fee_management/fee_posting/fee_posting_form/list HTTP/1.1" 303 441 "http://149.28.137.234:8888/erp/fee_management/fee_posting/fee_posting_form" "Mozilla/5.0 (Windows NT 10.0; Win64; x64) AppleWebKit/537.36 (KHTML, like Gecko) Chrome/109.0.0.0 Safari/537.36"
203.130.9.82 - - [15/May/2024:03:58:03 +0000] "GET /erp/front_desk/admission_enquiry_n_registration/admission_enquiry HTTP/1.1" 200 16414 "http://149.28.137.234:8888/erp/front_desk/admission_enquiry_n_registration/admission_enquiry/add" "Mozilla/5.0 (Windows NT 10.0; Win64; x64) AppleWebKit/537.36 (KHTML, like Gecko) Chrome/124.0.0.0 Safari/537.36"
203.130.9.82 - - [15/May/2024:03:58:03 +0000] "GET /erp/fee_management/fee_posting/fee_posting_form/add/155536 HTTP/1.1" 200 17410 "http://149.28.137.234:8888/erp/fee_management/fee_posting/fee_posting_form" "Mozilla/5.0 (Windows NT 10.0; Win64; x64) AppleWebKit/537.36 (KHTML, like Gecko) Chrome/109.0.0.0 Safari/537.36"
203.130.9.82 - - [15/May/2024:03:58:06 +0000] "POST /erp/front_desk/admission_enquiry_n_registration/admission_enquiry/get_list_ajax HTTP/1.1" 200 1111 "http://149.28.137.234:8888/erp/front_desk/admission_enquiry_n_registration/admission_enquiry" "Mozilla/5.0 (Windows NT 10.0; Win64; x64) AppleWebKit/537.36 (KHTML, like Gecko) Chrome/124.0.0.0 Safari/537.36"
203.130.9.82 - - [15/May/2024:03:58:07 +0000] "GET /erp/assets/web_new/images/sort_both.png HTTP/1.1" 404 1368 "http://149.28.137.234:8888/erp/assets/web_new/css/jquery.dataTables.min.css" "Mozilla/5.0 (Windows NT 10.0; Win64; x64) AppleWebKit/537.36 (KHTML, like Gecko) Chrome/124.0.0.0 Safari/537.36"
203.130.9.82 - - [15/May/2024:03:58:07 +0000] "GET /erp/assets/web_new/images/sort_asc.png HTTP/1.1" 404 1367 "http://149.28.137.234:8888/erp/assets/web_new/css/jquery.dataTables.min.css" "Mozilla/5.0 (Windows NT 10.0; Win64; x64) AppleWebKit/537.36 (KHTML, like Gecko) Chrome/124.0.0.0 Safari/537.36"
203.130.9.82 - - [15/May/2024:03:58:11 +0000] "POST /erp/fee_management/fee_posting/fee_posting_form/add/155536/ HTTP/1.1" 303 431 "http://149.28.137.234:8888/erp/fee_management/fee_posting/fee_posting_form/add/155536" "Mozilla/5.0 (Windows NT 10.0; Win64; x64) AppleWebKit/537.36 (KHTML, like Gecko) Chrome/109.0.0.0 Safari/537.36"
203.130.9.82 - - [15/May/2024:03:58:18 +0000] "GET /erp/front_desk/admission_enquiry_n_registration/admission_enquiry/registration/9228 HTTP/1.1" 307 463 "http://149.28.137.234:8888/erp/front_desk/admission_enquiry_n_registration/admission_enquiry" "Mozilla/5.0 (Windows NT 10.0; Win64; x64) AppleWebKit/537.36 (KHTML, like Gecko) Chrome/124.0.0.0 Safari/537.36"
203.130.9.82 - - [15/May/2024:03:58:19 +0000] "GET /erp/front_desk/admission_enquiry_n_registration/admission_registration HTTP/1.1" 200 16161 "http://149.28.137.234:8888/erp/front_desk/admission_enquiry_n_registration/admission_enquiry" "Mozilla/5.0 (Windows NT 10.0; Win64; x64) AppleWebKit/537.36 (KHTML, like Gecko) Chrome/124.0.0.0 Safari/537.36"
203.130.9.82 - - [15/May/2024:03:58:22 +0000] "POST /erp/front_desk/admission_enquiry_n_registration/admission_registration/get_list_ajax HTTP/1.1" 200 1136 "http://149.28.137.234:8888/erp/front_desk/admission_enquiry_n_registration/admission_registration" "Mozilla/5.0 (Windows NT 10.0; Win64; x64) AppleWebKit/537.36 (KHTML, like Gecko) Chrome/124.0.0.0 Safari/537.36"
203.130.9.82 - - [15/May/2024:03:58:32 +0000] "GET /erp/front_desk/admission_enquiry_n_registration/admission_registration/edit/9370 HTTP/1.1" 200 16680 "http://149.28.137.234:8888/erp/front_desk/admission_enquiry_n_registration/admission_registration" "Mozilla/5.0 (Windows NT 10.0; Win64; x64) AppleWebKit/537.36 (KHTML, like Gecko) Chrome/124.0.0.0 Safari/537.36"
203.130.9.82 - - [15/May/2024:03:59:02 +0000] "GET /erp/fee_management/fee_posting/fee_posting_form HTTP/1.1" 200 15112 "http://149.28.137.234:8888/erp/fee_management/fee_posting/fee_posting_form/add/155536" "Mozilla/5.0 (Windows NT 10.0; Win64; x64) AppleWebKit/537.36 (KHTML, like Gecko) Chrome/109.0.0.0 Safari/537.36"
203.130.9.82 - - [15/May/2024:03:59:04 +0000] "POST /erp/front_desk/admission_enquiry_n_registration/admission_registration/edit/9370 HTTP/1.1" 200 68803 "http://149.28.137.234:8888/erp/front_desk/admission_enquiry_n_registration/admission_registration/edit/9370" "Mozilla/5.0 (Windows NT 10.0; Win64; x64) AppleWebKit/537.36 (KHTML, like Gecko) Chrome/124.0.0.0 Safari/537.36"
203.130.9.82 - - [15/May/2024:03:59:05 +0000] "GET /favicon.ico HTTP/1.1" 404 495 "http://149.28.137.234:8888/erp/front_desk/admission_enquiry_n_registration/admission_registration/edit/9370" "Mozilla/5.0 (Windows NT 10.0; Win64; x64) AppleWebKit/537.36 (KHTML, like Gecko) Chrome/124.0.0.0 Safari/537.36"
203.130.9.82 - - [15/May/2024:03:59:16 +0000] "GET /erp/front_desk/admission_enquiry_n_registration/admission_registration HTTP/1.1" 200 16162 "http://149.28.137.234:8888/erp/front_desk/admission_enquiry_n_registration/admission_enquiry" "Mozilla/5.0 (Windows NT 10.0; Win64; x64) AppleWebKit/537.36 (KHTML, like Gecko) Chrome/124.0.0.0 Safari/537.36"
203.130.9.82 - - [15/May/2024:03:59:17 +0000] "POST /erp/front_desk/admission_enquiry_n_registration/admission_registration/get_list_ajax HTTP/1.1" 200 1166 "http://149.28.137.234:8888/erp/front_desk/admission_enquiry_n_registration/admission_registration" "Mozilla/5.0 (Windows NT 10.0; Win64; x64) AppleWebKit/537.36 (KHTML, like Gecko) Chrome/124.0.0.0 Safari/537.36"
203.130.9.82 - - [15/May/2024:03:59:24 +0000] "GET /erp/front_desk/admission_enquiry_n_registration/admission_registration/edit/9371 HTTP/1.1" 200 16681 "http://149.28.137.234:8888/erp/front_desk/admission_enquiry_n_registration/admission_registration" "Mozilla/5.0 (Windows NT 10.0; Win64; x64) AppleWebKit/537.36 (KHTML, like Gecko) Chrome/124.0.0.0 Safari/537.36"
39.48.140.160 - - [15/May/2024:03:59:36 +0000] "GET /erp/fee_management/fee_posting/fee_posting_bank_file HTTP/1.1" 200 15556 "http://149.28.137.234:8888/erp/fee_report/fee_reports/fee_bank_file" "Mozilla/5.0 (Windows NT 10.0; Win64; x64) AppleWebKit/537.36 (KHTML, like Gecko) Chrome/109.0.0.0 Safari/537.36"
203.130.9.82 - - [15/May/2024:03:59:38 +0000] "POST /erp/student_management/active_student/active_student_list/get_data HTTP/1.1" 200 600 "http://149.28.137.234:8888/erp/fee_management/fee_posting/fee_posting_form" "Mozilla/5.0 (Windows NT 10.0; Win64; x64) AppleWebKit/537.36 (KHTML, like Gecko) Chrome/109.0.0.0 Safari/537.36"
203.130.9.82 - - [15/May/2024:03:59:41 +0000] "GET /erp/fee_management/fee_info/student_ledger_html/list?student_cid=18677 HTTP/1.1" 200 15726 "http://149.28.137.234:8888/erp/fee_management/fee_posting/fee_posting_form" "Mozilla/5.0 (Windows NT 10.0; Win64; x64) AppleWebKit/537.36 (KHTML, like Gecko) Chrome/109.0.0.0 Safari/537.36"
