203.130.9.82 - - [15/May/2024:03:21:06 +0000] "GET /erp/assets/web_new/js/chart.js HTTP/1.1" 200 74918 "http://149.28.137.234:8888/erp/dashboard" "Mozilla/5.0 (Windows NT 10.0; Win64; x64) AppleWebKit/537.36 (KHTML, like Gecko) Chrome/124.0.0.0 Safari/537.36"
203.130.9.82 - - [15/May/2024:03:21:06 +0000] "GET /erp/assets/web_new/css/select2.min.css HTTP/1.1" 200 2496 "http://149.28.137.234:8888/erp/dashboard" "Mozilla/5.0 (Windows NT 10.0; Win64; x64) AppleWebKit/537.36 (KHTML, like Gecko) Chrome/124.0.0.0 Safari/537.36"
203.130.9.82 - - [15/May/2024:03:21:06 +0000] "GET /erp/assets/web_new/js/select2.min.js HTTP/1.1" 200 20371 "http://149.28.137.234:8888/erp/dashboard" "Mozilla/5.0 (Windows NT 10.0; Win64; x64) AppleWebKit/537.36 (KHTML, like Gecko) Chrome/124.0.0.0 Safari/537.36"
119.155.52.122 - - [15/May/2024:03:21:29 +0000] "GET /erp/fee_management/fee_voucher/bulk_fee_voucher HTTP/1.1" 307 499 "-" "Mozilla/5.0 (Windows NT 10.0; Win64; x64) AppleWebKit/537.36 (KHTML, like Gecko) Chrome/124.0.0.0 Safari/537.36"
119.155.52.122 - - [15/May/2024:03:21:29 +0000] "GET /erp/login HTTP/1.1" 200 3372 "-" "Mozilla/5.0 (Windows NT 10.0; Win64; x64) AppleWebKit/537.36 (KHTML, like Gecko) Chrome/124.0.0.0 Safari/537.36"
119.155.52.122 - - [15/May/2024:03:21:30 +0000] "GET /erp/assets/web_new/js/custom.js?v=0.1 HTTP/1.1" 200 19867 "http://149.28.137.234:8888/erp/login" "Mozilla/5.0 (Windows NT 10.0; Win64; x64) AppleWebKit/537.36 (KHTML, like Gecko) Chrome/124.0.0.0 Safari/537.36"
119.155.52.122 - - [15/May/2024:03:21:30 +0000] "GET /erp/assets/web_new/js/custom.js?v=1.4 HTTP/1.1" 200 19868 "http://149.28.137.234:8888/erp/login" "Mozilla/5.0 (Windows NT 10.0; Win64; x64) AppleWebKit/537.36 (KHTML, like Gecko) Chrome/124.0.0.0 Safari/537.36"
119.155.52.122 - - [15/May/2024:03:21:33 +0000] "POST /erp/login HTTP/1.1" 303 583 "http://149.28.137.234:8888/erp/login" "Mozilla/5.0 (Windows NT 10.0; Win64; x64) AppleWebKit/537.36 (KHTML, like Gecko) Chrome/124.0.0.0 Safari/537.36"
119.155.52.122 - - [15/May/2024:03:21:33 +0000] "GET /erp/dashboard HTTP/1.1" 200 15363 "http://149.28.137.234:8888/erp/login" "Mozilla/5.0 (Windows NT 10.0; Win64; x64) AppleWebKit/537.36 (KHTML, like Gecko) Chrome/124.0.0.0 Safari/537.36"
119.155.52.122 - - [15/May/2024:03:21:34 +0000] "GET /erp/assets/web_new/js/chart.js HTTP/1.1" 200 74917 "http://149.28.137.234:8888/erp/dashboard" "Mozilla/5.0 (Windows NT 10.0; Win64; x64) AppleWebKit/537.36 (KHTML, like Gecko) Chrome/124.0.0.0 Safari/537.36"
119.155.52.122 - - [15/May/2024:03:21:34 +0000] "GET /erp/assets/web_new/css/select2.min.css HTTP/1.1" 200 2495 "http://149.28.137.234:8888/erp/dashboard" "Mozilla/5.0 (Windows NT 10.0; Win64; x64) AppleWebKit/537.36 (KHTML, like Gecko) Chrome/124.0.0.0 Safari/537.36"
119.155.52.122 - - [15/May/2024:03:21:34 +0000] "GET /erp/assets/web_new/js/select2.min.js HTTP/1.1" 200 20371 "http://149.28.137.234:8888/erp/dashboard" "Mozilla/5.0 (Windows NT 10.0; Win64; x64) AppleWebKit/537.36 (KHTML, like Gecko) Chrome/124.0.0.0 Safari/537.36"
119.155.52.122 - - [15/May/2024:03:21:42 +0000] "POST /erp/student_management/active_student/active_student_list/get_data HTTP/1.1" 200 603 "http://149.28.137.234:8888/erp/dashboard" "Mozilla/5.0 (Windows NT 10.0; Win64; x64) AppleWebKit/537.36 (KHTML, like Gecko) Chrome/124.0.0.0 Safari/537.36"
119.155.52.122 - - [15/May/2024:03:21:44 +0000] "GET /erp/fee_management/fee_info/student_ledger_html/list?student_cid=17365 HTTP/1.1" 200 15627 "http://149.28.137.234:8888/erp/dashboard" "Mozilla/5.0 (Windows NT 10.0; Win64; x64) AppleWebKit/537.36 (KHTML, like Gecko) Chrome/124.0.0.0 Safari/537.36"
203.130.9.82 - - [15/May/2024:03:21:51 +0000] "GET /erp/student_management/active_student/active_student_list HTTP/1.1" 200 15937 "http://149.28.137.234:8888/erp/dashboard" "Mozilla/5.0 (Windows NT 10.0; Win64; x64) AppleWebKit/537.36 (KHTML, like Gecko) Chrome/124.0.0.0 Safari/537.36"
203.130.9.82 - - [15/May/2024:03:21:52 +0000] "GET /erp/assets/web_new/css/dataTables.bootstrap5.min.css HTTP/1.1" 200 2538 "http://149.28.137.234:8888/erp/student_management/active_student/active_student_list" "Mozilla/5.0 (Windows NT 10.0; Win64; x64) AppleWebKit/537.36 (KHTML, like Gecko) Chrome/124.0.0.0 Safari/537.36"
119.155.52.122 - - [15/May/2024:03:21:54 +0000] "GET /erp/fee_management/fee_voucher/single_fee_voucher HTTP/1.1" 200 15028 "http://149.28.137.234:8888/erp/fee_management/fee_info/student_ledger_html/list?student_cid=17365" "Mozilla/5.0 (Windows NT 10.0; Win64; x64) AppleWebKit/537.36 (KHTML, like Gecko) Chrome/124.0.0.0 Safari/537.36"
203.130.9.82 - - [15/May/2024:03:21:54 +0000] "POST /erp/student_management/active_student/active_student_list/get_list_ajax HTTP/1.1" 200 1135 "http://149.28.137.234:8888/erp/student_management/active_student/active_student_list" "Mozilla/5.0 (Windows NT 10.0; Win64; x64) AppleWebKit/537.36 (KHTML, like Gecko) Chrome/124.0.0.0 Safari/537.36"
119.155.52.122 - - [15/May/2024:03:22:04 +0000] "POST /erp/fee_management/fee_voucher/single_fee_voucher HTTP/1.1" 200 15089 "http://149.28.137.234:8888/erp/fee_management/fee_voucher/single_fee_voucher" "Mozilla/5.0 (Windows NT 10.0; Win64; x64) AppleWebKit/537.36 (KHTML, like Gecko) Chrome/124.0.0.0 Safari/537.36"
203.130.9.82 - - [15/May/2024:03:22:21 +0000] "GET /erp/fee_management/fee_posting/set_posting_date HTTP/1.1" 200 15181 "http://149.28.137.234:8888/erp/student_management/active_student/active_student_list" "Mozilla/5.0 (Windows NT 10.0; Win64; x64) AppleWebKit/537.36 (KHTML, like Gecko) Chrome/124.0.0.0 Safari/537.36"
203.130.9.82 - - [15/May/2024:03:22:25 +0000] "GET /erp/assets/web_new/css/jquery.timepicker.min.css HTTP/1.1" 200 808 "http://149.28.137.234:8888/erp/fee_management/fee_posting/set_posting_date" "Mozilla/5.0 (Windows NT 10.0; Win64; x64) AppleWebKit/537.36 (KHTML, like Gecko) Chrome/124.0.0.0 Safari/537.36"
203.130.9.82 - - [15/May/2024:03:22:25 +0000] "GET /erp/assets/web_new/css/daterangepicker.css HTTP/1.1" 200 1944 "http://149.28.137.234:8888/erp/fee_management/fee_posting/set_posting_date" "Mozilla/5.0 (Windows NT 10.0; Win64; x64) AppleWebKit/537.36 (KHTML, like Gecko) Chrome/124.0.0.0 Safari/537.36"
203.130.9.82 - - [15/May/2024:03:22:25 +0000] "GET /erp/assets/web_new/js/daterangepicker.min.js HTTP/1.1" 200 7922 "http://149.28.137.234:8888/erp/fee_management/fee_posting/set_posting_date" "Mozilla/5.0 (Windows NT 10.0; Win64; x64) AppleWebKit/537.36 (KHTML, like Gecko) Chrome/124.0.0.0 Safari/537.36"
203.130.9.82 - - [15/May/2024:03:22:25 +0000] "GET /erp/assets/web_new/js/jquery.timepicker.min.js HTTP/1.1" 200 4358 "http://149.28.137.234:8888/erp/fee_management/fee_posting/set_posting_date" "Mozilla/5.0 (Windows NT 10.0; Win64; x64) AppleWebKit/537.36 (KHTML, like Gecko) Chrome/124.0.0.0 Safari/537.36"
119.155.52.122 - - [15/May/2024:03:22:26 +0000] "POST /erp/fee_management/fee_voucher/single_fee_voucher HTTP/1.1" 200 15678 "http://149.28.137.234:8888/erp/fee_management/fee_voucher/single_fee_voucher" "Mozilla/5.0 (Windows NT 10.0; Win64; x64) AppleWebKit/537.36 (KHTML, like Gecko) Chrome/124.0.0.0 Safari/537.36"
119.155.52.122 - - [15/May/2024:03:22:27 +0000] "GET /erp/assets/web_new/css/jquery.timepicker.min.css HTTP/1.1" 200 808 "http://149.28.137.234:8888/erp/fee_management/fee_voucher/single_fee_voucher" "Mozilla/5.0 (Windows NT 10.0; Win64; x64) AppleWebKit/537.36 (KHTML, like Gecko) Chrome/124.0.0.0 Safari/537.36"
119.155.52.122 - - [15/May/2024:03:22:27 +0000] "GET /erp/assets/web_new/css/daterangepicker.css HTTP/1.1" 200 1944 "http://149.28.137.234:8888/erp/fee_management/fee_voucher/single_fee_voucher" "Mozilla/5.0 (Windows NT 10.0; Win64; x64) AppleWebKit/537.36 (KHTML, like Gecko) Chrome/124.0.0.0 Safari/537.36"
119.155.52.122 - - [15/May/2024:03:22:27 +0000] "GET /erp/assets/web_new/js/daterangepicker.min.js HTTP/1.1" 200 7922 "http://149.28.137.234:8888/erp/fee_management/fee_voucher/single_fee_voucher" "Mozilla/5.0 (Windows NT 10.0; Win64; x64) AppleWebKit/537.36 (KHTML, like Gecko) Chrome/124.0.0.0 Safari/537.36"
119.155.52.122 - - [15/May/2024:03:22:28 +0000] "GET /erp/assets/web_new/js/jquery.timepicker.min.js HTTP/1.1" 200 4358 "http://149.28.137.234:8888/erp/fee_management/fee_voucher/single_fee_voucher" "Mozilla/5.0 (Windows NT 10.0; Win64; x64) AppleWebKit/537.36 (KHTML, like Gecko) Chrome/124.0.0.0 Safari/537.36"
127.0.0.1 - - [15/May/2024:03:22:31 +0000] "OPTIONS * HTTP/1.0" 200 126 "-" "Apache/2.4.56 (Debian) PHP/8.1.0 (internal dummy connection)"
203.130.9.82 - - [15/May/2024:03:22:31 +0000] "GET /erp/fee_management/fee_voucher/single_fee_voucher HTTP/1.1" 200 15021 "http://149.28.137.234:8888/erp/student_management/active_student/active_student_list" "Mozilla/5.0 (Windows NT 10.0; Win64; x64) AppleWebKit/537.36 (KHTML, like Gecko) Chrome/124.0.0.0 Safari/537.36"
127.0.0.1 - - [15/May/2024:03:22:33 +0000] "OPTIONS * HTTP/1.0" 200 126 "-" "Apache/2.4.56 (Debian) PHP/8.1.0 (internal dummy connection)"
203.130.9.82 - - [15/May/2024:03:22:38 +0000] "GET /erp/fee_management/fee_posting/fee_posting_current HTTP/1.1" 200 15052 "http://149.28.137.234:8888/erp/student_management/active_student/active_student_list" "Mozilla/5.0 (Windows NT 10.0; Win64; x64) AppleWebKit/537.36 (KHTML, like Gecko) Chrome/124.0.0.0 Safari/537.36"
119.155.52.122 - - [15/May/2024:03:22:40 +0000] "POST /erp/fee_management/fee_voucher/single_fee_voucher/get_charged_fees_ajax HTTP/1.1" 200 1300 "http://149.28.137.234:8888/erp/fee_management/fee_voucher/single_fee_voucher" "Mozilla/5.0 (Windows NT 10.0; Win64; x64) AppleWebKit/537.36 (KHTML, like Gecko) Chrome/124.0.0.0 Safari/537.36"
119.155.52.122 - - [15/May/2024:03:22:41 +0000] "POST /erp/fee_management/fee_voucher/single_fee_voucher/get_active_voucher_by_charge_id HTTP/1.1" 200 1808 "http://149.28.137.234:8888/erp/fee_management/fee_voucher/single_fee_voucher" "Mozilla/5.0 (Windows NT 10.0; Win64; x64) AppleWebKit/537.36 (KHTML, like Gecko) Chrome/124.0.0.0 Safari/537.36"
119.155.52.122 - - [15/May/2024:03:22:43 +0000] "POST /erp/fee_management/fee_voucher/single_fee_voucher/inactive_voucher_by_voucher_id_ajax HTTP/1.1" 200 435 "http://149.28.137.234:8888/erp/fee_management/fee_voucher/single_fee_voucher" "Mozilla/5.0 (Windows NT 10.0; Win64; x64) AppleWebKit/537.36 (KHTML, like Gecko) Chrome/124.0.0.0 Safari/537.36"
119.155.52.122 - - [15/May/2024:03:22:43 +0000] "POST /erp/fee_management/fee_voucher/single_fee_voucher/add HTTP/1.1" 500 320 "http://149.28.137.234:8888/erp/fee_management/fee_voucher/single_fee_voucher" "Mozilla/5.0 (Windows NT 10.0; Win64; x64) AppleWebKit/537.36 (KHTML, like Gecko) Chrome/124.0.0.0 Safari/537.36"
127.0.0.1 - - [15/May/2024:03:22:44 +0000] "OPTIONS * HTTP/1.0" 200 126 "-" "Apache/2.4.56 (Debian) PHP/8.1.0 (internal dummy connection)"
119.155.52.122 - - [15/May/2024:03:23:01 +0000] "GET /erp/fee_management/fee_voucher/bulk_fee_voucher HTTP/1.1" 307 437 "-" "Mozilla/5.0 (Windows NT 10.0; Win64; x64) AppleWebKit/537.36 (KHTML, like Gecko) Chrome/124.0.0.0 Safari/537.36"
119.155.52.122 - - [15/May/2024:03:23:01 +0000] "GET /erp/fee_management/fee_voucher/voucher_dates HTTP/1.1" 200 15449 "-" "Mozilla/5.0 (Windows NT 10.0; Win64; x64) AppleWebKit/537.36 (KHTML, like Gecko) Chrome/124.0.0.0 Safari/537.36"
119.155.52.122 - - [15/May/2024:03:23:13 +0000] "GET /erp/fee_management/fee_voucher/single_fee_voucher HTTP/1.1" 200 15028 "http://149.28.137.234:8888/erp/fee_management/fee_voucher/voucher_dates" "Mozilla/5.0 (Windows NT 10.0; Win64; x64) AppleWebKit/537.36 (KHTML, like Gecko) Chrome/124.0.0.0 Safari/537.36"
119.155.52.122 - - [15/May/2024:03:23:22 +0000] "POST /erp/fee_management/fee_voucher/single_fee_voucher HTTP/1.1" 200 15618 "http://149.28.137.234:8888/erp/fee_management/fee_voucher/single_fee_voucher" "Mozilla/5.0 (Windows NT 10.0; Win64; x64) AppleWebKit/537.36 (KHTML, like Gecko) Chrome/124.0.0.0 Safari/537.36"
203.130.9.82 - - [15/May/2024:03:23:29 +0000] "POST /erp/student_management/active_student/active_student_list/get_data HTTP/1.1" 200 613 "http://149.28.137.234:8888/erp/fee_management/fee_posting/set_posting_date" "Mozilla/5.0 (Windows NT 10.0; Win64; x64) AppleWebKit/537.36 (KHTML, like Gecko) Chrome/124.0.0.0 Safari/537.36"
203.130.9.82 - - [15/May/2024:03:23:36 +0000] "GET /erp/fee_management/fee_info/student_ledger_html/list?student_cid=15309 HTTP/1.1" 200 15900 "http://149.28.137.234:8888/erp/fee_management/fee_posting/set_posting_date" "Mozilla/5.0 (Windows NT 10.0; Win64; x64) AppleWebKit/537.36 (KHTML, like Gecko) Chrome/124.0.0.0 Safari/537.36"
119.155.52.122 - - [15/May/2024:03:23:43 +0000] "POST /erp/fee_management/fee_voucher/single_fee_voucher/get_charged_fees_ajax HTTP/1.1" 200 1300 "http://149.28.137.234:8888/erp/fee_management/fee_voucher/single_fee_voucher" "Mozilla/5.0 (Windows NT 10.0; Win64; x64) AppleWebKit/537.36 (KHTML, like Gecko) Chrome/124.0.0.0 Safari/537.36"
119.155.52.122 - - [15/May/2024:03:23:44 +0000] "POST /erp/fee_management/fee_voucher/single_fee_voucher/get_active_voucher_by_charge_id HTTP/1.1" 200 1780 "http://149.28.137.234:8888/erp/fee_management/fee_voucher/single_fee_voucher" "Mozilla/5.0 (Windows NT 10.0; Win64; x64) AppleWebKit/537.36 (KHTML, like Gecko) Chrome/124.0.0.0 Safari/537.36"
119.155.52.122 - - [15/May/2024:03:23:45 +0000] "POST /erp/fee_management/fee_voucher/single_fee_voucher/inactive_voucher_by_voucher_id_ajax HTTP/1.1" 200 434 "http://149.28.137.234:8888/erp/fee_management/fee_voucher/single_fee_voucher" "Mozilla/5.0 (Windows NT 10.0; Win64; x64) AppleWebKit/537.36 (KHTML, like Gecko) Chrome/124.0.0.0 Safari/537.36"
119.155.52.122 - - [15/May/2024:03:23:45 +0000] "POST /erp/fee_management/fee_voucher/single_fee_voucher/add HTTP/1.1" 500 320 "http://149.28.137.234:8888/erp/fee_management/fee_voucher/single_fee_voucher" "Mozilla/5.0 (Windows NT 10.0; Win64; x64) AppleWebKit/537.36 (KHTML, like Gecko) Chrome/124.0.0.0 Safari/537.36"
203.130.9.82 - - [15/May/2024:03:24:03 +0000] "POST /erp/fee_management/fee_posting/set_posting_date/add HTTP/1.1" 303 431 "http://149.28.137.234:8888/erp/fee_management/fee_posting/set_posting_date" "Mozilla/5.0 (Windows NT 10.0; Win64; x64) AppleWebKit/537.36 (KHTML, like Gecko) Chrome/124.0.0.0 Safari/537.36"
203.130.9.82 - - [15/May/2024:03:24:03 +0000] "GET /erp/fee_management/fee_posting/set_posting_date HTTP/1.1" 200 15235 "http://149.28.137.234:8888/erp/fee_management/fee_posting/set_posting_date" "Mozilla/5.0 (Windows NT 10.0; Win64; x64) AppleWebKit/537.36 (KHTML, like Gecko) Chrome/124.0.0.0 Safari/537.36"
203.130.9.82 - - [15/May/2024:03:24:12 +0000] "GET /erp/fee_management/fee_posting/fee_posting_form HTTP/1.1" 200 15049 "http://149.28.137.234:8888/erp/fee_management/fee_posting/set_posting_date" "Mozilla/5.0 (Windows NT 10.0; Win64; x64) AppleWebKit/537.36 (KHTML, like Gecko) Chrome/124.0.0.0 Safari/537.36"
203.130.9.82 - - [15/May/2024:03:24:31 +0000] "POST /erp/fee_management/fee_posting/fee_posting_form/list HTTP/1.1" 200 15333 "http://149.28.137.234:8888/erp/fee_management/fee_posting/fee_posting_form" "Mozilla/5.0 (Windows NT 10.0; Win64; x64) AppleWebKit/537.36 (KHTML, like Gecko) Chrome/124.0.0.0 Safari/537.36"
119.155.52.122 - - [15/May/2024:03:24:36 +0000] "-" 408 0 "-" "-"
203.130.9.82 - - [15/May/2024:03:24:43 +0000] "GET /erp/fee_management/fee_posting/fee_posting_form/add/153690 HTTP/1.1" 200 18214 "http://149.28.137.234:8888/erp/fee_management/fee_posting/fee_posting_form/list" "Mozilla/5.0 (Windows NT 10.0; Win64; x64) AppleWebKit/537.36 (KHTML, like Gecko) Chrome/124.0.0.0 Safari/537.36"
203.130.9.82 - - [15/May/2024:03:25:00 +0000] "GET /erp/fee_management/fee_posting/fee_posting_form/add/153690 HTTP/1.1" 200 18214 "http://149.28.137.234:8888/erp/fee_management/fee_posting/fee_posting_form/list" "Mozilla/5.0 (Windows NT 10.0; Win64; x64) AppleWebKit/537.36 (KHTML, like Gecko) Chrome/124.0.0.0 Safari/537.36"
203.130.9.82 - - [15/May/2024:03:25:11 +0000] "POST /erp/fee_management/fee_posting/fee_posting_form/add/153690/ HTTP/1.1" 303 431 "http://149.28.137.234:8888/erp/fee_management/fee_posting/fee_posting_form/add/153690" "Mozilla/5.0 (Windows NT 10.0; Win64; x64) AppleWebKit/537.36 (KHTML, like Gecko) Chrome/124.0.0.0 Safari/537.36"
203.130.9.82 - - [15/May/2024:03:25:12 +0000] "GET /erp/fee_management/fee_posting/fee_posting_form HTTP/1.1" 200 15104 "http://149.28.137.234:8888/erp/fee_management/fee_posting/fee_posting_form/add/153690" "Mozilla/5.0 (Windows NT 10.0; Win64; x64) AppleWebKit/537.36 (KHTML, like Gecko) Chrome/124.0.0.0 Safari/537.36"
198.235.24.27 - - [15/May/2024:03:25:15 +0000] "\x16\x03\x01" 400 488 "-" "-"
198.235.24.27 - - [15/May/2024:03:25:15 +0000] "\x16\x03\x01" 400 488 "-" "-"
203.130.9.82 - - [15/May/2024:03:25:32 +0000] "POST /erp/fee_management/fee_posting/fee_posting_form/list HTTP/1.1" 200 15332 "http://149.28.137.234:8888/erp/fee_management/fee_posting/fee_posting_form" "Mozilla/5.0 (Windows NT 10.0; Win64; x64) AppleWebKit/537.36 (KHTML, like Gecko) Chrome/124.0.0.0 Safari/537.36"
203.130.9.82 - - [15/May/2024:03:25:35 +0000] "GET /erp/fee_management/fee_posting/set_posting_date HTTP/1.1" 200 15285 "http://149.28.137.234:8888/erp/dashboard" "Mozilla/5.0 (Windows NT 10.0; Win64; x64) AppleWebKit/537.36 (KHTML, like Gecko) Chrome/109.0.0.0 Safari/537.36"
203.130.9.82 - - [15/May/2024:03:25:36 +0000] "GET /erp/assets/web_new/css/jquery.timepicker.min.css HTTP/1.1" 200 807 "http://149.28.137.234:8888/erp/fee_management/fee_posting/set_posting_date" "Mozilla/5.0 (Windows NT 10.0; Win64; x64) AppleWebKit/537.36 (KHTML, like Gecko) Chrome/109.0.0.0 Safari/537.36"
203.130.9.82 - - [15/May/2024:03:25:36 +0000] "GET /erp/assets/web_new/css/daterangepicker.css HTTP/1.1" 200 1944 "http://149.28.137.234:8888/erp/fee_management/fee_posting/set_posting_date" "Mozilla/5.0 (Windows NT 10.0; Win64; x64) AppleWebKit/537.36 (KHTML, like Gecko) Chrome/109.0.0.0 Safari/537.36"
203.130.9.82 - - [15/May/2024:03:25:36 +0000] "GET /erp/assets/web_new/js/daterangepicker.min.js HTTP/1.1" 200 7922 "http://149.28.137.234:8888/erp/fee_management/fee_posting/set_posting_date" "Mozilla/5.0 (Windows NT 10.0; Win64; x64) AppleWebKit/537.36 (KHTML, like Gecko) Chrome/109.0.0.0 Safari/537.36"
203.130.9.82 - - [15/May/2024:03:25:37 +0000] "GET /erp/assets/web_new/js/jquery.timepicker.min.js HTTP/1.1" 200 4359 "http://149.28.137.234:8888/erp/fee_management/fee_posting/set_posting_date" "Mozilla/5.0 (Windows NT 10.0; Win64; x64) AppleWebKit/537.36 (KHTML, like Gecko) Chrome/109.0.0.0 Safari/537.36"
203.130.9.82 - - [15/May/2024:03:25:38 +0000] "POST /erp/fee_management/fee_correction/edit_fee/edit_by_cid HTTP/1.1" 303 537 "http://149.28.137.234:8888/erp/fee_management/fee_correction/edit_fee" "Mozilla/5.0 (Windows NT 10.0; Win64; x64) AppleWebKit/537.36 (KHTML, like Gecko) Chrome/125.0.0.0 Safari/537.36"
203.130.9.82 - - [15/May/2024:03:25:38 +0000] "GET /erp/fee_management/fee_correction/edit_fee/preview/12575 HTTP/1.1" 307 434 "http://149.28.137.234:8888/erp/fee_management/fee_correction/edit_fee" "Mozilla/5.0 (Windows NT 10.0; Win64; x64) AppleWebKit/537.36 (KHTML, like Gecko) Chrome/125.0.0.0 Safari/537.36"
203.130.9.82 - - [15/May/2024:03:25:39 +0000] "GET /erp/fee_management/fee_correction/edit_fee HTTP/1.1" 200 15111 "http://149.28.137.234:8888/erp/fee_management/fee_correction/edit_fee" "Mozilla/5.0 (Windows NT 10.0; Win64; x64) AppleWebKit/537.36 (KHTML, like Gecko) Chrome/125.0.0.0 Safari/537.36"
203.130.9.82 - - [15/May/2024:03:25:40 +0000] "GET /erp/fee_management/fee_posting/fee_posting_form/add/153870 HTTP/1.1" 200 17389 "http://149.28.137.234:8888/erp/fee_management/fee_posting/fee_posting_form/list" "Mozilla/5.0 (Windows NT 10.0; Win64; x64) AppleWebKit/537.36 (KHTML, like Gecko) Chrome/124.0.0.0 Safari/537.36"
39.48.140.160 - - [15/May/2024:03:25:47 +0000] "-" 408 0 "-" "-"
39.48.140.160 - - [15/May/2024:03:25:47 +0000] "-" 408 0 "-" "-"
127.0.0.1 - - [15/May/2024:03:25:47 +0000] "OPTIONS * HTTP/1.0" 200 126 "-" "Apache/2.4.56 (Debian) PHP/8.1.0 (internal dummy connection)"
127.0.0.1 - - [15/May/2024:03:25:49 +0000] "OPTIONS * HTTP/1.0" 200 126 "-" "Apache/2.4.56 (Debian) PHP/8.1.0 (internal dummy connection)"
127.0.0.1 - - [15/May/2024:03:25:50 +0000] "OPTIONS * HTTP/1.0" 200 126 "-" "Apache/2.4.56 (Debian) PHP/8.1.0 (internal dummy connection)"
203.130.9.82 - - [15/May/2024:03:25:51 +0000] "POST /erp/fee_management/fee_posting/set_posting_date/add HTTP/1.1" 303 431 "http://149.28.137.234:8888/erp/fee_management/fee_posting/set_posting_date" "Mozilla/5.0 (Windows NT 10.0; Win64; x64) AppleWebKit/537.36 (KHTML, like Gecko) Chrome/109.0.0.0 Safari/537.36"
203.130.9.82 - - [15/May/2024:03:25:51 +0000] "GET /erp/fee_management/fee_posting/set_posting_date HTTP/1.1" 200 15243 "http://149.28.137.234:8888/erp/fee_management/fee_posting/set_posting_date" "Mozilla/5.0 (Windows NT 10.0; Win64; x64) AppleWebKit/537.36 (KHTML, like Gecko) Chrome/109.0.0.0 Safari/537.36"
203.130.9.82 - - [15/May/2024:03:25:59 +0000] "GET /erp/fee_management/fee_posting/fee_posting_form HTTP/1.1" 200 15056 "http://149.28.137.234:8888/erp/fee_management/fee_posting/set_posting_date" "Mozilla/5.0 (Windows NT 10.0; Win64; x64) AppleWebKit/537.36 (KHTML, like Gecko) Chrome/109.0.0.0 Safari/537.36"
203.130.9.82 - - [15/May/2024:03:26:07 +0000] "POST /erp/fee_management/fee_posting/fee_posting_form/list HTTP/1.1" 303 431 "http://149.28.137.234:8888/erp/fee_management/fee_posting/fee_posting_form" "Mozilla/5.0 (Windows NT 10.0; Win64; x64) AppleWebKit/537.36 (KHTML, like Gecko) Chrome/109.0.0.0 Safari/537.36"
203.130.9.82 - - [15/May/2024:03:26:08 +0000] "GET /erp/fee_management/fee_posting/fee_posting_form HTTP/1.1" 200 15122 "http://149.28.137.234:8888/erp/fee_management/fee_posting/fee_posting_form" "Mozilla/5.0 (Windows NT 10.0; Win64; x64) AppleWebKit/537.36 (KHTML, like Gecko) Chrome/109.0.0.0 Safari/537.36"
203.130.9.82 - - [15/May/2024:03:26:16 +0000] "POST /erp/fee_management/fee_posting/fee_posting_form/list HTTP/1.1" 200 15341 "http://149.28.137.234:8888/erp/fee_management/fee_posting/fee_posting_form" "Mozilla/5.0 (Windows NT 10.0; Win64; x64) AppleWebKit/537.36 (KHTML, like Gecko) Chrome/109.0.0.0 Safari/537.36"
203.130.9.82 - - [15/May/2024:03:26:17 +0000] "POST /erp/fee_management/fee_posting/fee_posting_form/add/153870/ HTTP/1.1" 303 528 "http://149.28.137.234:8888/erp/fee_management/fee_posting/fee_posting_form/add/153870" "Mozilla/5.0 (Windows NT 10.0; Win64; x64) AppleWebKit/537.36 (KHTML, like Gecko) Chrome/124.0.0.0 Safari/537.36"
203.130.9.82 - - [15/May/2024:03:26:18 +0000] "GET /erp/fee_management/fee_posting/fee_posting_form HTTP/1.1" 200 15104 "http://149.28.137.234:8888/erp/fee_management/fee_posting/fee_posting_form/add/153870" "Mozilla/5.0 (Windows NT 10.0; Win64; x64) AppleWebKit/537.36 (KHTML, like Gecko) Chrome/124.0.0.0 Safari/537.36"
203.130.9.82 - - [15/May/2024:03:26:29 +0000] "-" 408 0 "-" "-"
203.130.9.82 - - [15/May/2024:03:26:29 +0000] "-" 408 0 "-" "-"
203.130.9.82 - - [15/May/2024:03:26:30 +0000] "GET /erp/fee_management/fee_posting/fee_posting_form/add/148291 HTTP/1.1" 200 18333 "http://149.28.137.234:8888/erp/fee_management/fee_posting/fee_posting_form/list" "Mozilla/5.0 (Windows NT 10.0; Win64; x64) AppleWebKit/537.36 (KHTML, like Gecko) Chrome/109.0.0.0 Safari/537.36"
203.130.9.82 - - [15/May/2024:03:26:36 +0000] "POST /erp/fee_management/fee_posting/fee_posting_form/list HTTP/1.1" 303 442 "http://149.28.137.234:8888/erp/fee_management/fee_posting/fee_posting_form" "Mozilla/5.0 (Windows NT 10.0; Win64; x64) AppleWebKit/537.36 (KHTML, like Gecko) Chrome/124.0.0.0 Safari/537.36"
203.130.9.82 - - [15/May/2024:03:26:37 +0000] "GET /erp/fee_management/fee_posting/fee_posting_form/add/153904 HTTP/1.1" 200 17386 "http://149.28.137.234:8888/erp/fee_management/fee_posting/fee_posting_form" "Mozilla/5.0 (Windows NT 10.0; Win64; x64) AppleWebKit/537.36 (KHTML, like Gecko) Chrome/124.0.0.0 Safari/537.36"
203.130.9.82 - - [15/May/2024:03:26:38 +0000] "POST /erp/fee_management/fee_posting/fee_posting_form/roll_back/148291 HTTP/1.1" 200 17838 "http://149.28.137.234:8888/erp/fee_management/fee_posting/fee_posting_form/add/148291" "Mozilla/5.0 (Windows NT 10.0; Win64; x64) AppleWebKit/537.36 (KHTML, like Gecko) Chrome/109.0.0.0 Safari/537.36"
203.130.9.82 - - [15/May/2024:03:26:49 +0000] "GET /erp/fee_management/fee_correction/delete_bulk_fee HTTP/1.1" 200 15831 "http://149.28.137.234:8888/erp/fee_management/fee_correction/edit_fee" "Mozilla/5.0 (Windows NT 10.0; Win64; x64) AppleWebKit/537.36 (KHTML, like Gecko) Chrome/125.0.0.0 Safari/537.36"
203.130.9.82 - - [15/May/2024:03:26:50 +0000] "GET /erp/assets/web_new/js/fee_management/fee_correction/delete_bulk_fee.js HTTP/1.1" 200 1158 "http://149.28.137.234:8888/erp/fee_management/fee_correction/delete_bulk_fee" "Mozilla/5.0 (Windows NT 10.0; Win64; x64) AppleWebKit/537.36 (KHTML, like Gecko) Chrome/125.0.0.0 Safari/537.36"
203.130.9.82 - - [15/May/2024:03:26:55 +0000] "GET /erp/fee_management/fee_correction/delete_single_fee HTTP/1.1" 200 15049 "http://149.28.137.234:8888/erp/fee_management/fee_correction/delete_bulk_fee" "Mozilla/5.0 (Windows NT 10.0; Win64; x64) AppleWebKit/537.36 (KHTML, like Gecko) Chrome/125.0.0.0 Safari/537.36"
203.130.9.82 - - [15/May/2024:03:26:57 +0000] "GET /erp/fee_management/fee_posting/fee_posting_form/add/153904 HTTP/1.1" 200 17387 "http://149.28.137.234:8888/erp/fee_management/fee_posting/fee_posting_form" "Mozilla/5.0 (Windows NT 10.0; Win64; x64) AppleWebKit/537.36 (KHTML, like Gecko) Chrome/124.0.0.0 Safari/537.36"
203.130.9.82 - - [15/May/2024:03:27:03 +0000] "POST /erp/fee_management/fee_correction/delete_single_fee/preview HTTP/1.1" 303 435 "http://149.28.137.234:8888/erp/fee_management/fee_correction/delete_single_fee" "Mozilla/5.0 (Windows NT 10.0; Win64; x64) AppleWebKit/537.36 (KHTML, like Gecko) Chrome/125.0.0.0 Safari/537.36"
203.130.9.82 - - [15/May/2024:03:27:03 +0000] "GET /erp/fee_management/fee_correction/delete_single_fee HTTP/1.1" 200 15107 "http://149.28.137.234:8888/erp/fee_management/fee_correction/delete_single_fee" "Mozilla/5.0 (Windows NT 10.0; Win64; x64) AppleWebKit/537.36 (KHTML, like Gecko) Chrome/125.0.0.0 Safari/537.36"
203.130.9.82 - - [15/May/2024:03:27:11 +0000] "POST /erp/fee_management/fee_posting/fee_posting_form/add/153904/ HTTP/1.1" 303 431 "http://149.28.137.234:8888/erp/fee_management/fee_posting/fee_posting_form/add/153904" "Mozilla/5.0 (Windows NT 10.0; Win64; x64) AppleWebKit/537.36 (KHTML, like Gecko) Chrome/124.0.0.0 Safari/537.36"
203.130.9.82 - - [15/May/2024:03:27:12 +0000] "GET /erp/fee_management/fee_posting/fee_posting_form HTTP/1.1" 200 15104 "http://149.28.137.234:8888/erp/fee_management/fee_posting/fee_posting_form/add/153904" "Mozilla/5.0 (Windows NT 10.0; Win64; x64) AppleWebKit/537.36 (KHTML, like Gecko) Chrome/124.0.0.0 Safari/537.36"
203.130.9.82 - - [15/May/2024:03:27:12 +0000] "POST /erp/fee_management/fee_posting/fee_posting_form/fee_adjustment/148291 HTTP/1.1" 303 444 "http://149.28.137.234:8888/erp/fee_management/fee_posting/fee_posting_form/roll_back/148291" "Mozilla/5.0 (Windows NT 10.0; Win64; x64) AppleWebKit/537.36 (KHTML, like Gecko) Chrome/109.0.0.0 Safari/537.36"
203.130.9.82 - - [15/May/2024:03:27:13 +0000] "GET /erp/fee_management/fee_posting/fee_posting_form/add/148291-1 HTTP/1.1" 200 18170 "http://149.28.137.234:8888/erp/fee_management/fee_posting/fee_posting_form/roll_back/148291" "Mozilla/5.0 (Windows NT 10.0; Win64; x64) AppleWebKit/537.36 (KHTML, like Gecko) Chrome/109.0.0.0 Safari/537.36"
203.130.9.82 - - [15/May/2024:03:27:21 +0000] "POST /erp/fee_management/fee_posting/fee_posting_form/add/148291-1/ HTTP/1.1" 303 431 "http://149.28.137.234:8888/erp/fee_management/fee_posting/fee_posting_form/add/148291-1" "Mozilla/5.0 (Windows NT 10.0; Win64; x64) AppleWebKit/537.36 (KHTML, like Gecko) Chrome/109.0.0.0 Safari/537.36"
203.130.9.82 - - [15/May/2024:03:27:22 +0000] "GET /erp/fee_management/fee_posting/fee_posting_form HTTP/1.1" 200 15111 "http://149.28.137.234:8888/erp/fee_management/fee_posting/fee_posting_form/add/148291-1" "Mozilla/5.0 (Windows NT 10.0; Win64; x64) AppleWebKit/537.36 (KHTML, like Gecko) Chrome/109.0.0.0 Safari/537.36"
203.130.9.82 - - [15/May/2024:03:27:30 +0000] "POST /erp/fee_management/fee_posting/fee_posting_form/list HTTP/1.1" 200 15350 "http://149.28.137.234:8888/erp/fee_management/fee_posting/fee_posting_form" "Mozilla/5.0 (Windows NT 10.0; Win64; x64) AppleWebKit/537.36 (KHTML, like Gecko) Chrome/109.0.0.0 Safari/537.36"
203.130.9.82 - - [15/May/2024:03:27:31 +0000] "POST /erp/fee_management/fee_posting/fee_posting_form/list HTTP/1.1" 303 442 "http://149.28.137.234:8888/erp/fee_management/fee_posting/fee_posting_form" "Mozilla/5.0 (Windows NT 10.0; Win64; x64) AppleWebKit/537.36 (KHTML, like Gecko) Chrome/124.0.0.0 Safari/537.36"
203.130.9.82 - - [15/May/2024:03:27:32 +0000] "GET /erp/fee_management/fee_posting/fee_posting_form/add/156561 HTTP/1.1" 200 17400 "http://149.28.137.234:8888/erp/fee_management/fee_posting/fee_posting_form" "Mozilla/5.0 (Windows NT 10.0; Win64; x64) AppleWebKit/537.36 (KHTML, like Gecko) Chrome/124.0.0.0 Safari/537.36"
119.155.52.122 - - [15/May/2024:03:27:35 +0000] "GET /erp/fee_management/fee_voucher/bulk_fee_voucher HTTP/1.1" 307 534 "-" "Mozilla/5.0 (Windows NT 10.0; Win64; x64) AppleWebKit/537.36 (KHTML, like Gecko) Chrome/124.0.0.0 Safari/537.36"
119.155.52.122 - - [15/May/2024:03:27:35 +0000] "GET /erp/fee_management/fee_voucher/voucher_dates HTTP/1.1" 200 15449 "-" "Mozilla/5.0 (Windows NT 10.0; Win64; x64) AppleWebKit/537.36 (KHTML, like Gecko) Chrome/124.0.0.0 Safari/537.36"
203.130.9.82 - - [15/May/2024:03:27:35 +0000] "GET /erp/fee_management/fee_posting/fee_posting_form/add/148033 HTTP/1.1" 200 18337 "http://149.28.137.234:8888/erp/fee_management/fee_posting/fee_posting_form/list" "Mozilla/5.0 (Windows NT 10.0; Win64; x64) AppleWebKit/537.36 (KHTML, like Gecko) Chrome/109.0.0.0 Safari/537.36"
203.130.9.82 - - [15/May/2024:03:27:43 +0000] "POST /erp/fee_management/fee_posting/fee_posting_form/roll_back/148033 HTTP/1.1" 200 17843 "http://149.28.137.234:8888/erp/fee_management/fee_posting/fee_posting_form/add/148033" "Mozilla/5.0 (Windows NT 10.0; Win64; x64) AppleWebKit/537.36 (KHTML, like Gecko) Chrome/109.0.0.0 Safari/537.36"
119.155.52.122 - - [15/May/2024:03:27:46 +0000] "GET /erp/fee_management/fee_voucher/single_fee_voucher HTTP/1.1" 200 15028 "http://149.28.137.234:8888/erp/fee_management/fee_voucher/voucher_dates" "Mozilla/5.0 (Windows NT 10.0; Win64; x64) AppleWebKit/537.36 (KHTML, like Gecko) Chrome/124.0.0.0 Safari/537.36"
203.130.9.82 - - [15/May/2024:03:27:46 +0000] "GET /erp/fee_management/fee_posting/fee_posting_form/add/156561 HTTP/1.1" 200 17401 "http://149.28.137.234:8888/erp/fee_management/fee_posting/fee_posting_form" "Mozilla/5.0 (Windows NT 10.0; Win64; x64) AppleWebKit/537.36 (KHTML, like Gecko) Chrome/124.0.0.0 Safari/537.36"
39.48.140.160 - - [15/May/2024:03:27:47 +0000] "-" 408 0 "-" "-"
203.130.9.82 - - [15/May/2024:03:27:54 +0000] "-" 408 0 "-" "-"
203.130.9.82 - - [15/May/2024:03:27:59 +0000] "GET /erp/fee_management/fee_posting/fee_posting_form/add/156561 HTTP/1.1" 200 17401 "http://149.28.137.234:8888/erp/fee_management/fee_posting/fee_posting_form" "Mozilla/5.0 (Windows NT 10.0; Win64; x64) AppleWebKit/537.36 (KHTML, like Gecko) Chrome/124.0.0.0 Safari/537.36"
203.130.9.82 - - [15/May/2024:03:28:06 +0000] "GET /erp/fee_management/fee_posting/fee_posting_form/add/156561 HTTP/1.1" 200 17401 "http://149.28.137.234:8888/erp/fee_management/fee_posting/fee_posting_form" "Mozilla/5.0 (Windows NT 10.0; Win64; x64) AppleWebKit/537.36 (KHTML, like Gecko) Chrome/124.0.0.0 Safari/537.36"
203.130.9.82 - - [15/May/2024:03:28:15 +0000] "POST /erp/fee_management/fee_posting/fee_posting_form/add/156561/ HTTP/1.1" 303 431 "http://149.28.137.234:8888/erp/fee_management/fee_posting/fee_posting_form/add/156561" "Mozilla/5.0 (Windows NT 10.0; Win64; x64) AppleWebKit/537.36 (KHTML, like Gecko) Chrome/124.0.0.0 Safari/537.36"
203.130.9.82 - - [15/May/2024:03:28:16 +0000] "GET /erp/fee_management/fee_posting/fee_posting_form HTTP/1.1" 200 15104 "http://149.28.137.234:8888/erp/fee_management/fee_posting/fee_posting_form/add/156561" "Mozilla/5.0 (Windows NT 10.0; Win64; x64) AppleWebKit/537.36 (KHTML, like Gecko) Chrome/124.0.0.0 Safari/537.36"
203.130.9.82 - - [15/May/2024:03:28:20 +0000] "POST /erp/fee_management/fee_posting/fee_posting_form/fee_adjustment/148033 HTTP/1.1" 303 444 "http://149.28.137.234:8888/erp/fee_management/fee_posting/fee_posting_form/roll_back/148033" "Mozilla/5.0 (Windows NT 10.0; Win64; x64) AppleWebKit/537.36 (KHTML, like Gecko) Chrome/109.0.0.0 Safari/537.36"
203.130.9.82 - - [15/May/2024:03:28:21 +0000] "GET /erp/fee_management/fee_posting/fee_posting_form/add/148033-1 HTTP/1.1" 200 18178 "http://149.28.137.234:8888/erp/fee_management/fee_posting/fee_posting_form/roll_back/148033" "Mozilla/5.0 (Windows NT 10.0; Win64; x64) AppleWebKit/537.36 (KHTML, like Gecko) Chrome/109.0.0.0 Safari/537.36"
203.130.9.82 - - [15/May/2024:03:28:34 +0000] "POST /erp/fee_management/fee_posting/fee_posting_form/add/148033-1/ HTTP/1.1" 303 431 "http://149.28.137.234:8888/erp/fee_management/fee_posting/fee_posting_form/add/148033-1" "Mozilla/5.0 (Windows NT 10.0; Win64; x64) AppleWebKit/537.36 (KHTML, like Gecko) Chrome/109.0.0.0 Safari/537.36"
203.130.9.82 - - [15/May/2024:03:28:34 +0000] "GET /erp/fee_management/fee_posting/fee_posting_form HTTP/1.1" 200 15111 "http://149.28.137.234:8888/erp/fee_management/fee_posting/fee_posting_form/add/148033-1" "Mozilla/5.0 (Windows NT 10.0; Win64; x64) AppleWebKit/537.36 (KHTML, like Gecko) Chrome/109.0.0.0 Safari/537.36"
119.155.52.122 - - [15/May/2024:03:28:35 +0000] "GET /erp/fee_management/fee_posting/set_posting_date HTTP/1.1" 200 15187 "http://149.28.137.234:8888/erp/fee_management/fee_voucher/single_fee_voucher" "Mozilla/5.0 (Windows NT 10.0; Win64; x64) AppleWebKit/537.36 (KHTML, like Gecko) Chrome/124.0.0.0 Safari/537.36"
203.130.9.82 - - [15/May/2024:03:28:42 +0000] "GET /erp/fee_management/fee_voucher/single_fee_voucher HTTP/1.1" 200 15029 "http://149.28.137.234:8888/erp/fee_management/fee_posting/fee_posting_form" "Mozilla/5.0 (Windows NT 10.0; Win64; x64) AppleWebKit/537.36 (KHTML, like Gecko) Chrome/109.0.0.0 Safari/537.36"
203.130.9.82 - - [15/May/2024:03:28:47 +0000] "POST /erp/fee_management/fee_posting/fee_posting_form/list HTTP/1.1" 303 442 "http://149.28.137.234:8888/erp/fee_management/fee_posting/fee_posting_form" "Mozilla/5.0 (Windows NT 10.0; Win64; x64) AppleWebKit/537.36 (KHTML, like Gecko) Chrome/124.0.0.0 Safari/537.36"
119.155.52.122 - - [15/May/2024:03:28:48 +0000] "POST /erp/fee_management/fee_posting/set_posting_date/add HTTP/1.1" 303 431 "http://149.28.137.234:8888/erp/fee_management/fee_posting/set_posting_date" "Mozilla/5.0 (Windows NT 10.0; Win64; x64) AppleWebKit/537.36 (KHTML, like Gecko) Chrome/124.0.0.0 Safari/537.36"
119.155.52.122 - - [15/May/2024:03:28:48 +0000] "GET /erp/fee_management/fee_posting/set_posting_date HTTP/1.1" 200 15240 "http://149.28.137.234:8888/erp/fee_management/fee_posting/set_posting_date" "Mozilla/5.0 (Windows NT 10.0; Win64; x64) AppleWebKit/537.36 (KHTML, like Gecko) Chrome/124.0.0.0 Safari/537.36"
203.130.9.82 - - [15/May/2024:03:28:48 +0000] "GET /erp/fee_management/fee_posting/fee_posting_form/add/137423 HTTP/1.1" 307 439 "http://149.28.137.234:8888/erp/fee_management/fee_posting/fee_posting_form" "Mozilla/5.0 (Windows NT 10.0; Win64; x64) AppleWebKit/537.36 (KHTML, like Gecko) Chrome/124.0.0.0 Safari/537.36"
203.130.9.82 - - [15/May/2024:03:28:49 +0000] "GET /erp/fee_management/fee_posting/fee_posting_form HTTP/1.1" 200 15109 "http://149.28.137.234:8888/erp/fee_management/fee_posting/fee_posting_form" "Mozilla/5.0 (Windows NT 10.0; Win64; x64) AppleWebKit/537.36 (KHTML, like Gecko) Chrome/124.0.0.0 Safari/537.36"
203.130.9.82 - - [15/May/2024:03:28:51 +0000] "GET /erp/fee_management/fee_voucher/single_fee_voucher HTTP/1.1" 200 15029 "http://149.28.137.234:8888/erp/fee_management/fee_voucher/single_fee_voucher" "Mozilla/5.0 (Windows NT 10.0; Win64; x64) AppleWebKit/537.36 (KHTML, like Gecko) Chrome/109.0.0.0 Safari/537.36"
203.130.9.82 - - [15/May/2024:03:28:55 +0000] "GET /erp/fee_management/fee_posting/fee_posting_current HTTP/1.1" 200 15058 "http://149.28.137.234:8888/erp/fee_management/fee_posting/fee_posting_form" "Mozilla/5.0 (Windows NT 10.0; Win64; x64) AppleWebKit/537.36 (KHTML, like Gecko) Chrome/109.0.0.0 Safari/537.36"
203.130.9.82 - - [15/May/2024:03:28:57 +0000] "POST /erp/fee_management/fee_posting/fee_posting_form/list HTTP/1.1" 200 15331 "http://149.28.137.234:8888/erp/fee_management/fee_posting/fee_posting_form" "Mozilla/5.0 (Windows NT 10.0; Win64; x64) AppleWebKit/537.36 (KHTML, like Gecko) Chrome/124.0.0.0 Safari/537.36"
203.130.9.82 - - [15/May/2024:03:29:00 +0000] "POST /erp/fee_management/fee_voucher/single_fee_voucher HTTP/1.1" 200 15089 "http://149.28.137.234:8888/erp/fee_management/fee_voucher/single_fee_voucher" "Mozilla/5.0 (Windows NT 10.0; Win64; x64) AppleWebKit/537.36 (KHTML, like Gecko) Chrome/109.0.0.0 Safari/537.36"
119.155.52.122 - - [15/May/2024:03:29:02 +0000] "POST /erp/fee_management/fee_posting/set_posting_date/add HTTP/1.1" 303 431 "http://149.28.137.234:8888/erp/fee_management/fee_posting/set_posting_date" "Mozilla/5.0 (Windows NT 10.0; Win64; x64) AppleWebKit/537.36 (KHTML, like Gecko) Chrome/124.0.0.0 Safari/537.36"
119.155.52.122 - - [15/May/2024:03:29:03 +0000] "GET /erp/fee_management/fee_posting/set_posting_date HTTP/1.1" 200 15241 "http://149.28.137.234:8888/erp/fee_management/fee_posting/set_posting_date" "Mozilla/5.0 (Windows NT 10.0; Win64; x64) AppleWebKit/537.36 (KHTML, like Gecko) Chrome/124.0.0.0 Safari/537.36"
203.130.9.82 - - [15/May/2024:03:29:07 +0000] "GET /erp/fee_management/fee_posting/fee_posting_form HTTP/1.1" 200 15049 "http://149.28.137.234:8888/erp/fee_management/fee_posting/fee_posting_form" "Mozilla/5.0 (Windows NT 10.0; Win64; x64) AppleWebKit/537.36 (KHTML, like Gecko) Chrome/124.0.0.0 Safari/537.36"
203.130.9.82 - - [15/May/2024:03:29:07 +0000] "POST /erp/fee_management/fee_voucher/single_fee_voucher HTTP/1.1" 200 15702 "http://149.28.137.234:8888/erp/fee_management/fee_voucher/single_fee_voucher" "Mozilla/5.0 (Windows NT 10.0; Win64; x64) AppleWebKit/537.36 (KHTML, like Gecko) Chrome/109.0.0.0 Safari/537.36"
119.155.52.122 - - [15/May/2024:03:29:07 +0000] "GET /erp/fee_management/fee_posting/fee_posting_form HTTP/1.1" 200 15055 "http://149.28.137.234:8888/erp/fee_management/fee_posting/set_posting_date" "Mozilla/5.0 (Windows NT 10.0; Win64; x64) AppleWebKit/537.36 (KHTML, like Gecko) Chrome/124.0.0.0 Safari/537.36"
119.155.52.122 - - [15/May/2024:03:29:14 +0000] "POST /erp/fee_management/fee_posting/fee_posting_form/list HTTP/1.1" 200 15333 "http://149.28.137.234:8888/erp/fee_management/fee_posting/fee_posting_form" "Mozilla/5.0 (Windows NT 10.0; Win64; x64) AppleWebKit/537.36 (KHTML, like Gecko) Chrome/124.0.0.0 Safari/537.36"
203.130.9.82 - - [15/May/2024:03:29:18 +0000] "POST /erp/fee_management/fee_voucher/single_fee_voucher/get_charged_fees_ajax HTTP/1.1" 200 1067 "http://149.28.137.234:8888/erp/fee_management/fee_voucher/single_fee_voucher" "Mozilla/5.0 (Windows NT 10.0; Win64; x64) AppleWebKit/537.36 (KHTML, like Gecko) Chrome/109.0.0.0 Safari/537.36"
119.155.52.122 - - [15/May/2024:03:29:19 +0000] "GET /erp/fee_management/fee_posting/fee_posting_form/add/150828 HTTP/1.1" 200 18342 "http://149.28.137.234:8888/erp/fee_management/fee_posting/fee_posting_form/list" "Mozilla/5.0 (Windows NT 10.0; Win64; x64) AppleWebKit/537.36 (KHTML, like Gecko) Chrome/124.0.0.0 Safari/537.36"
203.130.9.82 - - [15/May/2024:03:29:20 +0000] "POST /erp/fee_management/fee_voucher/single_fee_voucher/get_active_voucher_by_charge_id HTTP/1.1" 200 484 "http://149.28.137.234:8888/erp/fee_management/fee_voucher/single_fee_voucher" "Mozilla/5.0 (Windows NT 10.0; Win64; x64) AppleWebKit/537.36 (KHTML, like Gecko) Chrome/109.0.0.0 Safari/537.36"
203.130.9.82 - - [15/May/2024:03:29:23 +0000] "POST /erp/fee_management/fee_voucher/single_fee_voucher/inactive_voucher_by_voucher_id_ajax HTTP/1.1" 200 434 "http://149.28.137.234:8888/erp/fee_management/fee_voucher/single_fee_voucher" "Mozilla/5.0 (Windows NT 10.0; Win64; x64) AppleWebKit/537.36 (KHTML, like Gecko) Chrome/109.0.0.0 Safari/537.36"
203.130.9.82 - - [15/May/2024:03:29:23 +0000] "POST /erp/fee_management/fee_voucher/single_fee_voucher/add HTTP/1.1" 500 320 "http://149.28.137.234:8888/erp/fee_management/fee_voucher/single_fee_voucher" "Mozilla/5.0 (Windows NT 10.0; Win64; x64) AppleWebKit/537.36 (KHTML, like Gecko) Chrome/109.0.0.0 Safari/537.36"
119.155.52.122 - - [15/May/2024:03:29:25 +0000] "POST /erp/fee_management/fee_posting/fee_posting_form/roll_back/150828 HTTP/1.1" 200 17846 "http://149.28.137.234:8888/erp/fee_management/fee_posting/fee_posting_form/add/150828" "Mozilla/5.0 (Windows NT 10.0; Win64; x64) AppleWebKit/537.36 (KHTML, like Gecko) Chrome/124.0.0.0 Safari/537.36"
203.130.9.82 - - [15/May/2024:03:29:27 +0000] "POST /erp/fee_management/fee_voucher/single_fee_voucher/add HTTP/1.1" 500 320 "http://149.28.137.234:8888/erp/fee_management/fee_voucher/single_fee_voucher" "Mozilla/5.0 (Windows NT 10.0; Win64; x64) AppleWebKit/537.36 (KHTML, like Gecko) Chrome/109.0.0.0 Safari/537.36"
203.130.9.82 - - [15/May/2024:03:29:34 +0000] "GET /erp/fee_management/fee_voucher/single_fee_voucher HTTP/1.1" 200 15084 "http://149.28.137.234:8888/erp/fee_management/fee_voucher/single_fee_voucher" "Mozilla/5.0 (Windows NT 10.0; Win64; x64) AppleWebKit/537.36 (KHTML, like Gecko) Chrome/109.0.0.0 Safari/537.36"
203.130.9.82 - - [15/May/2024:03:29:42 +0000] "POST /erp/fee_management/fee_voucher/single_fee_voucher HTTP/1.1" 200 15641 "http://149.28.137.234:8888/erp/fee_management/fee_voucher/single_fee_voucher" "Mozilla/5.0 (Windows NT 10.0; Win64; x64) AppleWebKit/537.36 (KHTML, like Gecko) Chrome/109.0.0.0 Safari/537.36"
119.155.52.122 - - [15/May/2024:03:29:50 +0000] "POST /erp/fee_management/fee_posting/fee_posting_form/fee_adjustment/150828 HTTP/1.1" 303 444 "http://149.28.137.234:8888/erp/fee_management/fee_posting/fee_posting_form/roll_back/150828" "Mozilla/5.0 (Windows NT 10.0; Win64; x64) AppleWebKit/537.36 (KHTML, like Gecko) Chrome/124.0.0.0 Safari/537.36"
119.155.52.122 - - [15/May/2024:03:29:50 +0000] "GET /erp/fee_management/fee_posting/fee_posting_form/add/150828-1 HTTP/1.1" 200 18182 "http://149.28.137.234:8888/erp/fee_management/fee_posting/fee_posting_form/roll_back/150828" "Mozilla/5.0 (Windows NT 10.0; Win64; x64) AppleWebKit/537.36 (KHTML, like Gecko) Chrome/124.0.0.0 Safari/537.36"
203.130.9.82 - - [15/May/2024:03:29:51 +0000] "POST /erp/fee_management/fee_voucher/single_fee_voucher/get_charged_fees_ajax HTTP/1.1" 200 1067 "http://149.28.137.234:8888/erp/fee_management/fee_voucher/single_fee_voucher" "Mozilla/5.0 (Windows NT 10.0; Win64; x64) AppleWebKit/537.36 (KHTML, like Gecko) Chrome/109.0.0.0 Safari/537.36"
203.130.9.82 - - [15/May/2024:03:29:52 +0000] "POST /erp/fee_management/fee_voucher/single_fee_voucher/get_active_voucher_by_charge_id HTTP/1.1" 200 1636 "http://149.28.137.234:8888/erp/fee_management/fee_voucher/single_fee_voucher" "Mozilla/5.0 (Windows NT 10.0; Win64; x64) AppleWebKit/537.36 (KHTML, like Gecko) Chrome/109.0.0.0 Safari/537.36"
203.130.9.82 - - [15/May/2024:03:29:54 +0000] "POST /erp/fee_management/fee_voucher/single_fee_voucher/inactive_voucher_by_voucher_id_ajax HTTP/1.1" 200 434 "http://149.28.137.234:8888/erp/fee_management/fee_voucher/single_fee_voucher" "Mozilla/5.0 (Windows NT 10.0; Win64; x64) AppleWebKit/537.36 (KHTML, like Gecko) Chrome/109.0.0.0 Safari/537.36"
203.130.9.82 - - [15/May/2024:03:29:55 +0000] "POST /erp/fee_management/fee_voucher/single_fee_voucher/add HTTP/1.1" 500 320 "http://149.28.137.234:8888/erp/fee_management/fee_voucher/single_fee_voucher" "Mozilla/5.0 (Windows NT 10.0; Win64; x64) AppleWebKit/537.36 (KHTML, like Gecko) Chrome/109.0.0.0 Safari/537.36"
119.155.52.122 - - [15/May/2024:03:29:55 +0000] "POST /erp/fee_management/fee_posting/fee_posting_form/add/150828-1/ HTTP/1.1" 303 431 "http://149.28.137.234:8888/erp/fee_management/fee_posting/fee_posting_form/add/150828-1" "Mozilla/5.0 (Windows NT 10.0; Win64; x64) AppleWebKit/537.36 (KHTML, like Gecko) Chrome/124.0.0.0 Safari/537.36"
119.155.52.122 - - [15/May/2024:03:29:55 +0000] "GET /erp/fee_management/fee_posting/fee_posting_form HTTP/1.1" 200 15111 "http://149.28.137.234:8888/erp/fee_management/fee_posting/fee_posting_form/add/150828-1" "Mozilla/5.0 (Windows NT 10.0; Win64; x64) AppleWebKit/537.36 (KHTML, like Gecko) Chrome/124.0.0.0 Safari/537.36"
119.155.52.122 - - [15/May/2024:03:30:01 +0000] "POST /erp/fee_management/fee_posting/fee_posting_form/list HTTP/1.1" 200 15338 "http://149.28.137.234:8888/erp/fee_management/fee_posting/fee_posting_form" "Mozilla/5.0 (Windows NT 10.0; Win64; x64) AppleWebKit/537.36 (KHTML, like Gecko) Chrome/124.0.0.0 Safari/537.36"
119.155.52.122 - - [15/May/2024:03:30:05 +0000] "GET /erp/fee_management/fee_posting/fee_posting_form/add/150932 HTTP/1.1" 200 18327 "http://149.28.137.234:8888/erp/fee_management/fee_posting/fee_posting_form/list" "Mozilla/5.0 (Windows NT 10.0; Win64; x64) AppleWebKit/537.36 (KHTML, like Gecko) Chrome/124.0.0.0 Safari/537.36"
203.130.9.82 - - [15/May/2024:03:30:08 +0000] "GET /erp/fee_management/fee_posting/fee_posting_form HTTP/1.1" 200 15049 "http://149.28.137.234:8888/erp/fee_management/fee_posting/fee_posting_form" "Mozilla/5.0 (Windows NT 10.0; Win64; x64) AppleWebKit/537.36 (KHTML, like Gecko) Chrome/124.0.0.0 Safari/537.36"
119.155.52.122 - - [15/May/2024:03:30:12 +0000] "POST /erp/fee_management/fee_posting/fee_posting_form/roll_back/150932 HTTP/1.1" 200 17836 "http://149.28.137.234:8888/erp/fee_management/fee_posting/fee_posting_form/add/150932" "Mozilla/5.0 (Windows NT 10.0; Win64; x64) AppleWebKit/537.36 (KHTML, like Gecko) Chrome/124.0.0.0 Safari/537.36"
203.130.9.82 - - [15/May/2024:03:30:13 +0000] "GET /erp/fee_management/fee_posting/fee_posting_form HTTP/1.1" 200 15049 "http://149.28.137.234:8888/erp/fee_management/fee_posting/fee_posting_form" "Mozilla/5.0 (Windows NT 10.0; Win64; x64) AppleWebKit/537.36 (KHTML, like Gecko) Chrome/124.0.0.0 Safari/537.36"
203.130.9.82 - - [15/May/2024:03:30:13 +0000] "GET /erp/fee_management/fee_posting/fee_posting_form HTTP/1.1" 200 15049 "http://149.28.137.234:8888/erp/fee_management/fee_posting/fee_posting_form" "Mozilla/5.0 (Windows NT 10.0; Win64; x64) AppleWebKit/537.36 (KHTML, like Gecko) Chrome/124.0.0.0 Safari/537.36"
203.130.9.82 - - [15/May/2024:03:30:13 +0000] "GET /erp/fee_management/fee_posting/fee_posting_form HTTP/1.1" 200 15049 "http://149.28.137.234:8888/erp/fee_management/fee_posting/fee_posting_form" "Mozilla/5.0 (Windows NT 10.0; Win64; x64) AppleWebKit/537.36 (KHTML, like Gecko) Chrome/124.0.0.0 Safari/537.36"
203.130.9.82 - - [15/May/2024:03:30:13 +0000] "GET /erp/fee_management/fee_posting/fee_posting_form HTTP/1.1" 200 15049 "http://149.28.137.234:8888/erp/fee_management/fee_posting/fee_posting_form" "Mozilla/5.0 (Windows NT 10.0; Win64; x64) AppleWebKit/537.36 (KHTML, like Gecko) Chrome/124.0.0.0 Safari/537.36"
203.130.9.82 - - [15/May/2024:03:30:16 +0000] "GET /erp/login HTTP/1.1" 307 406 "-" "Mozilla/5.0 (Windows NT 10.0; Win64; x64) AppleWebKit/537.36 (KHTML, like Gecko) Chrome/109.0.0.0 Safari/537.36"
203.130.9.82 - - [15/May/2024:03:30:17 +0000] "GET /erp/dashboard HTTP/1.1" 200 15308 "-" "Mozilla/5.0 (Windows NT 10.0; Win64; x64) AppleWebKit/537.36 (KHTML, like Gecko) Chrome/109.0.0.0 Safari/537.36"
203.130.9.82 - - [15/May/2024:03:30:19 +0000] "GET /erp/fee_management/fee_posting/set_posting_date HTTP/1.1" 200 15181 "http://149.28.137.234:8888/erp/fee_management/fee_posting/fee_posting_form" "Mozilla/5.0 (Windows NT 10.0; Win64; x64) AppleWebKit/537.36 (KHTML, like Gecko) Chrome/124.0.0.0 Safari/537.36"
203.130.9.82 - - [15/May/2024:03:30:26 +0000] "GET /erp/fee_management/fee_voucher/single_fee_voucher HTTP/1.1" 200 15029 "http://149.28.137.234:8888/erp/dashboard" "Mozilla/5.0 (Windows NT 10.0; Win64; x64) AppleWebKit/537.36 (KHTML, like Gecko) Chrome/109.0.0.0 Safari/537.36"
203.130.9.82 - - [15/May/2024:03:30:29 +0000] "GET /erp/fee_management/fee_posting/set_posting_date HTTP/1.1" 200 15181 "http://149.28.137.234:8888/erp/fee_management/fee_posting/set_posting_date" "Mozilla/5.0 (Windows NT 10.0; Win64; x64) AppleWebKit/537.36 (KHTML, like Gecko) Chrome/124.0.0.0 Safari/537.36"
203.130.9.82 - - [15/May/2024:03:30:30 +0000] "GET /erp/fee_management/fee_posting/set_posting_date HTTP/1.1" 200 15181 "http://149.28.137.234:8888/erp/fee_management/fee_posting/set_posting_date" "Mozilla/5.0 (Windows NT 10.0; Win64; x64) AppleWebKit/537.36 (KHTML, like Gecko) Chrome/124.0.0.0 Safari/537.36"
203.130.9.82 - - [15/May/2024:03:30:34 +0000] "POST /erp/fee_management/fee_voucher/single_fee_voucher HTTP/1.1" 200 15641 "http://149.28.137.234:8888/erp/fee_management/fee_voucher/single_fee_voucher" "Mozilla/5.0 (Windows NT 10.0; Win64; x64) AppleWebKit/537.36 (KHTML, like Gecko) Chrome/109.0.0.0 Safari/537.36"
119.155.52.122 - - [15/May/2024:03:30:36 +0000] "POST /erp/fee_management/fee_posting/fee_posting_form/fee_adjustment/150932 HTTP/1.1" 303 444 "http://149.28.137.234:8888/erp/fee_management/fee_posting/fee_posting_form/roll_back/150932" "Mozilla/5.0 (Windows NT 10.0; Win64; x64) AppleWebKit/537.36 (KHTML, like Gecko) Chrome/124.0.0.0 Safari/537.36"
119.155.52.122 - - [15/May/2024:03:30:36 +0000] "GET /erp/fee_management/fee_posting/fee_posting_form/add/150932-1 HTTP/1.1" 200 18172 "http://149.28.137.234:8888/erp/fee_management/fee_posting/fee_posting_form/roll_back/150932" "Mozilla/5.0 (Windows NT 10.0; Win64; x64) AppleWebKit/537.36 (KHTML, like Gecko) Chrome/124.0.0.0 Safari/537.36"
